cli_internal.c:67:20:cli_is_terminator	16	static
cli_internal.c:72:20:cli_is_sub_menu	16	static
cli_internal.c:77:20:cli_is_action	16	static
cli_internal.c:82:16:cli_verify_args_str	40	static
cli_internal.c:134:13:cli_print_element	40	static
cli_internal.c:154:13:cli_print_menu	24	static
cli_internal.c:167:13:cli_print_action	48	static
cli_internal.c:228:13:cli_str_starts_with	40	static
cli_internal.c:244:22:cli_find_element_in_menu	32	static
cli_internal.c:271:16:cli_arg_str_len	24	static
cli_internal.c:304:14:cli_go_to_next_argument	24	static
cli_internal.c:322:13:cli_print_arg	16	static
cli_internal.c:368:13:cli_verify_int	40	static
cli_internal.c:399:13:cli_verify_buffer	32	static
cli_internal.c:436:13:cli_verify_arguments	48	static
cli_internal.c:557:13:cli_execute_action	40	static
cli_internal.c:609:13:cli_find_action	64	static
cli_internal.c:648:13:cli_buff_element_is_hex	24	static
cli_internal.c:658:13:cli_get_int_arg	64	static
cli_internal.c:704:13:cli_get_quotes	40	static
cli_internal.c:740:13:cli_get_curly_braces	64	static
cli_internal.c:779:13:cli_get_buff_arg	64	static
cli_internal.c:836:6:cli_treat_command	16	static
cli_internal.c:857:9:cli_get_int_argument	40	static
cli_internal.c:866:10:cli_get_uint_argument	40	static
cli_internal.c:940:8:cli_get_buffer_argument	40	static
cli_internal.c:949:8:cli_get_buffer_argument_big_endian	48	static
cli_internal.c:967:8:cli_get_string_argument	40	static
cli_internal.c:976:14:cli_insert_char	24	static
cli_internal.c:1013:28:cli_printf	16	static
