Archive member included to satisfy reference by file (symbol)

c:/st/stm32cubeide_1.3.0/stm32cubeide/plugins/com.st.stm32cube.ide.mcu.externaltools.gnu-tools-for-stm32.7-2018-q2-update.win32_1.0.0.201904181610/tools/bin/../lib/gcc/arm-none-eabi/7.3.1/../../../../arm-none-eabi/lib/thumb/v7e-m/fpv4-sp/hard\libc_nano.a(lib_a-assert.o)
                              Core/Src/OS/OS_FS/lfs.o (__assert_func)
c:/st/stm32cubeide_1.3.0/stm32cubeide/plugins/com.st.stm32cube.ide.mcu.externaltools.gnu-tools-for-stm32.7-2018-q2-update.win32_1.0.0.201904181610/tools/bin/../lib/gcc/arm-none-eabi/7.3.1/../../../../arm-none-eabi/lib/thumb/v7e-m/fpv4-sp/hard\libc_nano.a(lib_a-errno.o)
                              Core/Src/syscalls.o (__errno)
c:/st/stm32cubeide_1.3.0/stm32cubeide/plugins/com.st.stm32cube.ide.mcu.externaltools.gnu-tools-for-stm32.7-2018-q2-update.win32_1.0.0.201904181610/tools/bin/../lib/gcc/arm-none-eabi/7.3.1/../../../../arm-none-eabi/lib/thumb/v7e-m/fpv4-sp/hard\libc_nano.a(lib_a-exit.o)
                              c:/st/stm32cubeide_1.3.0/stm32cubeide/plugins/com.st.stm32cube.ide.mcu.externaltools.gnu-tools-for-stm32.7-2018-q2-update.win32_1.0.0.201904181610/tools/bin/../lib/gcc/arm-none-eabi/7.3.1/../../../../arm-none-eabi/lib/thumb/v7e-m/fpv4-sp/hard/crt0.o (exit)
c:/st/stm32cubeide_1.3.0/stm32cubeide/plugins/com.st.stm32cube.ide.mcu.externaltools.gnu-tools-for-stm32.7-2018-q2-update.win32_1.0.0.201904181610/tools/bin/../lib/gcc/arm-none-eabi/7.3.1/../../../../arm-none-eabi/lib/thumb/v7e-m/fpv4-sp/hard\libc_nano.a(lib_a-fprintf.o)
                              c:/st/stm32cubeide_1.3.0/stm32cubeide/plugins/com.st.stm32cube.ide.mcu.externaltools.gnu-tools-for-stm32.7-2018-q2-update.win32_1.0.0.201904181610/tools/bin/../lib/gcc/arm-none-eabi/7.3.1/../../../../arm-none-eabi/lib/thumb/v7e-m/fpv4-sp/hard\libc_nano.a(lib_a-assert.o) (fiprintf)
c:/st/stm32cubeide_1.3.0/stm32cubeide/plugins/com.st.stm32cube.ide.mcu.externaltools.gnu-tools-for-stm32.7-2018-q2-update.win32_1.0.0.201904181610/tools/bin/../lib/gcc/arm-none-eabi/7.3.1/../../../../arm-none-eabi/lib/thumb/v7e-m/fpv4-sp/hard\libc_nano.a(lib_a-impure.o)
                              c:/st/stm32cubeide_1.3.0/stm32cubeide/plugins/com.st.stm32cube.ide.mcu.externaltools.gnu-tools-for-stm32.7-2018-q2-update.win32_1.0.0.201904181610/tools/bin/../lib/gcc/arm-none-eabi/7.3.1/../../../../arm-none-eabi/lib/thumb/v7e-m/fpv4-sp/hard\libc_nano.a(lib_a-exit.o) (_global_impure_ptr)
c:/st/stm32cubeide_1.3.0/stm32cubeide/plugins/com.st.stm32cube.ide.mcu.externaltools.gnu-tools-for-stm32.7-2018-q2-update.win32_1.0.0.201904181610/tools/bin/../lib/gcc/arm-none-eabi/7.3.1/../../../../arm-none-eabi/lib/thumb/v7e-m/fpv4-sp/hard\libc_nano.a(lib_a-init.o)
                              c:/st/stm32cubeide_1.3.0/stm32cubeide/plugins/com.st.stm32cube.ide.mcu.externaltools.gnu-tools-for-stm32.7-2018-q2-update.win32_1.0.0.201904181610/tools/bin/../lib/gcc/arm-none-eabi/7.3.1/../../../../arm-none-eabi/lib/thumb/v7e-m/fpv4-sp/hard/crt0.o (__libc_init_array)
c:/st/stm32cubeide_1.3.0/stm32cubeide/plugins/com.st.stm32cube.ide.mcu.externaltools.gnu-tools-for-stm32.7-2018-q2-update.win32_1.0.0.201904181610/tools/bin/../lib/gcc/arm-none-eabi/7.3.1/../../../../arm-none-eabi/lib/thumb/v7e-m/fpv4-sp/hard\libc_nano.a(lib_a-locale.o)
                              Core/Src/OS/OS_CLI/cli_internal.o (__locale_ctype_ptr)
c:/st/stm32cubeide_1.3.0/stm32cubeide/plugins/com.st.stm32cube.ide.mcu.externaltools.gnu-tools-for-stm32.7-2018-q2-update.win32_1.0.0.201904181610/tools/bin/../lib/gcc/arm-none-eabi/7.3.1/../../../../arm-none-eabi/lib/thumb/v7e-m/fpv4-sp/hard\libc_nano.a(lib_a-mbtowc_r.o)
                              c:/st/stm32cubeide_1.3.0/stm32cubeide/plugins/com.st.stm32cube.ide.mcu.externaltools.gnu-tools-for-stm32.7-2018-q2-update.win32_1.0.0.201904181610/tools/bin/../lib/gcc/arm-none-eabi/7.3.1/../../../../arm-none-eabi/lib/thumb/v7e-m/fpv4-sp/hard\libc_nano.a(lib_a-locale.o) (__ascii_mbtowc)
c:/st/stm32cubeide_1.3.0/stm32cubeide/plugins/com.st.stm32cube.ide.mcu.externaltools.gnu-tools-for-stm32.7-2018-q2-update.win32_1.0.0.201904181610/tools/bin/../lib/gcc/arm-none-eabi/7.3.1/../../../../arm-none-eabi/lib/thumb/v7e-m/fpv4-sp/hard\libc_nano.a(lib_a-memcmp.o)
                              Core/Src/OS/OS_FS/lfs.o (memcmp)
c:/st/stm32cubeide_1.3.0/stm32cubeide/plugins/com.st.stm32cube.ide.mcu.externaltools.gnu-tools-for-stm32.7-2018-q2-update.win32_1.0.0.201904181610/tools/bin/../lib/gcc/arm-none-eabi/7.3.1/../../../../arm-none-eabi/lib/thumb/v7e-m/fpv4-sp/hard\libc_nano.a(lib_a-memcpy-stub.o)
                              Core/Src/OS/OS_Drivers/OS_flash.o (memcpy)
c:/st/stm32cubeide_1.3.0/stm32cubeide/plugins/com.st.stm32cube.ide.mcu.externaltools.gnu-tools-for-stm32.7-2018-q2-update.win32_1.0.0.201904181610/tools/bin/../lib/gcc/arm-none-eabi/7.3.1/../../../../arm-none-eabi/lib/thumb/v7e-m/fpv4-sp/hard\libc_nano.a(lib_a-memset.o)
[...]
Memory Configuration

Name             Origin             Length             Attributes
CCMRAM           0x0000000010000000 0x0000000000010000 xrw
RAM              0x0000000020000000 0x0000000000020000 xrw
FLASH            0x0000000008000000 0x0000000000020000 xr
LFS              0x0000000008020000 0x00000000000e0000 xr
*default*        0x0000000000000000 0xffffffffffffffff

Linker script and memory map

LOAD c:/st/stm32cubeide_1.3.0/stm32cubeide/plugins/com.st.stm32cube.ide.mcu.externaltools.gnu-tools-for-stm32.7-2018-q2-update.win32_1.0.0.201904181610/tools/bin/../lib/gcc/arm-none-eabi/7.3.1/thumb/v7e-m/fpv4-sp/hard/crti.o
LOAD c:/st/stm32cubeide_1.3.0/stm32cubeide/plugins/com.st.stm32cube.ide.mcu.externaltools.gnu-tools-for-stm32.7-2018-q2-update.win32_1.0.0.201904181610/tools/bin/../lib/gcc/arm-none-eabi/7.3.1/thumb/v7e-m/fpv4-sp/hard/crtbegin.o
LOAD c:/st/stm32cubeide_1.3.0/stm32cubeide/plugins/com.st.stm32cube.ide.mcu.externaltools.gnu-tools-for-stm32.7-2018-q2-update.win32_1.0.0.201904181610/tools/bin/../lib/gcc/arm-none-eabi/7.3.1/../../../../arm-none-eabi/lib/thumb/v7e-m/fpv4-sp/hard/crt0.o
LOAD Core/Src/OS/OS_CLI/cli.o
LOAD Core/Src/OS/OS_CLI/cli_internal.o
LOAD Core/Src/OS/OS_CLI/cli_process.o
LOAD Core/Src/OS/OS_CLI/submenus/cli_flash.o
LOAD Core/Src/OS/OS_CLI/submenus/cli_lfs.o
LOAD Core/Src/OS/OS_CLI/submenus/cli_system.o
LOAD Core/Src/OS/OS_CLI/submenus/cli_task.o
LOAD Core/Src/OS/OS_Core/OS.o
LOAD Core/Src/OS/OS_Core/OS_Callbacks.o
LOAD Core/Src/OS/OS_Core/OS_Event.o
LOAD Core/Src/OS/OS_Core/OS_Heap.o
LOAD Core/Src/OS/OS_Core/OS_Internal.o
LOAD Core/Src/OS/OS_Core/OS_MsgQ.o
LOAD Core/Src/OS/OS_Core/OS_Mutex.o
LOAD Core/Src/OS/OS_Core/OS_Obj.o
LOAD Core/Src/OS/OS_Core/OS_Scheduler.o
LOAD Core/Src/OS/OS_Core/OS_Sem.o
LOAD Core/Src/OS/OS_Core/OS_Tasks.o
LOAD Core/Src/OS/OS_Core/OS_Tick.o
LOAD Core/Src/OS/OS_Drivers/OS_flash.o
LOAD Core/Src/OS/OS_FS/lfs.o
LOAD Core/Src/OS/OS_FS/lfs_bsp.o
LOAD Core/Src/OS/OS_FS/lfs_util.o
LOAD Core/Src/OS/OS_FS/xmodem.o
LOAD Core/Src/gpio.o
LOAD Core/Src/main.o
LOAD Core/Src/stm32f4xx_hal_msp.o
LOAD Core/Src/stm32f4xx_it.o
LOAD Core/Src/syscalls.o
LOAD Core/Src/sysmem.o
LOAD Core/Src/system_stm32f4xx.o
LOAD Core/Src/tim.o
LOAD Core/Src/usart.o
LOAD Core/Startup/startup_stm32f407vgtx.o
LOAD Drivers/STM32F4xx_HAL_Driver/Src/stm32f4xx_hal.o
LOAD Drivers/STM32F4xx_HAL_Driver/Src/stm32f4xx_hal_cortex.o
LOAD Drivers/STM32F4xx_HAL_Driver/Src/stm32f4xx_hal_dma.o
LOAD Drivers/STM32F4xx_HAL_Driver/Src/stm32f4xx_hal_dma_ex.o
LOAD Drivers/STM32F4xx_HAL_Driver/Src/stm32f4xx_hal_exti.o
LOAD Drivers/STM32F4xx_HAL_Driver/Src/stm32f4xx_hal_flash.o
LOAD Drivers/STM32F4xx_HAL_Driver/Src/stm32f4xx_hal_flash_ex.o
LOAD Drivers/STM32F4xx_HAL_Driver/Src/stm32f4xx_hal_flash_ramfunc.o
LOAD Drivers/STM32F4xx_HAL_Driver/Src/stm32f4xx_hal_gpio.o
LOAD Drivers/STM32F4xx_HAL_Driver/Src/stm32f4xx_hal_pwr.o
LOAD Drivers/STM32F4xx_HAL_Driver/Src/stm32f4xx_hal_pwr_ex.o
LOAD Drivers/STM32F4xx_HAL_Driver/Src/stm32f4xx_hal_rcc.o
LOAD Drivers/STM32F4xx_HAL_Driver/Src/stm32f4xx_hal_rcc_ex.o
LOAD Drivers/STM32F4xx_HAL_Driver/Src/stm32f4xx_hal_tim.o
LOAD Drivers/STM32F4xx_HAL_Driver/Src/stm32f4xx_hal_tim_ex.o
LOAD Drivers/STM32F4xx_HAL_Driver/Src/stm32f4xx_hal_uart.o
START GROUP
LOAD c:/st/stm32cubeide_1.3.0/stm32cubeide/plugins/com.st.stm32cube.ide.mcu.externaltools.gnu-tools-for-stm32.7-2018-q2-update.win32_1.0.0.201904181610/tools/bin/../lib/gcc/arm-none-eabi/7.3.1/../../../../arm-none-eabi/lib/thumb/v7e-m/fpv4-sp/hard\libc_nano.a
LOAD c:/st/stm32cubeide_1.3.0/stm32cubeide/plugins/com.st.stm32cube.ide.mcu.externaltools.gnu-tools-for-stm32.7-2018-q2-update.win32_1.0.0.201904181610/tools/bin/../lib/gcc/arm-none-eabi/7.3.1/../../../../arm-none-eabi/lib/thumb/v7e-m/fpv4-sp/hard\libm.a
END GROUP
START GROUP
LOAD c:/st/stm32cubeide_1.3.0/stm32cubeide/plugins/com.st.stm32cube.ide.mcu.externaltools.gnu-tools-for-stm32.7-2018-q2-update.win32_1.0.0.201904181610/tools/bin/../lib/gcc/arm-none-eabi/7.3.1/thumb/v7e-m/fpv4-sp/hard\libgcc.a
LOAD c:/st/stm32cubeide_1.3.0/stm32cubeide/plugins/com.st.stm32cube.ide.mcu.externaltools.gnu-tools-for-stm32.7-2018-q2-update.win32_1.0.0.201904181610/tools/bin/../lib/gcc/arm-none-eabi/7.3.1/../../../../arm-none-eabi/lib/thumb/v7e-m/fpv4-sp/hard\libc_nano.a
END GROUP
START GROUP
LOAD c:/st/stm32cubeide_1.3.0/stm32cubeide/plugins/com.st.stm32cube.ide.mcu.externaltools.gnu-tools-for-stm32.7-2018-q2-update.win32_1.0.0.201904181610/tools/bin/../lib/gcc/arm-none-eabi/7.3.1/thumb/v7e-m/fpv4-sp/hard\libgcc.a
LOAD c:/st/stm32cubeide_1.3.0/stm32cubeide/plugins/com.st.stm32cube.ide.mcu.externaltools.gnu-tools-for-stm32.7-2018-q2-update.win32_1.0.0.201904181610/tools/bin/../lib/gcc/arm-none-eabi/7.3.1/../../../../arm-none-eabi/lib/thumb/v7e-m/fpv4-sp/hard\libc_nano.a
LOAD c:/st/stm32cubeide_1.3.0/stm32cubeide/plugins/com.st.stm32cube.ide.mcu.externaltools.gnu-tools-for-stm32.7-2018-q2-update.win32_1.0.0.201904181610/tools/bin/../lib/gcc/arm-none-eabi/7.3.1/../../../../arm-none-eabi/lib/thumb/v7e-m/fpv4-sp/hard\libnosys.a
END GROUP
START GROUP
LOAD c:/st/stm32cubeide_1.3.0/stm32cubeide/plugins/com.st.stm32cube.ide.mcu.externaltools.gnu-tools-for-stm32.7-2018-q2-update.win32_1.0.0.201904181610/tools/bin/../lib/gcc/arm-none-eabi/7.3.1/thumb/v7e-m/fpv4-sp/hard\libgcc.a
LOAD c:/st/stm32cubeide_1.3.0/stm32cubeide/plugins/com.st.stm32cube.ide.mcu.externaltools.gnu-tools-for-stm32.7-2018-q2-update.win32_1.0.0.201904181610/tools/bin/../lib/gcc/arm-none-eabi/7.3.1/../../../../arm-none-eabi/lib/thumb/v7e-m/fpv4-sp/hard\libc_nano.a
LOAD c:/st/stm32cubeide_1.3.0/stm32cubeide/plugins/com.st.stm32cube.ide.mcu.externaltools.gnu-tools-for-stm32.7-2018-q2-update.win32_1.0.0.201904181610/tools/bin/../lib/gcc/arm-none-eabi/7.3.1/../../../../arm-none-eabi/lib/thumb/v7e-m/fpv4-sp/hard\libnosys.a
END GROUP
LOAD c:/st/stm32cubeide_1.3.0/stm32cubeide/plugins/com.st.stm32cube.ide.mcu.externaltools.gnu-tools-for-stm32.7-2018-q2-update.win32_1.0.0.201904181610/tools/bin/../lib/gcc/arm-none-eabi/7.3.1/thumb/v7e-m/fpv4-sp/hard/crtend.o
LOAD c:/st/stm32cubeide_1.3.0/stm32cubeide/plugins/com.st.stm32cube.ide.mcu.externaltools.gnu-tools-for-stm32.7-2018-q2-update.win32_1.0.0.201904181610/tools/bin/../lib/gcc/arm-none-eabi/7.3.1/thumb/v7e-m/fpv4-sp/hard/crtn.o
                0x00000000000e0000                _LFS_SIZE = 0xe0000
                0x0000000008000000                _sflash = ORIGIN (FLASH)
                0x0000000008100000                _eflash = ((ORIGIN (FLASH) + LENGTH (FLASH)) + _LFS_SIZE)
                0x0000000000100000                _flash_size = (LENGTH (FLASH) + _LFS_SIZE)
                0x0000000020020000                _estack = (ORIGIN (RAM) + LENGTH (RAM))
                0x0000000000000400                _Min_Heap_Size = 0x400
                0x0000000000000200                _Min_Stack_Size = 0x200

.isr_vector     0x0000000008000000      0x188
                0x0000000008000000                . = ALIGN (0x4)
 *(.isr_vector)
 .isr_vector    0x0000000008000000      0x188 Core/Startup/startup_stm32f407vgtx.o
                0x0000000008000000                g_pfnVectors
                0x0000000008000188                . = ALIGN (0x4)

.text           0x0000000008000190     0x9b74
                0x0000000008000190                . = ALIGN (0x4)
 *(.text)
 .text          0x0000000008000190       0x40 c:/st/stm32cubeide_1.3.0/stm32cubeide/plugins/com.st.stm32cube.ide.mcu.externaltools.gnu-tools-for-stm32.7-2018-q2-update.win32_1.0.0.201904181610/tools/bin/../lib/gcc/arm-none-eabi/7.3.1/thumb/v7e-m/fpv4-sp/hard/crtbegin.o
 .text          0x00000000080001d0       0x14 c:/st/stm32cubeide_1.3.0/stm32cubeide/plugins/com.st.stm32cube.ide.mcu.externaltools.gnu-tools-for-stm32.7-2018-q2-update.win32_1.0.0.201904181610/tools/bin/../lib/gcc/arm-none-eabi/7.3.1/../../../../arm-none-eabi/lib/thumb/v7e-m/fpv4-sp/hard\libc_nano.a(lib_a-strcmp.o)
                0x00000000080001d0                strcmp
 .text          0x00000000080001e4       0x10 c:/st/stm32cubeide_1.3.0/stm32cubeide/plugins/com.st.stm32cube.ide.mcu.externaltools.gnu-tools-for-stm32.7-2018-q2-update.win32_1.0.0.201904181610/tools/bin/../lib/gcc/arm-none-eabi/7.3.1/../../../../arm-none-eabi/lib/thumb/v7e-m/fpv4-sp/hard\libc_nano.a(lib_a-strlen.o)
                0x00000000080001e4                strlen
 *fill*         0x00000000080001f4        0xc 
 .text          0x0000000008000200       0xa0 c:/st/stm32cubeide_1.3.0/stm32cubeide/plugins/com.st.stm32cube.ide.mcu.externaltools.gnu-tools-for-stm32.7-2018-q2-update.win32_1.0.0.201904181610/tools/bin/../lib/gcc/arm-none-eabi/7.3.1/../../../../arm-none-eabi/lib/thumb/v7e-m/fpv4-sp/hard\libc_nano.a(lib_a-memchr.o)
                0x0000000008000200                memchr
 .text          0x00000000080002a0       0x30 c:/st/stm32cubeide_1.3.0/stm32cubeide/plugins/com.st.stm32cube.ide.mcu.externaltools.gnu-tools-for-stm32.7-2018-q2-update.win32_1.0.0.201904181610/tools/bin/../lib/gcc/arm-none-eabi/7.3.1/thumb/v7e-m/fpv4-sp/hard\libgcc.a(_aeabi_uldivmod.o)
                0x00000000080002a0                __aeabi_uldivmod
 .text          0x00000000080002d0       0x28 c:/st/stm32cubeide_1.3.0/stm32cubeide/plugins/com.st.stm32cube.ide.mcu.externaltools.gnu-tools-for-stm32.7-2018-q2-update.win32_1.0.0.201904181610/tools/bin/../lib/gcc/arm-none-eabi/7.3.1/thumb/v7e-m/fpv4-sp/hard\libgcc.a(_popcountsi2.o)
                0x00000000080002d0                __popcountsi2
 .text          0x00000000080002f8      0x2cc c:/st/stm32cubeide_1.3.0/stm32cubeide/plugins/com.st.stm32cube.ide.mcu.externaltools.gnu-tools-for-stm32.7-2018-q2-update.win32_1.0.0.201904181610/tools/bin/../lib/gcc/arm-none-eabi/7.3.1/thumb/v7e-m/fpv4-sp/hard\libgcc.a(_udivmoddi4.o)
                0x00000000080002f8                __udivmoddi4
 .text          0x00000000080005c4        0x4 c:/st/stm32cubeide_1.3.0/stm32cubeide/plugins/com.st.stm32cube.ide.mcu.externaltools.gnu-tools-for-stm32.7-2018-q2-update.win32_1.0.0.201904181610/tools/bin/../lib/gcc/arm-none-eabi/7.3.1/thumb/v7e-m/fpv4-sp/hard\libgcc.a(_dvmd_tls.o)
                0x00000000080005c4                __aeabi_idiv0
                0x00000000080005c4                __aeabi_ldiv0
 *(.text*)
 .text.cli_is_terminator
                0x00000000080005c8       0x24 Core/Src/OS/OS_CLI/cli_internal.o
 .text.cli_arg_str_len
                0x00000000080005ec       0x58 Core/Src/OS/OS_CLI/cli_internal.o
 .text.cli_go_to_next_argument
                0x0000000008000644       0x22 Core/Src/OS/OS_CLI/cli_internal.o
 .text.cli_buff_element_is_hex
                0x0000000008000666       0x6e Core/Src/OS/OS_CLI/cli_internal.o
 .text.cli_verify_int.isra.2
                0x00000000080006d4      0x104 Core/Src/OS/OS_CLI/cli_internal.o
 .text.cli_verify_buffer.isra.3
                0x00000000080007d8      0x10c Core/Src/OS/OS_CLI/cli_internal.o
 .text.cli_verify_args_str.isra.1.constprop.6
                0x00000000080008e4       0x60 Core/Src/OS/OS_CLI/cli_internal.o
 .text.cli_get_int_arg.constprop.5
                0x0000000008000944       0xc0 Core/Src/OS/OS_CLI/cli_internal.o
 .text.cli_get_buff_arg.constprop.4
                0x0000000008000a04      0x1bc Core/Src/OS/OS_CLI/cli_internal.o
 .text.cli_get_int_argument
                0x0000000008000bc0       0x1e Core/Src/OS/OS_CLI/cli_internal.o
                0x0000000008000bc0                cli_get_int_argument
 .text.cli_get_uint_argument
                0x0000000008000bde       0x20 Core/Src/OS/OS_CLI/cli_internal.o
                0x0000000008000bde                cli_get_uint_argument
 .text.cli_get_buffer_argument
                0x0000000008000bfe       0x1e Core/Src/OS/OS_CLI/cli_internal.o
                0x0000000008000bfe                cli_get_buffer_argument
 .text.cli_get_string_argument
                0x0000000008000c1c       0x20 Core/Src/OS/OS_CLI/cli_internal.o
                0x0000000008000c1c                cli_get_string_argument
 .text.cli_insert_char
                0x0000000008000c3c       0x54 Core/Src/OS/OS_CLI/cli_internal.o
                0x0000000008000c3c                cli_insert_char
 .text.cli_printf
                0x0000000008000c90       0x1a Core/Src/OS/OS_CLI/cli_internal.o
                0x0000000008000c90                cli_printf
 *fill*         0x0000000008000caa        0x2 
 .text.cli_treat_command
                0x0000000008000cac      0x4f0 Core/Src/OS/OS_CLI/cli_internal.o
                0x0000000008000cac                cli_treat_command
 .text.cli_rcv_char_cb_irq
                0x000000000800119c       0x28 Core/Src/OS/OS_CLI/cli_process.o
                0x000000000800119c                cli_rcv_char_cb_irq
 .text.cli_init
                0x00000000080011c4       0x38 Core/Src/OS/OS_CLI/cli_process.o
                0x00000000080011c4                cli_init
 .text.cli_process
                0x00000000080011fc        0xc Core/Src/OS/OS_CLI/cli_process.o
                0x00000000080011fc                cli_process
 .text.erase    0x0000000008001208       0x48 Core/Src/OS/OS_CLI/submenus/cli_flash.o
 .text.write    0x0000000008001250       0x7c Core/Src/OS/OS_CLI/submenus/cli_flash.o
 .text.read     0x00000000080012cc       0x9c Core/Src/OS/OS_CLI/submenus/cli_flash.o
 .text.ls       0x0000000008001368       0x9c Core/Src/OS/OS_CLI/submenus/cli_lfs.o
 .text.delete   0x0000000008001404       0x50 Core/Src/OS/OS_CLI/submenus/cli_lfs.o
 .text.read     0x0000000008001454       0x6c Core/Src/OS/OS_CLI/submenus/cli_lfs.o
 .text.bRead    0x00000000080014c0       0x7c Core/Src/OS/OS_CLI/submenus/cli_lfs.o
 .text.open     0x000000000800153c       0x58 Core/Src/OS/OS_CLI/submenus/cli_lfs.o
 .text.xmodem   0x0000000008001594       0x54 Core/Src/OS/OS_CLI/submenus/cli_lfs.o
 .text.close    0x00000000080015e8       0x40 Core/Src/OS/OS_CLI/submenus/cli_lfs.o
 .text.seek     0x0000000008001628       0x4c Core/Src/OS/OS_CLI/submenus/cli_lfs.o
 .text.write    0x0000000008001674       0x50 Core/Src/OS/OS_CLI/submenus/cli_lfs.o
 .text.reset    0x00000000080016c4       0x24 Core/Src/OS/OS_CLI/submenus/cli_system.o
 .text.readELF  0x00000000080016e8       0x1c Core/Src/OS/OS_CLI/submenus/cli_task.o
 .text.kill     0x0000000008001704       0x40 Core/Src/OS/OS_CLI/submenus/cli_task.o
 .text.top      0x0000000008001744       0x5c Core/Src/OS/OS_CLI/submenus/cli_task.o
 .text.exec     0x00000000080017a0       0xe8 Core/Src/OS/OS_CLI/submenus/cli_task.o
 .text.os_init_get
                0x0000000008001888        0xc Core/Src/OS/OS_Core/OS.o
                0x0000000008001888                os_init_get
 .text.os_init  0x0000000008001894       0x98 Core/Src/OS/OS_Core/OS.o
                0x0000000008001894                os_init
 .text.os_task_on_ready_cb
                0x000000000800192c        0x2 Core/Src/OS/OS_Core/OS_Callbacks.o
                0x000000000800192c                os_task_on_ready_cb
 .text.os_task_on_block_cb
                0x000000000800192e        0x2 Core/Src/OS/OS_Core/OS_Callbacks.o
                0x000000000800192e                os_task_on_block_cb
 .text.os_idle_task_fn
                0x0000000008001930        0x2 Core/Src/OS/OS_Core/OS_Callbacks.o
                0x0000000008001930                os_idle_task_fn
 .text.os_no_task_ready_cb
                0x0000000008001932        0x2 Core/Src/OS/OS_Core/OS_Callbacks.o
                0x0000000008001932                os_no_task_ready_cb
 .text.os_insufficient_heap_cb
                0x0000000008001934        0x2 Core/Src/OS/OS_Core/OS_Callbacks.o
                0x0000000008001934                os_insufficient_heap_cb
 .text.os_evt_getFreeCount
                0x0000000008001936       0x1e Core/Src/OS/OS_Core/OS_Event.o
 .text.os_evt_objTake
                0x0000000008001954       0x18 Core/Src/OS/OS_Core/OS_Event.o
 .text.os_evt_create
                0x000000000800196c       0x84 Core/Src/OS/OS_Core/OS_Event.o
                0x000000000800196c                os_evt_create
 .text.os_evt_set
                0x00000000080019f0       0x4a Core/Src/OS/OS_Core/OS_Event.o
                0x00000000080019f0                os_evt_set
 *fill*         0x0000000008001a3a        0x2 
 .text.os_heap_BlockGetSize
                0x0000000008001a3c       0x14 Core/Src/OS/OS_Core/OS_Heap.o
 .text.os_heap_clear
                0x0000000008001a50       0x10 Core/Src/OS/OS_Core/OS_Heap.o
                0x0000000008001a50                os_heap_clear
 .text.os_heap_alloc
                0x0000000008001a60       0xc0 Core/Src/OS/OS_Core/OS_Heap.o
                0x0000000008001a60                os_heap_alloc
 .text.os_heap_free
                0x0000000008001b20       0x98 Core/Src/OS/OS_Core/OS_Heap.o
                0x0000000008001b20                os_heap_free
 .text.os_list_init
                0x0000000008001bb8       0x1a Core/Src/OS/OS_Core/OS_Internal.o
                0x0000000008001bb8                os_list_init
 .text.os_list_search
                0x0000000008001bd2       0x2e Core/Src/OS/OS_Core/OS_Internal.o
                0x0000000008001bd2                os_list_search
 .text.os_handle_list_searchByName
                0x0000000008001c00       0x4c Core/Src/OS/OS_Core/OS_Internal.o
                0x0000000008001c00                os_handle_list_searchByName
 .text.os_list_add
                0x0000000008001c4c       0x76 Core/Src/OS/OS_Core/OS_Internal.o
                0x0000000008001c4c                os_list_add
 .text.os_list_remove
                0x0000000008001cc2       0x8c Core/Src/OS/OS_Core/OS_Internal.o
                0x0000000008001cc2                os_list_remove
 .text.os_list_clear
                0x0000000008001d4e       0x32 Core/Src/OS/OS_Core/OS_Internal.o
                0x0000000008001d4e                os_list_clear
 .text.os_task_list_sort
                0x0000000008001d80       0x8a Core/Src/OS/OS_Core/OS_Internal.o
                0x0000000008001d80                os_task_list_sort
 *fill*         0x0000000008001e0a        0x2 
 .text.os_handle_list_getObjToUpdate
                0x0000000008001e0c       0x18 Core/Src/OS/OS_Core/OS_Internal.o
                0x0000000008001e0c                os_handle_list_getObjToUpdate
 .text.os_task_list_isObjFreeOnTask
                0x0000000008001e24       0xca Core/Src/OS/OS_Core/OS_Internal.o
                0x0000000008001e24                os_task_list_isObjFreeOnTask
 *fill*         0x0000000008001eee        0x2 
 .text.os_handle_list_updateAndCheck
                0x0000000008001ef0      0x1c0 Core/Src/OS/OS_Core/OS_Internal.o
                0x0000000008001ef0                os_handle_list_updateAndCheck
 .text.os_msgQ_updateAndCheck
                0x00000000080020b0       0xa0 Core/Src/OS/OS_Core/OS_Internal.o
                0x00000000080020b0                os_msgQ_updateAndCheck
 .text.os_obj_updatePrio
                0x0000000008002150       0xbc Core/Src/OS/OS_Core/OS_Internal.o
                0x0000000008002150                os_obj_updatePrio
 .text.os_obj_wait
                0x000000000800220c      0x2f8 Core/Src/OS/OS_Core/OS_Obj.o
 .text.os_obj_single_wait
                0x0000000008002504       0x1a Core/Src/OS/OS_Core/OS_Obj.o
                0x0000000008002504                os_obj_single_wait
 *fill*         0x000000000800251e        0x2 
 .text.os_scheduler
                0x0000000008002520       0xd8 Core/Src/OS/OS_Core/OS_Scheduler.o
 .text.PendSV_Handler
                0x00000000080025f8       0x38 Core/Src/OS/OS_Core/OS_Scheduler.o
                0x00000000080025f8                PendSV_Handler
 .text.os_scheduler_start
                0x0000000008002630       0x4c Core/Src/OS/OS_Core/OS_Scheduler.o
                0x0000000008002630                os_scheduler_start
 .text.os_scheduler_state_get
                0x000000000800267c        0xc Core/Src/OS/OS_Core/OS_Scheduler.o
                0x000000000800267c                os_scheduler_state_get
 .text.os_task_objTake
                0x0000000008002688        0x2 Core/Src/OS/OS_Core/OS_Tasks.o
 *fill*         0x000000000800268a        0x2 
 .text.os_task_init
                0x000000000800268c       0xd8 Core/Src/OS/OS_Core/OS_Tasks.o
                0x000000000800268c                os_task_init
 .text.os_task_createProcess
                0x0000000008002764      0x198 Core/Src/OS/OS_Core/OS_Tasks.o
                0x0000000008002764                os_task_createProcess
 .text.os_task_yeild
                0x00000000080028fc       0x14 Core/Src/OS/OS_Core/OS_Tasks.o
                0x00000000080028fc                os_task_yeild
 .text.os_task_return
                0x0000000008002910       0x3c Core/Src/OS/OS_Core/OS_Tasks.o
                0x0000000008002910                os_task_return
 .text.os_task_delete
                0x000000000800294c      0x100 Core/Src/OS/OS_Core/OS_Tasks.o
                0x000000000800294c                os_task_delete
 .text.os_task_end
                0x0000000008002a4c       0x10 Core/Src/OS/OS_Core/OS_Tasks.o
                0x0000000008002a4c                os_task_end
 .text.os_task_getPrio
                0x0000000008002a5c       0x14 Core/Src/OS/OS_Core/OS_Tasks.o
                0x0000000008002a5c                os_task_getPrio
 .text.os_task_must_yeild
                0x0000000008002a70       0x5c Core/Src/OS/OS_Core/OS_Tasks.o
                0x0000000008002a70                os_task_must_yeild
 .text.os_task_getState
                0x0000000008002acc       0x34 Core/Src/OS/OS_Core/OS_Tasks.o
                0x0000000008002acc                os_task_getState
 .text.os_task_getFreeCount
                0x0000000008002b00       0x22 Core/Src/OS/OS_Core/OS_Tasks.o
 *fill*         0x0000000008002b22        0x2 
 .text.os_task_getByPID
                0x0000000008002b24       0x38 Core/Src/OS/OS_Core/OS_Tasks.o
                0x0000000008002b24                os_task_getByPID
 .text.os_task_create
                0x0000000008002b5c      0x19c Core/Src/OS/OS_Core/OS_Tasks.o
                0x0000000008002b5c                os_task_create
 .text.os_getMsTick
                0x0000000008002cf8        0xc Core/Src/OS/OS_Core/OS_Tick.o
                0x0000000008002cf8                os_getMsTick
 .text.os_tick  0x0000000008002d04       0xa4 Core/Src/OS/OS_Core/OS_Tick.o
                0x0000000008002d04                os_tick
 .text.os_flash_write
                0x0000000008002da8      0x110 Core/Src/OS/OS_Drivers/OS_flash.o
                0x0000000008002da8                os_flash_write
 .text.os_flash_read
                0x0000000008002eb8       0x3c Core/Src/OS/OS_Drivers/OS_flash.o
                0x0000000008002eb8                os_flash_read
 .text.os_flash_erase
                0x0000000008002ef4      0x158 Core/Src/OS/OS_Drivers/OS_flash.o
                0x0000000008002ef4                os_flash_erase
 .text.lfs_pair_isnull
                0x000000000800304c       0x14 Core/Src/OS/OS_FS/lfs.o
 .text.lfs_pair_cmp
                0x0000000008003060       0x22 Core/Src/OS/OS_FS/lfs.o
 .text.lfs_tag_dsize
                0x0000000008003082       0x14 Core/Src/OS/OS_FS/lfs.o
 .text.lfs_gstate_xor
                0x0000000008003096       0x1c Core/Src/OS/OS_FS/lfs.o
 .text.lfs_gstate_iszero
                0x00000000080030b2       0x16 Core/Src/OS/OS_FS/lfs.o
 .text.lfs_gstate_hasmovehere
                0x00000000080030c8       0x1e Core/Src/OS/OS_FS/lfs.o
 .text.lfs_mlist_isopen
                0x00000000080030e6       0x10 Core/Src/OS/OS_FS/lfs.o
 .text.lfs_alloc_lookahead
                0x00000000080030f6       0x36 Core/Src/OS/OS_FS/lfs.o
 .text.lfs_dir_traverse_filter
                0x000000000800312c       0x6c Core/Src/OS/OS_FS/lfs.o
 .text.lfs_dir_commit_size
                0x0000000008003198       0x14 Core/Src/OS/OS_FS/lfs.o
 .text.lfs_fs_size_count
                0x00000000080031ac        0xa Core/Src/OS/OS_FS/lfs.o
 .text.lfs_deinit
                0x00000000080031b6       0x2c Core/Src/OS/OS_FS/lfs.o
 .text.lfs_cache_zero.isra.17
                0x00000000080031e2       0x16 Core/Src/OS/OS_FS/lfs.o
 .text.lfs_init
                0x00000000080031f8      0x1e0 Core/Src/OS/OS_FS/lfs.o
 .text.lfs_bd_erase.isra.18
                0x00000000080033d8       0x38 Core/Src/OS/OS_FS/lfs.o
 .text.lfs_fs_preporphans.isra.20
                0x0000000008003410       0x44 Core/Src/OS/OS_FS/lfs.o
 .text.lfs_ctz_index.isra.22
                0x0000000008003454       0x34 Core/Src/OS/OS_FS/lfs.o
 .text.lfs_bd_read.isra.23
                0x0000000008003488      0x178 Core/Src/OS/OS_FS/lfs.o
 .text.lfs_dir_getslice
                0x0000000008003600      0x130 Core/Src/OS/OS_FS/lfs.o
 .text.lfs_dir_get
                0x0000000008003730       0x18 Core/Src/OS/OS_FS/lfs.o
 .text.lfs_dir_getgstate
                0x0000000008003748       0x34 Core/Src/OS/OS_FS/lfs.o
 .text.lfs_fs_parent_match
                0x000000000800377c       0x3e Core/Src/OS/OS_FS/lfs.o
 *fill*         0x00000000080037ba        0x2 
 .text.lfs_dir_fetchmatch
                0x00000000080037bc      0x3fc Core/Src/OS/OS_FS/lfs.o
 .text.lfs_fs_parent
                0x0000000008003bb8       0x7c Core/Src/OS/OS_FS/lfs.o
 .text.lfs_dir_fetch
                0x0000000008003c34       0x1a Core/Src/OS/OS_FS/lfs.o
 .text.lfs_fs_pred
                0x0000000008003c4e       0x52 Core/Src/OS/OS_FS/lfs.o
 .text.lfs_dir_find
                0x0000000008003ca0      0x154 Core/Src/OS/OS_FS/lfs.o
 .text.lfs_ctz_traverse.part.25
                0x0000000008003df4       0x7c Core/Src/OS/OS_FS/lfs.o
 .text.lfs_dir_getinfo.part.34
                0x0000000008003e70       0x6c Core/Src/OS/OS_FS/lfs.o
 .text.lfs_ctz_find.constprop.35
                0x0000000008003edc       0x90 Core/Src/OS/OS_FS/lfs.o
 .text.lfs_dir_getread.part.26.constprop.37
                0x0000000008003f6c       0xb0 Core/Src/OS/OS_FS/lfs.o
 .text.lfs_file_flushedread
                0x000000000800401c       0xec Core/Src/OS/OS_FS/lfs.o
 .text.lfs_dir_traverse.constprop.39
                0x0000000008004108      0x2b4 Core/Src/OS/OS_FS/lfs.o
 .text.lfs_bd_cmp.constprop.41
                0x00000000080043bc       0x66 Core/Src/OS/OS_FS/lfs.o
 .text.lfs_dir_find_match
                0x0000000008004422       0x3c Core/Src/OS/OS_FS/lfs.o
 *fill*         0x000000000800445e        0x2 
 .text.lfs_bd_flush
                0x0000000008004460       0xb0 Core/Src/OS/OS_FS/lfs.o
 .text.lfs_bd_prog
                0x0000000008004510       0xe4 Core/Src/OS/OS_FS/lfs.o
 .text.lfs_dir_commitprog
                0x00000000080045f4       0x3e Core/Src/OS/OS_FS/lfs.o
 .text.lfs_dir_commitattr
                0x0000000008004632       0xb0 Core/Src/OS/OS_FS/lfs.o
 .text.lfs_dir_commit_commit
                0x00000000080046e2        0xc Core/Src/OS/OS_FS/lfs.o
 *fill*         0x00000000080046ee        0x2 
 .text.lfs_dir_commitcrc
                0x00000000080046f0      0x1e4 Core/Src/OS/OS_FS/lfs.o
 .text.lfs_fs_rawtraverse
                0x00000000080048d4      0x158 Core/Src/OS/OS_FS/lfs.o
 .text.lfs_alloc
                0x0000000008004a2c       0xf0 Core/Src/OS/OS_FS/lfs.o
 .text.lfs_dir_alloc
                0x0000000008004b1c       0x82 Core/Src/OS/OS_FS/lfs.o
 *fill*         0x0000000008004b9e        0x2 
 .text.lfs_file_relocate
                0x0000000008004ba0      0x12c Core/Src/OS/OS_FS/lfs.o
 .text.lfs_dir_compact
                0x0000000008004ccc      0x254 Core/Src/OS/OS_FS/lfs.o
 .text.lfs_dir_split
                0x0000000008004f20       0x78 Core/Src/OS/OS_FS/lfs.o
 .text.lfs_fs_rawsize
                0x0000000008004f98       0x20 Core/Src/OS/OS_FS/lfs.o
 .text.lfs_dir_relocatingcommit
                0x0000000008004fb8      0x470 Core/Src/OS/OS_FS/lfs.o
 .text.lfs_file_flushedwrite
                0x0000000008005428      0x29c Core/Src/OS/OS_FS/lfs.o
 .text.lfs_file_flush
                0x00000000080056c4      0x100 Core/Src/OS/OS_FS/lfs.o
 .text.lfs_file_rawseek
                0x00000000080057c4       0x8e Core/Src/OS/OS_FS/lfs.o
 *fill*         0x0000000008005852        0x2 
 .text.lfs_dir_orphaningcommit
                0x0000000008005854      0x3b0 Core/Src/OS/OS_FS/lfs.o
 .text.lfs_fs_deorphan.part.29
                0x0000000008005c04      0x1a4 Core/Src/OS/OS_FS/lfs.o
 .text.lfs_dir_commit
                0x0000000008005da8       0x24 Core/Src/OS/OS_FS/lfs.o
 .text.lfs_fs_forceconsistency
                0x0000000008005dcc       0x98 Core/Src/OS/OS_FS/lfs.o
 .text.lfs_dir_drop
                0x0000000008005e64       0x3c Core/Src/OS/OS_FS/lfs.o
 .text.lfs_file_rawsync
                0x0000000008005ea0       0x94 Core/Src/OS/OS_FS/lfs.o
 .text.lfs_file_rawclose
                0x0000000008005f34       0x32 Core/Src/OS/OS_FS/lfs.o
 *fill*         0x0000000008005f66        0x2 
 .text.lfs_file_rawopencfg
                0x0000000008005f68      0x23c Core/Src/OS/OS_FS/lfs.o
 .text.lfs_file_rawwrite
                0x00000000080061a4       0xa8 Core/Src/OS/OS_FS/lfs.o
 .text.lfs_format
                0x000000000800624c       0xc4 Core/Src/OS/OS_FS/lfs.o
                0x000000000800624c                lfs_format
 .text.lfs_unmount
                0x0000000008006310        0x4 Core/Src/OS/OS_FS/lfs.o
                0x0000000008006310                lfs_unmount
 .text.lfs_mount
                0x0000000008006314      0x200 Core/Src/OS/OS_FS/lfs.o
                0x0000000008006314                lfs_mount
 .text.lfs_remove
                0x0000000008006514       0xe0 Core/Src/OS/OS_FS/lfs.o
                0x0000000008006514                lfs_remove
 .text.lfs_file_open
                0x00000000080065f4       0x3c Core/Src/OS/OS_FS/lfs.o
                0x00000000080065f4                lfs_file_open
 .text.lfs_file_close
                0x0000000008006630       0x30 Core/Src/OS/OS_FS/lfs.o
                0x0000000008006630                lfs_file_close
 .text.lfs_file_read
                0x0000000008006660       0x68 Core/Src/OS/OS_FS/lfs.o
                0x0000000008006660                lfs_file_read
 .text.lfs_file_write
                0x00000000080066c8       0x30 Core/Src/OS/OS_FS/lfs.o
                0x00000000080066c8                lfs_file_write
 .text.lfs_file_seek
                0x00000000080066f8       0x30 Core/Src/OS/OS_FS/lfs.o
                0x00000000080066f8                lfs_file_seek
 .text.lfs_file_size
                0x0000000008006728       0x38 Core/Src/OS/OS_FS/lfs.o
                0x0000000008006728                lfs_file_size
 .text.lfs_dir_open
                0x0000000008006760       0xac Core/Src/OS/OS_FS/lfs.o
                0x0000000008006760                lfs_dir_open
 .text.lfs_dir_close
                0x000000000800680c       0x1a Core/Src/OS/OS_FS/lfs.o
                0x000000000800680c                lfs_dir_close
 *fill*         0x0000000008006826        0x2 
 .text.lfs_dir_read
                0x0000000008006828       0xb4 Core/Src/OS/OS_FS/lfs.o
                0x0000000008006828                lfs_dir_read
 .text.lfs_flash_sync
                0x00000000080068dc        0x4 Core/Src/OS/OS_FS/lfs_bsp.o
 .text.lfs_flash_erase
                0x00000000080068e0       0x30 Core/Src/OS/OS_FS/lfs_bsp.o
 .text.lfs_flash_write
                0x0000000008006910       0x34 Core/Src/OS/OS_FS/lfs_bsp.o
 .text.lfs_flash_read
                0x0000000008006944       0x4c Core/Src/OS/OS_FS/lfs_bsp.o
 .text.os_lfs_init
                0x0000000008006990       0x84 Core/Src/OS/OS_FS/lfs_bsp.o
                0x0000000008006990                os_lfs_init
 .text.lfs_crc  0x0000000008006a14       0x38 Core/Src/OS/OS_FS/lfs_util.o
                0x0000000008006a14                lfs_crc
 .text.sendResponse
                0x0000000008006a4c       0x44 Core/Src/OS/OS_FS/xmodem.o
 .text.xModem_getState
                0x0000000008006a90        0xc Core/Src/OS/OS_FS/xmodem.o
                0x0000000008006a90                xModem_getState
 .text.xModem_rcv
                0x0000000008006a9c      0x204 Core/Src/OS/OS_FS/xmodem.o
                0x0000000008006a9c                xModem_rcv
 .text.MX_GPIO_Init
                0x0000000008006ca0      0x164 Core/Src/gpio.o
                0x0000000008006ca0                MX_GPIO_Init
 .text.SystemClock_Config
                0x0000000008006e04       0x90 Core/Src/main.o
                0x0000000008006e04                SystemClock_Config
 .text.startup.main
                0x0000000008006e94       0x98 Core/Src/main.o
                0x0000000008006e94                main
 .text.Error_Handler
                0x0000000008006f2c        0x2 Core/Src/main.o
                0x0000000008006f2c                Error_Handler
 *fill*         0x0000000008006f2e        0x2 
 .text.HAL_MspInit
                0x0000000008006f30       0x80 Core/Src/stm32f4xx_hal_msp.o
                0x0000000008006f30                HAL_MspInit
 .text.NMI_Handler
                0x0000000008006fb0        0x2 Core/Src/stm32f4xx_it.o
                0x0000000008006fb0                NMI_Handler
 .text.HardFault_Handler
                0x0000000008006fb2        0x2 Core/Src/stm32f4xx_it.o
                0x0000000008006fb2                HardFault_Handler
 .text.MemManage_Handler
                0x0000000008006fb4        0x2 Core/Src/stm32f4xx_it.o
                0x0000000008006fb4                MemManage_Handler
 .text.BusFault_Handler
                0x0000000008006fb6        0x2 Core/Src/stm32f4xx_it.o
                0x0000000008006fb6                BusFault_Handler
 .text.UsageFault_Handler
                0x0000000008006fb8        0x2 Core/Src/stm32f4xx_it.o
                0x0000000008006fb8                UsageFault_Handler
 .text.SVC_Handler
                0x0000000008006fba        0x2 Core/Src/stm32f4xx_it.o
                0x0000000008006fba                SVC_Handler
 .text.DebugMon_Handler
                0x0000000008006fbc        0x2 Core/Src/stm32f4xx_it.o
                0x0000000008006fbc                DebugMon_Handler
 .text.SysTick_Handler
                0x0000000008006fbe       0x10 Core/Src/stm32f4xx_it.o
                0x0000000008006fbe                SysTick_Handler
 .text.EXTI0_IRQHandler
                0x0000000008006fce        0x6 Core/Src/stm32f4xx_it.o
                0x0000000008006fce                EXTI0_IRQHandler
 .text.USART3_IRQHandler
                0x0000000008006fd4        0xc Core/Src/stm32f4xx_it.o
                0x0000000008006fd4                USART3_IRQHandler
 .text.__io_putchar
                0x0000000008006fe0       0x20 Core/Src/syscalls.o
                0x0000000008006fe0                __io_putchar
 .text._getpid  0x0000000008007000        0x4 Core/Src/syscalls.o
                0x0000000008007000                _getpid
 .text._kill    0x0000000008007004       0x10 Core/Src/syscalls.o
                0x0000000008007004                _kill
 .text._exit    0x0000000008007014        0xc Core/Src/syscalls.o
                0x0000000008007014                _exit
 .text._read    0x0000000008007020       0x1c Core/Src/syscalls.o
                0x0000000008007020                _read
 .text._write   0x000000000800703c       0x1c Core/Src/syscalls.o
                0x000000000800703c                _write
 .text._close   0x0000000008007058        0x6 Core/Src/syscalls.o
                0x0000000008007058                _close
 .text._fstat   0x000000000800705e        0xa Core/Src/syscalls.o
                0x000000000800705e                _fstat
 .text._isatty  0x0000000008007068        0x4 Core/Src/syscalls.o
                0x0000000008007068                _isatty
 .text._lseek   0x000000000800706c        0x4 Core/Src/syscalls.o
                0x000000000800706c                _lseek
 .text._sbrk    0x0000000008007070       0x34 Core/Src/sysmem.o
                0x0000000008007070                _sbrk
 .text.SystemInit
                0x00000000080070a4       0x1c Core/Src/system_stm32f4xx.o
                0x00000000080070a4                SystemInit
 .text.MX_TIM13_Init
                0x00000000080070c0       0x40 Core/Src/tim.o
                0x00000000080070c0                MX_TIM13_Init
 .text.HAL_TIM_Base_MspInit
                0x0000000008007100       0x30 Core/Src/tim.o
                0x0000000008007100                HAL_TIM_Base_MspInit
 .text.HAL_UART_RxCpltCallback
                0x0000000008007130       0x30 Core/Src/usart.o
                0x0000000008007130                HAL_UART_RxCpltCallback
 .text.MX_USART3_UART_Init
                0x0000000008007160       0x38 Core/Src/usart.o
                0x0000000008007160                MX_USART3_UART_Init
 .text.HAL_UART_MspInit
                0x0000000008007198       0x94 Core/Src/usart.o
                0x0000000008007198                HAL_UART_MspInit
 .text.Reset_Handler
                0x000000000800722c       0x50 Core/Startup/startup_stm32f407vgtx.o
                0x000000000800722c                Reset_Handler
 .text.Default_Handler
                0x000000000800727c        0x2 Core/Startup/startup_stm32f407vgtx.o
                0x000000000800727c                RTC_Alarm_IRQHandler
                0x000000000800727c                HASH_RNG_IRQHandler
                0x000000000800727c                EXTI2_IRQHandler
                0x000000000800727c                TIM8_CC_IRQHandler
                0x000000000800727c                TIM1_CC_IRQHandler
                0x000000000800727c                DMA2_Stream5_IRQHandler
                0x000000000800727c                DMA1_Stream5_IRQHandler
                0x000000000800727c                PVD_IRQHandler
                0x000000000800727c                SDIO_IRQHandler
                0x000000000800727c                TAMP_STAMP_IRQHandler
                0x000000000800727c                CAN2_RX1_IRQHandler
                0x000000000800727c                EXTI3_IRQHandler
                0x000000000800727c                TIM8_TRG_COM_TIM14_IRQHandler
                0x000000000800727c                TIM1_UP_TIM10_IRQHandler
                0x000000000800727c                TIM8_UP_TIM13_IRQHandler
                0x000000000800727c                I2C3_ER_IRQHandler
                0x000000000800727c                I2C2_EV_IRQHandler
                0x000000000800727c                DMA1_Stream2_IRQHandler
                0x000000000800727c                CAN1_RX0_IRQHandler
                0x000000000800727c                FPU_IRQHandler
                0x000000000800727c                OTG_HS_WKUP_IRQHandler
                0x000000000800727c                CAN2_SCE_IRQHandler
                0x000000000800727c                DMA2_Stream2_IRQHandler
                0x000000000800727c                SPI1_IRQHandler
                0x000000000800727c                TIM6_DAC_IRQHandler
                0x000000000800727c                TIM1_BRK_TIM9_IRQHandler
                0x000000000800727c                DCMI_IRQHandler
                0x000000000800727c                CAN2_RX0_IRQHandler
                0x000000000800727c                DMA2_Stream3_IRQHandler
                0x000000000800727c                USART6_IRQHandler
                0x000000000800727c                CAN1_RX1_IRQHandler
                0x000000000800727c                UART5_IRQHandler
                0x000000000800727c                DMA2_Stream0_IRQHandler
                0x000000000800727c                TIM4_IRQHandler
                0x000000000800727c                I2C1_EV_IRQHandler
                0x000000000800727c                DMA1_Stream6_IRQHandler
                0x000000000800727c                DMA1_Stream1_IRQHandler
                0x000000000800727c                UART4_IRQHandler
                0x000000000800727c                TIM3_IRQHandler
                0x000000000800727c                RCC_IRQHandler
                0x000000000800727c                TIM8_BRK_TIM12_IRQHandler
                0x000000000800727c                Default_Handler
                0x000000000800727c                EXTI15_10_IRQHandler
                0x000000000800727c                ADC_IRQHandler
                0x000000000800727c                DMA1_Stream7_IRQHandler
                0x000000000800727c                TIM7_IRQHandler
                0x000000000800727c                CAN2_TX_IRQHandler
                0x000000000800727c                TIM5_IRQHandler
                0x000000000800727c                DMA2_Stream7_IRQHandler
                0x000000000800727c                I2C3_EV_IRQHandler
                0x000000000800727c                EXTI9_5_IRQHandler
                0x000000000800727c                RTC_WKUP_IRQHandler
                0x000000000800727c                ETH_WKUP_IRQHandler
                0x000000000800727c                SPI2_IRQHandler
                0x000000000800727c                OTG_HS_EP1_IN_IRQHandler
                0x000000000800727c                DMA1_Stream0_IRQHandler
                0x000000000800727c                CAN1_TX_IRQHandler
                0x000000000800727c                EXTI4_IRQHandler
                0x000000000800727c                FSMC_IRQHandler
                0x000000000800727c                ETH_IRQHandler
                0x000000000800727c                OTG_HS_EP1_OUT_IRQHandler
                0x000000000800727c                WWDG_IRQHandler
                0x000000000800727c                TIM2_IRQHandler
                0x000000000800727c                OTG_FS_WKUP_IRQHandler
                0x000000000800727c                TIM1_TRG_COM_TIM11_IRQHandler
                0x000000000800727c                OTG_HS_IRQHandler
                0x000000000800727c                EXTI1_IRQHandler
                0x000000000800727c                USART2_IRQHandler
                0x000000000800727c                I2C2_ER_IRQHandler
                0x000000000800727c                DMA2_Stream1_IRQHandler
                0x000000000800727c                CAN1_SCE_IRQHandler
                0x000000000800727c                FLASH_IRQHandler
                0x000000000800727c                DMA2_Stream4_IRQHandler
                0x000000000800727c                USART1_IRQHandler
                0x000000000800727c                OTG_FS_IRQHandler
                0x000000000800727c                SPI3_IRQHandler
                0x000000000800727c                DMA1_Stream4_IRQHandler
                0x000000000800727c                I2C1_ER_IRQHandler
                0x000000000800727c                DMA2_Stream6_IRQHandler
                0x000000000800727c                DMA1_Stream3_IRQHandler
 *fill*         0x000000000800727e        0x2 
 .text.HAL_InitTick
                0x0000000008007280       0x48 Drivers/STM32F4xx_HAL_Driver/Src/stm32f4xx_hal.o
                0x0000000008007280                HAL_InitTick
 .text.HAL_Init
                0x00000000080072c8       0x34 Drivers/STM32F4xx_HAL_Driver/Src/stm32f4xx_hal.o
                0x00000000080072c8                HAL_Init
 .text.HAL_IncTick
                0x00000000080072fc       0x18 Drivers/STM32F4xx_HAL_Driver/Src/stm32f4xx_hal.o
                0x00000000080072fc                HAL_IncTick
 .text.HAL_GetTick
                0x0000000008007314        0xc Drivers/STM32F4xx_HAL_Driver/Src/stm32f4xx_hal.o
                0x0000000008007314                HAL_GetTick
 .text.HAL_NVIC_SetPriorityGrouping
                0x0000000008007320       0x24 Drivers/STM32F4xx_HAL_Driver/Src/stm32f4xx_hal_cortex.o
                0x0000000008007320                HAL_NVIC_SetPriorityGrouping
 .text.HAL_NVIC_SetPriority
                0x0000000008007344       0x68 Drivers/STM32F4xx_HAL_Driver/Src/stm32f4xx_hal_cortex.o
                0x0000000008007344                HAL_NVIC_SetPriority
 .text.HAL_NVIC_EnableIRQ
                0x00000000080073ac       0x1c Drivers/STM32F4xx_HAL_Driver/Src/stm32f4xx_hal_cortex.o
                0x00000000080073ac                HAL_NVIC_EnableIRQ
 .text.HAL_SYSTICK_Config
                0x00000000080073c8       0x2c Drivers/STM32F4xx_HAL_Driver/Src/stm32f4xx_hal_cortex.o
                0x00000000080073c8                HAL_SYSTICK_Config
 .text.HAL_DMA_Abort
                0x00000000080073f4       0x86 Drivers/STM32F4xx_HAL_Driver/Src/stm32f4xx_hal_dma.o
                0x00000000080073f4                HAL_DMA_Abort
 .text.HAL_DMA_Abort_IT
                0x000000000800747a       0x24 Drivers/STM32F4xx_HAL_Driver/Src/stm32f4xx_hal_dma.o
                0x000000000800747a                HAL_DMA_Abort_IT
 .text.HAL_DMA_GetError
                0x000000000800749e        0x4 Drivers/STM32F4xx_HAL_Driver/Src/stm32f4xx_hal_dma.o
                0x000000000800749e                HAL_DMA_GetError
 *fill*         0x00000000080074a2        0x2 
 .text.FLASH_Program_DoubleWord
                0x00000000080074a4       0x2c Drivers/STM32F4xx_HAL_Driver/Src/stm32f4xx_hal_flash.o
 .text.FLASH_Program_Word
                0x00000000080074d0       0x24 Drivers/STM32F4xx_HAL_Driver/Src/stm32f4xx_hal_flash.o
 .text.FLASH_Program_HalfWord
                0x00000000080074f4       0x24 Drivers/STM32F4xx_HAL_Driver/Src/stm32f4xx_hal_flash.o
 .text.FLASH_SetErrorCode
                0x0000000008007518       0x74 Drivers/STM32F4xx_HAL_Driver/Src/stm32f4xx_hal_flash.o
 .text.HAL_FLASH_Unlock
                0x000000000800758c       0x24 Drivers/STM32F4xx_HAL_Driver/Src/stm32f4xx_hal_flash.o
                0x000000000800758c                HAL_FLASH_Unlock
 .text.HAL_FLASH_Lock
                0x00000000080075b0       0x14 Drivers/STM32F4xx_HAL_Driver/Src/stm32f4xx_hal_flash.o
                0x00000000080075b0                HAL_FLASH_Lock
 .text.FLASH_WaitForLastOperation
                0x00000000080075c4       0x54 Drivers/STM32F4xx_HAL_Driver/Src/stm32f4xx_hal_flash.o
                0x00000000080075c4                FLASH_WaitForLastOperation
 .text.HAL_FLASH_Program
                0x0000000008007618       0x8c Drivers/STM32F4xx_HAL_Driver/Src/stm32f4xx_hal_flash.o
                0x0000000008007618                HAL_FLASH_Program
 .text.FLASH_MassErase.isra.0
                0x00000000080076a4       0x24 Drivers/STM32F4xx_HAL_Driver/Src/stm32f4xx_hal_flash_ex.o
 .text.FLASH_Erase_Sector
                0x00000000080076c8       0x4c Drivers/STM32F4xx_HAL_Driver/Src/stm32f4xx_hal_flash_ex.o
                0x00000000080076c8                FLASH_Erase_Sector
 .text.FLASH_FlushCaches
                0x0000000008007714       0x58 Drivers/STM32F4xx_HAL_Driver/Src/stm32f4xx_hal_flash_ex.o
                0x0000000008007714                FLASH_FlushCaches
 .text.HAL_FLASHEx_Erase
                0x000000000800776c       0x9c Drivers/STM32F4xx_HAL_Driver/Src/stm32f4xx_hal_flash_ex.o
                0x000000000800776c                HAL_FLASHEx_Erase
 .text.HAL_GPIO_Init
                0x0000000008007808      0x1c0 Drivers/STM32F4xx_HAL_Driver/Src/stm32f4xx_hal_gpio.o
                0x0000000008007808                HAL_GPIO_Init
 .text.HAL_GPIO_WritePin
                0x00000000080079c8        0xa Drivers/STM32F4xx_HAL_Driver/Src/stm32f4xx_hal_gpio.o
                0x00000000080079c8                HAL_GPIO_WritePin
 .text.HAL_GPIO_TogglePin
                0x00000000080079d2        0xe Drivers/STM32F4xx_HAL_Driver/Src/stm32f4xx_hal_gpio.o
                0x00000000080079d2                HAL_GPIO_TogglePin
 .text.HAL_GPIO_EXTI_Callback
                0x00000000080079e0        0x2 Drivers/STM32F4xx_HAL_Driver/Src/stm32f4xx_hal_gpio.o
                0x00000000080079e0                HAL_GPIO_EXTI_Callback
 *fill*         0x00000000080079e2        0x2 
 .text.HAL_GPIO_EXTI_IRQHandler
                0x00000000080079e4       0x18 Drivers/STM32F4xx_HAL_Driver/Src/stm32f4xx_hal_gpio.o
                0x00000000080079e4                HAL_GPIO_EXTI_IRQHandler
 .text.HAL_RCC_OscConfig
                0x00000000080079fc      0x34c Drivers/STM32F4xx_HAL_Driver/Src/stm32f4xx_hal_rcc.o
                0x00000000080079fc                HAL_RCC_OscConfig
 .text.HAL_RCC_GetSysClockFreq
                0x0000000008007d48       0x5c Drivers/STM32F4xx_HAL_Driver/Src/stm32f4xx_hal_rcc.o
                0x0000000008007d48                HAL_RCC_GetSysClockFreq
 .text.HAL_RCC_ClockConfig
                0x0000000008007da4      0x134 Drivers/STM32F4xx_HAL_Driver/Src/stm32f4xx_hal_rcc.o
                0x0000000008007da4                HAL_RCC_ClockConfig
 .text.HAL_RCC_GetPCLK1Freq
                0x0000000008007ed8       0x20 Drivers/STM32F4xx_HAL_Driver/Src/stm32f4xx_hal_rcc.o
                0x0000000008007ed8                HAL_RCC_GetPCLK1Freq
 .text.HAL_RCC_GetPCLK2Freq
                0x0000000008007ef8       0x20 Drivers/STM32F4xx_HAL_Driver/Src/stm32f4xx_hal_rcc.o
                0x0000000008007ef8                HAL_RCC_GetPCLK2Freq
 .text.HAL_TIM_OnePulse_MspInit
                0x0000000008007f18        0x2 Drivers/STM32F4xx_HAL_Driver/Src/stm32f4xx_hal_tim.o
                0x0000000008007f18                HAL_TIM_OnePulse_MspInit
 *fill*         0x0000000008007f1a        0x2 
 .text.TIM_Base_SetConfig
                0x0000000008007f1c       0xcc Drivers/STM32F4xx_HAL_Driver/Src/stm32f4xx_hal_tim.o
                0x0000000008007f1c                TIM_Base_SetConfig
 .text.HAL_TIM_Base_Init
                0x0000000008007fe8       0x34 Drivers/STM32F4xx_HAL_Driver/Src/stm32f4xx_hal_tim.o
                0x0000000008007fe8                HAL_TIM_Base_Init
 .text.HAL_TIM_OnePulse_Init
                0x000000000800801c       0x46 Drivers/STM32F4xx_HAL_Driver/Src/stm32f4xx_hal_tim.o
                0x000000000800801c                HAL_TIM_OnePulse_Init
 .text.UART_EndRxTransfer
                0x0000000008008062       0x1a Drivers/STM32F4xx_HAL_Driver/Src/stm32f4xx_hal_uart.o
 .text.UART_SetConfig
                0x000000000800807c       0xe0 Drivers/STM32F4xx_HAL_Driver/Src/stm32f4xx_hal_uart.o
 .text.UART_WaitOnFlagUntilTimeout.constprop.3
                0x000000000800815c       0x50 Drivers/STM32F4xx_HAL_Driver/Src/stm32f4xx_hal_uart.o
 .text.HAL_UART_Init
                0x00000000080081ac       0x5c Drivers/STM32F4xx_HAL_Driver/Src/stm32f4xx_hal_uart.o
                0x00000000080081ac                HAL_UART_Init
 .text.HAL_UART_Transmit
                0x0000000008008208       0xb8 Drivers/STM32F4xx_HAL_Driver/Src/stm32f4xx_hal_uart.o
                0x0000000008008208                HAL_UART_Transmit
 .text.HAL_UART_Receive_IT
                0x00000000080082c0       0x4e Drivers/STM32F4xx_HAL_Driver/Src/stm32f4xx_hal_uart.o
                0x00000000080082c0                HAL_UART_Receive_IT
 .text.HAL_UART_Abort
                0x000000000800830e       0x80 Drivers/STM32F4xx_HAL_Driver/Src/stm32f4xx_hal_uart.o
                0x000000000800830e                HAL_UART_Abort
 .text.HAL_UART_AbortReceive
                0x000000000800838e       0x50 Drivers/STM32F4xx_HAL_Driver/Src/stm32f4xx_hal_uart.o
                0x000000000800838e                HAL_UART_AbortReceive
 .text.HAL_UART_TxCpltCallback
                0x00000000080083de        0x2 Drivers/STM32F4xx_HAL_Driver/Src/stm32f4xx_hal_uart.o
                0x00000000080083de                HAL_UART_TxCpltCallback
 .text.UART_Receive_IT
                0x00000000080083e0       0x76 Drivers/STM32F4xx_HAL_Driver/Src/stm32f4xx_hal_uart.o
 .text.HAL_UART_ErrorCallback
                0x0000000008008456        0x2 Drivers/STM32F4xx_HAL_Driver/Src/stm32f4xx_hal_uart.o
                0x0000000008008456                HAL_UART_ErrorCallback
 .text.HAL_UART_IRQHandler
                0x0000000008008458      0x144 Drivers/STM32F4xx_HAL_Driver/Src/stm32f4xx_hal_uart.o
                0x0000000008008458                HAL_UART_IRQHandler
 .text.UART_DMAAbortOnError
                0x000000000800859c       0x10 Drivers/STM32F4xx_HAL_Driver/Src/stm32f4xx_hal_uart.o
 .text.HAL_UART_AbortCpltCallback
                0x00000000080085ac        0x2 Drivers/STM32F4xx_HAL_Driver/Src/stm32f4xx_hal_uart.o
                0x00000000080085ac                HAL_UART_AbortCpltCallback
 *fill*         0x00000000080085ae        0x2 
 .text.HAL_UART_Abort_IT
                0x00000000080085b0       0xa8 Drivers/STM32F4xx_HAL_Driver/Src/stm32f4xx_hal_uart.o
                0x00000000080085b0                HAL_UART_Abort_IT
 .text.UART_DMARxAbortCallback
                0x0000000008008658       0x28 Drivers/STM32F4xx_HAL_Driver/Src/stm32f4xx_hal_uart.o
 .text.UART_DMATxAbortCallback
                0x0000000008008680       0x28 Drivers/STM32F4xx_HAL_Driver/Src/stm32f4xx_hal_uart.o
 .text.HAL_UART_AbortReceiveCpltCallback
                0x00000000080086a8        0x2 Drivers/STM32F4xx_HAL_Driver/Src/stm32f4xx_hal_uart.o
                0x00000000080086a8                HAL_UART_AbortReceiveCpltCallback
 *fill*         0x00000000080086aa        0x2 
 .text.HAL_UART_AbortReceive_IT
                0x00000000080086ac       0x58 Drivers/STM32F4xx_HAL_Driver/Src/stm32f4xx_hal_uart.o
                0x00000000080086ac                HAL_UART_AbortReceive_IT
 .text.UART_DMARxOnlyAbortCallback
                0x0000000008008704       0x14 Drivers/STM32F4xx_HAL_Driver/Src/stm32f4xx_hal_uart.o
 .text.__assert_func
                0x0000000008008718       0x3c c:/st/stm32cubeide_1.3.0/stm32cubeide/plugins/com.st.stm32cube.ide.mcu.externaltools.gnu-tools-for-stm32.7-2018-q2-update.win32_1.0.0.201904181610/tools/bin/../lib/gcc/arm-none-eabi/7.3.1/../../../../arm-none-eabi/lib/thumb/v7e-m/fpv4-sp/hard\libc_nano.a(lib_a-assert.o)
                0x0000000008008718                __assert_func
 .text.__errno  0x0000000008008754        0xc c:/st/stm32cubeide_1.3.0/stm32cubeide/plugins/com.st.stm32cube.ide.mcu.externaltools.gnu-tools-for-stm32.7-2018-q2-update.win32_1.0.0.201904181610/tools/bin/../lib/gcc/arm-none-eabi/7.3.1/../../../../arm-none-eabi/lib/thumb/v7e-m/fpv4-sp/hard\libc_nano.a(lib_a-errno.o)
                0x0000000008008754                __errno
 .text.fprintf  0x0000000008008760       0x24 c:/st/stm32cubeide_1.3.0/stm32cubeide/plugins/com.st.stm32cube.ide.mcu.externaltools.gnu-tools-for-stm32.7-2018-q2-update.win32_1.0.0.201904181610/tools/bin/../lib/gcc/arm-none-eabi/7.3.1/../../../../arm-none-eabi/lib/thumb/v7e-m/fpv4-sp/hard\libc_nano.a(lib_a-fprintf.o)
                0x0000000008008760                fiprintf
                0x0000000008008760                fprintf
 .text.__libc_init_array
                0x0000000008008784       0x48 c:/st/stm32cubeide_1.3.0/stm32cubeide/plugins/com.st.stm32cube.ide.mcu.externaltools.gnu-tools-for-stm32.7-2018-q2-update.win32_1.0.0.201904181610/tools/bin/../lib/gcc/arm-none-eabi/7.3.1/../../../../arm-none-eabi/lib/thumb/v7e-m/fpv4-sp/hard\libc_nano.a(lib_a-init.o)
                0x0000000008008784                __libc_init_array
 .text.__locale_ctype_ptr_l
                0x00000000080087cc        0x6 c:/st/stm32cubeide_1.3.0/stm32cubeide/plugins/com.st.stm32cube.ide.mcu.externaltools.gnu-tools-for-stm32.7-2018-q2-update.win32_1.0.0.201904181610/tools/bin/../lib/gcc/arm-none-eabi/7.3.1/../../../../arm-none-eabi/lib/thumb/v7e-m/fpv4-sp/hard\libc_nano.a(lib_a-locale.o)
                0x00000000080087cc                __locale_ctype_ptr_l
 *fill*         0x00000000080087d2        0x2 
 .text.__locale_ctype_ptr
                0x00000000080087d4       0x1c c:/st/stm32cubeide_1.3.0/stm32cubeide/plugins/com.st.stm32cube.ide.mcu.externaltools.gnu-tools-for-stm32.7-2018-q2-update.win32_1.0.0.201904181610/tools/bin/../lib/gcc/arm-none-eabi/7.3.1/../../../../arm-none-eabi/lib/thumb/v7e-m/fpv4-sp/hard\libc_nano.a(lib_a-locale.o)
                0x00000000080087d4                __locale_ctype_ptr
 .text.__ascii_mbtowc
                0x00000000080087f0       0x24 c:/st/stm32cubeide_1.3.0/stm32cubeide/plugins/com.st.stm32cube.ide.mcu.externaltools.gnu-tools-for-stm32.7-2018-q2-update.win32_1.0.0.201904181610/tools/bin/../lib/gcc/arm-none-eabi/7.3.1/../../../../arm-none-eabi/lib/thumb/v7e-m/fpv4-sp/hard\libc_nano.a(lib_a-mbtowc_r.o)
                0x00000000080087f0                __ascii_mbtowc
 .text.memcmp   0x0000000008008814       0x1e c:/st/stm32cubeide_1.3.0/stm32cubeide/plugins/com.st.stm32cube.ide.mcu.externaltools.gnu-tools-for-stm32.7-2018-q2-update.win32_1.0.0.201904181610/tools/bin/../lib/gcc/arm-none-eabi/7.3.1/../../../../arm-none-eabi/lib/thumb/v7e-m/fpv4-sp/hard\libc_nano.a(lib_a-memcmp.o)
                0x0000000008008814                memcmp
 .text.memcpy   0x0000000008008832       0x16 c:/st/stm32cubeide_1.3.0/stm32cubeide/plugins/com.st.stm32cube.ide.mcu.externaltools.gnu-tools-for-stm32.7-2018-q2-update.win32_1.0.0.201904181610/tools/bin/../lib/gcc/arm-none-eabi/7.3.1/../../../../arm-none-eabi/lib/thumb/v7e-m/fpv4-sp/hard\libc_nano.a(lib_a-memcpy-stub.o)
                0x0000000008008832                memcpy
 .text.memset   0x0000000008008848       0x10 c:/st/stm32cubeide_1.3.0/stm32cubeide/plugins/com.st.stm32cube.ide.mcu.externaltools.gnu-tools-for-stm32.7-2018-q2-update.win32_1.0.0.201904181610/tools/bin/../lib/gcc/arm-none-eabi/7.3.1/../../../../arm-none-eabi/lib/thumb/v7e-m/fpv4-sp/hard\libc_nano.a(lib_a-memset.o)
                0x0000000008008848                memset
 .text.__sfputc_r
                0x0000000008008858       0x2e c:/st/stm32cubeide_1.3.0/stm32cubeide/plugins/com.st.stm32cube.ide.mcu.externaltools.gnu-tools-for-stm32.7-2018-q2-update.win32_1.0.0.201904181610/tools/bin/../lib/gcc/arm-none-eabi/7.3.1/../../../../arm-none-eabi/lib/thumb/v7e-m/fpv4-sp/hard\libc_nano.a(lib_a-nano-vfprintf.o)
 .text.__sfputs_r
                0x0000000008008886       0x24 c:/st/stm32cubeide_1.3.0/stm32cubeide/plugins/com.st.stm32cube.ide.mcu.externaltools.gnu-tools-for-stm32.7-2018-q2-update.win32_1.0.0.201904181610/tools/bin/../lib/gcc/arm-none-eabi/7.3.1/../../../../arm-none-eabi/lib/thumb/v7e-m/fpv4-sp/hard\libc_nano.a(lib_a-nano-vfprintf.o)
                0x0000000008008886                __sfputs_r
 *fill*         0x00000000080088aa        0x2 
 .text._vfprintf_r
                0x00000000080088ac      0x22c c:/st/stm32cubeide_1.3.0/stm32cubeide/plugins/com.st.stm32cube.ide.mcu.externaltools.gnu-tools-for-stm32.7-2018-q2-update.win32_1.0.0.201904181610/tools/bin/../lib/gcc/arm-none-eabi/7.3.1/../../../../arm-none-eabi/lib/thumb/v7e-m/fpv4-sp/hard\libc_nano.a(lib_a-nano-vfprintf.o)
                0x00000000080088ac                _vfprintf_r
                0x00000000080088ac                _vfiprintf_r
 .text._printf_common
                0x0000000008008ad8       0xea c:/st/stm32cubeide_1.3.0/stm32cubeide/plugins/com.st.stm32cube.ide.mcu.externaltools.gnu-tools-for-stm32.7-2018-q2-update.win32_1.0.0.201904181610/tools/bin/../lib/gcc/arm-none-eabi/7.3.1/../../../../arm-none-eabi/lib/thumb/v7e-m/fpv4-sp/hard\libc_nano.a(lib_a-nano-vfprintf_i.o)
                0x0000000008008ad8                _printf_common
 *fill*         0x0000000008008bc2        0x2 
 .text._printf_i
                0x0000000008008bc4      0x224 c:/st/stm32cubeide_1.3.0/stm32cubeide/plugins/com.st.stm32cube.ide.mcu.externaltools.gnu-tools-for-stm32.7-2018-q2-update.win32_1.0.0.201904181610/tools/bin/../lib/gcc/arm-none-eabi/7.3.1/../../../../arm-none-eabi/lib/thumb/v7e-m/fpv4-sp/hard\libc_nano.a(lib_a-nano-vfprintf_i.o)
                0x0000000008008bc4                _printf_i
 .text.printf   0x0000000008008de8       0x30 c:/st/stm32cubeide_1.3.0/stm32cubeide/plugins/com.st.stm32cube.ide.mcu.externaltools.gnu-tools-for-stm32.7-2018-q2-update.win32_1.0.0.201904181610/tools/bin/../lib/gcc/arm-none-eabi/7.3.1/../../../../arm-none-eabi/lib/thumb/v7e-m/fpv4-sp/hard\libc_nano.a(lib_a-printf.o)
                0x0000000008008de8                iprintf
                0x0000000008008de8                printf
 .text.snprintf
                0x0000000008008e18       0x68 c:/st/stm32cubeide_1.3.0/stm32cubeide/plugins/com.st.stm32cube.ide.mcu.externaltools.gnu-tools-for-stm32.7-2018-q2-update.win32_1.0.0.201904181610/tools/bin/../lib/gcc/arm-none-eabi/7.3.1/../../../../arm-none-eabi/lib/thumb/v7e-m/fpv4-sp/hard\libc_nano.a(lib_a-snprintf.o)
                0x0000000008008e18                sniprintf
                0x0000000008008e18                snprintf
 .text.strchr   0x0000000008008e80       0x1a c:/st/stm32cubeide_1.3.0/stm32cubeide/plugins/com.st.stm32cube.ide.mcu.externaltools.gnu-tools-for-stm32.7-2018-q2-update.win32_1.0.0.201904181610/tools/bin/../lib/gcc/arm-none-eabi/7.3.1/../../../../arm-none-eabi/lib/thumb/v7e-m/fpv4-sp/hard\libc_nano.a(lib_a-strchr.o)
                0x0000000008008e80                strchr
 .text.strcpy   0x0000000008008e9a       0x10 c:/st/stm32cubeide_1.3.0/stm32cubeide/plugins/com.st.stm32cube.ide.mcu.externaltools.gnu-tools-for-stm32.7-2018-q2-update.win32_1.0.0.201904181610/tools/bin/../lib/gcc/arm-none-eabi/7.3.1/../../../../arm-none-eabi/lib/thumb/v7e-m/fpv4-sp/hard\libc_nano.a(lib_a-strcpy.o)
                0x0000000008008e9a                strcpy
 .text.strcspn  0x0000000008008eaa       0x24 c:/st/stm32cubeide_1.3.0/stm32cubeide/plugins/com.st.stm32cube.ide.mcu.externaltools.gnu-tools-for-stm32.7-2018-q2-update.win32_1.0.0.201904181610/tools/bin/../lib/gcc/arm-none-eabi/7.3.1/../../../../arm-none-eabi/lib/thumb/v7e-m/fpv4-sp/hard\libc_nano.a(lib_a-strcspn.o)
                0x0000000008008eaa                strcspn
 .text.strspn   0x0000000008008ece       0x24 c:/st/stm32cubeide_1.3.0/stm32cubeide/plugins/com.st.stm32cube.ide.mcu.externaltools.gnu-tools-for-stm32.7-2018-q2-update.win32_1.0.0.201904181610/tools/bin/../lib/gcc/arm-none-eabi/7.3.1/../../../../arm-none-eabi/lib/thumb/v7e-m/fpv4-sp/hard\libc_nano.a(lib_a-strspn.o)
                0x0000000008008ece                strspn
 *fill*         0x0000000008008ef2        0x2 
 .text.strtok   0x0000000008008ef4       0x54 c:/st/stm32cubeide_1.3.0/stm32cubeide/plugins/com.st.stm32cube.ide.mcu.externaltools.gnu-tools-for-stm32.7-2018-q2-update.win32_1.0.0.201904181610/tools/bin/../lib/gcc/arm-none-eabi/7.3.1/../../../../arm-none-eabi/lib/thumb/v7e-m/fpv4-sp/hard\libc_nano.a(lib_a-strtok.o)
                0x0000000008008ef4                strtok
 .text.__strtok_r
                0x0000000008008f48       0x54 c:/st/stm32cubeide_1.3.0/stm32cubeide/plugins/com.st.stm32cube.ide.mcu.externaltools.gnu-tools-for-stm32.7-2018-q2-update.win32_1.0.0.201904181610/tools/bin/../lib/gcc/arm-none-eabi/7.3.1/../../../../arm-none-eabi/lib/thumb/v7e-m/fpv4-sp/hard\libc_nano.a(lib_a-strtok_r.o)
                0x0000000008008f48                __strtok_r
 .text._strtol_l.isra.0
                0x0000000008008f9c       0xf6 c:/st/stm32cubeide_1.3.0/stm32cubeide/plugins/com.st.stm32cube.ide.mcu.externaltools.gnu-tools-for-stm32.7-2018-q2-update.win32_1.0.0.201904181610/tools/bin/../lib/gcc/arm-none-eabi/7.3.1/../../../../arm-none-eabi/lib/thumb/v7e-m/fpv4-sp/hard\libc_nano.a(lib_a-strtol.o)
 *fill*         0x0000000008009092        0x2 
 .text.strtol   0x0000000008009094       0x2c c:/st/stm32cubeide_1.3.0/stm32cubeide/plugins/com.st.stm32cube.ide.mcu.externaltools.gnu-tools-for-stm32.7-2018-q2-update.win32_1.0.0.201904181610/tools/bin/../lib/gcc/arm-none-eabi/7.3.1/../../../../arm-none-eabi/lib/thumb/v7e-m/fpv4-sp/hard\libc_nano.a(lib_a-strtol.o)
                0x0000000008009094                strtol
 .text.vprintf  0x00000000080090c0       0x2c c:/st/stm32cubeide_1.3.0/stm32cubeide/plugins/com.st.stm32cube.ide.mcu.externaltools.gnu-tools-for-stm32.7-2018-q2-update.win32_1.0.0.201904181610/tools/bin/../lib/gcc/arm-none-eabi/7.3.1/../../../../arm-none-eabi/lib/thumb/v7e-m/fpv4-sp/hard\libc_nano.a(lib_a-vprintf.o)
                0x00000000080090c0                viprintf
                0x00000000080090c0                vprintf
 .text.__swbuf_r
                0x00000000080090ec       0xa4 c:/st/stm32cubeide_1.3.0/stm32cubeide/plugins/com.st.stm32cube.ide.mcu.externaltools.gnu-tools-for-stm32.7-2018-q2-update.win32_1.0.0.201904181610/tools/bin/../lib/gcc/arm-none-eabi/7.3.1/../../../../arm-none-eabi/lib/thumb/v7e-m/fpv4-sp/hard\libc_nano.a(lib_a-wbuf.o)
                0x00000000080090ec                __swbuf_r
 .text.__ascii_wctomb
                0x0000000008009190       0x1a c:/st/stm32cubeide_1.3.0/stm32cubeide/plugins/com.st.stm32cube.ide.mcu.externaltools.gnu-tools-for-stm32.7-2018-q2-update.win32_1.0.0.201904181610/tools/bin/../lib/gcc/arm-none-eabi/7.3.1/../../../../arm-none-eabi/lib/thumb/v7e-m/fpv4-sp/hard\libc_nano.a(lib_a-wctomb_r.o)
                0x0000000008009190                __ascii_wctomb
 *fill*         0x00000000080091aa        0x2 
 .text.__swsetup_r
                0x00000000080091ac       0xdc c:/st/stm32cubeide_1.3.0/stm32cubeide/plugins/com.st.stm32cube.ide.mcu.externaltools.gnu-tools-for-stm32.7-2018-q2-update.win32_1.0.0.201904181610/tools/bin/../lib/gcc/arm-none-eabi/7.3.1/../../../../arm-none-eabi/lib/thumb/v7e-m/fpv4-sp/hard\libc_nano.a(lib_a-wsetup.o)
                0x00000000080091ac                __swsetup_r
 .text.abort    0x0000000008009288        0xe c:/st/stm32cubeide_1.3.0/stm32cubeide/plugins/com.st.stm32cube.ide.mcu.externaltools.gnu-tools-for-stm32.7-2018-q2-update.win32_1.0.0.201904181610/tools/bin/../lib/gcc/arm-none-eabi/7.3.1/../../../../arm-none-eabi/lib/thumb/v7e-m/fpv4-sp/hard\libc_nano.a(lib_a-abort.o)
                0x0000000008009288                abort
 *fill*         0x0000000008009296        0x2 
 .text.__sflush_r
                0x0000000008009298      0x10c c:/st/stm32cubeide_1.3.0/stm32cubeide/plugins/com.st.stm32cube.ide.mcu.externaltools.gnu-tools-for-stm32.7-2018-q2-update.win32_1.0.0.201904181610/tools/bin/../lib/gcc/arm-none-eabi/7.3.1/../../../../arm-none-eabi/lib/thumb/v7e-m/fpv4-sp/hard\libc_nano.a(lib_a-fflush.o)
                0x0000000008009298                __sflush_r
 .text._fflush_r
                0x00000000080093a4       0x54 c:/st/stm32cubeide_1.3.0/stm32cubeide/plugins/com.st.stm32cube.ide.mcu.externaltools.gnu-tools-for-stm32.7-2018-q2-update.win32_1.0.0.201904181610/tools/bin/../lib/gcc/arm-none-eabi/7.3.1/../../../../arm-none-eabi/lib/thumb/v7e-m/fpv4-sp/hard\libc_nano.a(lib_a-fflush.o)
                0x00000000080093a4                _fflush_r
 .text.std      0x00000000080093f8       0x48 c:/st/stm32cubeide_1.3.0/stm32cubeide/plugins/com.st.stm32cube.ide.mcu.externaltools.gnu-tools-for-stm32.7-2018-q2-update.win32_1.0.0.201904181610/tools/bin/../lib/gcc/arm-none-eabi/7.3.1/../../../../arm-none-eabi/lib/thumb/v7e-m/fpv4-sp/hard\libc_nano.a(lib_a-findfp.o)
 .text._cleanup_r
                0x0000000008009440        0xc c:/st/stm32cubeide_1.3.0/stm32cubeide/plugins/com.st.stm32cube.ide.mcu.externaltools.gnu-tools-for-stm32.7-2018-q2-update.win32_1.0.0.201904181610/tools/bin/../lib/gcc/arm-none-eabi/7.3.1/../../../../arm-none-eabi/lib/thumb/v7e-m/fpv4-sp/hard\libc_nano.a(lib_a-findfp.o)
                0x0000000008009440                _cleanup_r
 .text.__sfmoreglue
                0x000000000800944c       0x2c c:/st/stm32cubeide_1.3.0/stm32cubeide/plugins/com.st.stm32cube.ide.mcu.externaltools.gnu-tools-for-stm32.7-2018-q2-update.win32_1.0.0.201904181610/tools/bin/../lib/gcc/arm-none-eabi/7.3.1/../../../../arm-none-eabi/lib/thumb/v7e-m/fpv4-sp/hard\libc_nano.a(lib_a-findfp.o)
                0x000000000800944c                __sfmoreglue
 .text.__sinit  0x0000000008009478       0x60 c:/st/stm32cubeide_1.3.0/stm32cubeide/plugins/com.st.stm32cube.ide.mcu.externaltools.gnu-tools-for-stm32.7-2018-q2-update.win32_1.0.0.201904181610/tools/bin/../lib/gcc/arm-none-eabi/7.3.1/../../../../arm-none-eabi/lib/thumb/v7e-m/fpv4-sp/hard\libc_nano.a(lib_a-findfp.o)
                0x0000000008009478                __sinit
 .text.__sfp    0x00000000080094d8       0x78 c:/st/stm32cubeide_1.3.0/stm32cubeide/plugins/com.st.stm32cube.ide.mcu.externaltools.gnu-tools-for-stm32.7-2018-q2-update.win32_1.0.0.201904181610/tools/bin/../lib/gcc/arm-none-eabi/7.3.1/../../../../arm-none-eabi/lib/thumb/v7e-m/fpv4-sp/hard\libc_nano.a(lib_a-findfp.o)
                0x00000000080094d8                __sfp
 .text._fwalk_reent
                0x0000000008009550       0x3c c:/st/stm32cubeide_1.3.0/stm32cubeide/plugins/com.st.stm32cube.ide.mcu.externaltools.gnu-tools-for-stm32.7-2018-q2-update.win32_1.0.0.201904181610/tools/bin/../lib/gcc/arm-none-eabi/7.3.1/../../../../arm-none-eabi/lib/thumb/v7e-m/fpv4-sp/hard\libc_nano.a(lib_a-fwalk.o)
                0x0000000008009550                _fwalk_reent
 .text.__swhatbuf_r
                0x000000000800958c       0x48 c:/st/stm32cubeide_1.3.0/stm32cubeide/plugins/com.st.stm32cube.ide.mcu.externaltools.gnu-tools-for-stm32.7-2018-q2-update.win32_1.0.0.201904181610/tools/bin/../lib/gcc/arm-none-eabi/7.3.1/../../../../arm-none-eabi/lib/thumb/v7e-m/fpv4-sp/hard\libc_nano.a(lib_a-makebuf.o)
                0x000000000800958c                __swhatbuf_r
 .text.__smakebuf_r
                0x00000000080095d4       0x80 c:/st/stm32cubeide_1.3.0/stm32cubeide/plugins/com.st.stm32cube.ide.mcu.externaltools.gnu-tools-for-stm32.7-2018-q2-update.win32_1.0.0.201904181610/tools/bin/../lib/gcc/arm-none-eabi/7.3.1/../../../../arm-none-eabi/lib/thumb/v7e-m/fpv4-sp/hard\libc_nano.a(lib_a-makebuf.o)
                0x00000000080095d4                __smakebuf_r
 .text.malloc   0x0000000008009654       0x10 c:/st/stm32cubeide_1.3.0/stm32cubeide/plugins/com.st.stm32cube.ide.mcu.externaltools.gnu-tools-for-stm32.7-2018-q2-update.win32_1.0.0.201904181610/tools/bin/../lib/gcc/arm-none-eabi/7.3.1/../../../../arm-none-eabi/lib/thumb/v7e-m/fpv4-sp/hard\libc_nano.a(lib_a-malloc.o)
                0x0000000008009654                malloc
 .text.memmove  0x0000000008009664       0x32 c:/st/stm32cubeide_1.3.0/stm32cubeide/plugins/com.st.stm32cube.ide.mcu.externaltools.gnu-tools-for-stm32.7-2018-q2-update.win32_1.0.0.201904181610/tools/bin/../lib/gcc/arm-none-eabi/7.3.1/../../../../arm-none-eabi/lib/thumb/v7e-m/fpv4-sp/hard\libc_nano.a(lib_a-memmove.o)
                0x0000000008009664                memmove
 *fill*         0x0000000008009696        0x2 
 .text._free_r  0x0000000008009698       0x9c c:/st/stm32cubeide_1.3.0/stm32cubeide/plugins/com.st.stm32cube.ide.mcu.externaltools.gnu-tools-for-stm32.7-2018-q2-update.win32_1.0.0.201904181610/tools/bin/../lib/gcc/arm-none-eabi/7.3.1/../../../../arm-none-eabi/lib/thumb/v7e-m/fpv4-sp/hard\libc_nano.a(lib_a-nano-freer.o)
                0x0000000008009698                _free_r
 .text._malloc_r
                0x0000000008009734       0xb4 c:/st/stm32cubeide_1.3.0/stm32cubeide/plugins/com.st.stm32cube.ide.mcu.externaltools.gnu-tools-for-stm32.7-2018-q2-update.win32_1.0.0.201904181610/tools/bin/../lib/gcc/arm-none-eabi/7.3.1/../../../../arm-none-eabi/lib/thumb/v7e-m/fpv4-sp/hard\libc_nano.a(lib_a-nano-mallocr.o)
                0x0000000008009734                _malloc_r
 .text._realloc_r
                0x00000000080097e8       0x4c c:/st/stm32cubeide_1.3.0/stm32cubeide/plugins/com.st.stm32cube.ide.mcu.externaltools.gnu-tools-for-stm32.7-2018-q2-update.win32_1.0.0.201904181610/tools/bin/../lib/gcc/arm-none-eabi/7.3.1/../../../../arm-none-eabi/lib/thumb/v7e-m/fpv4-sp/hard\libc_nano.a(lib_a-nano-reallocr.o)
                0x00000000080097e8                _realloc_r
 .text.__ssputs_r
                0x0000000008009834       0xb4 c:/st/stm32cubeide_1.3.0/stm32cubeide/plugins/com.st.stm32cube.ide.mcu.externaltools.gnu-tools-for-stm32.7-2018-q2-update.win32_1.0.0.201904181610/tools/bin/../lib/gcc/arm-none-eabi/7.3.1/../../../../arm-none-eabi/lib/thumb/v7e-m/fpv4-sp/hard\libc_nano.a(lib_a-nano-svfprintf.o)
                0x0000000008009834                __ssputs_r
 .text._svfprintf_r
                0x00000000080098e8      0x1f0 c:/st/stm32cubeide_1.3.0/stm32cubeide/plugins/com.st.stm32cube.ide.mcu.externaltools.gnu-tools-for-stm32.7-2018-q2-update.win32_1.0.0.201904181610/tools/bin/../lib/gcc/arm-none-eabi/7.3.1/../../../../arm-none-eabi/lib/thumb/v7e-m/fpv4-sp/hard\libc_nano.a(lib_a-nano-svfprintf.o)
                0x00000000080098e8                _svfiprintf_r
                0x00000000080098e8                _svfprintf_r
 .text._sbrk_r  0x0000000008009ad8       0x20 c:/st/stm32cubeide_1.3.0/stm32cubeide/plugins/com.st.stm32cube.ide.mcu.externaltools.gnu-tools-for-stm32.7-2018-q2-update.win32_1.0.0.201904181610/tools/bin/../lib/gcc/arm-none-eabi/7.3.1/../../../../arm-none-eabi/lib/thumb/v7e-m/fpv4-sp/hard\libc_nano.a(lib_a-sbrkr.o)
                0x0000000008009ad8                _sbrk_r
 .text._raise_r
                0x0000000008009af8       0x50 c:/st/stm32cubeide_1.3.0/stm32cubeide/plugins/com.st.stm32cube.ide.mcu.externaltools.gnu-tools-for-stm32.7-2018-q2-update.win32_1.0.0.201904181610/tools/bin/../lib/gcc/arm-none-eabi/7.3.1/../../../../arm-none-eabi/lib/thumb/v7e-m/fpv4-sp/hard\libc_nano.a(lib_a-signal.o)
                0x0000000008009af8                _raise_r
 .text.raise    0x0000000008009b48       0x10 c:/st/stm32cubeide_1.3.0/stm32cubeide/plugins/com.st.stm32cube.ide.mcu.externaltools.gnu-tools-for-stm32.7-2018-q2-update.win32_1.0.0.201904181610/tools/bin/../lib/gcc/arm-none-eabi/7.3.1/../../../../arm-none-eabi/lib/thumb/v7e-m/fpv4-sp/hard\libc_nano.a(lib_a-signal.o)
                0x0000000008009b48                raise
 .text._kill_r  0x0000000008009b58       0x24 c:/st/stm32cubeide_1.3.0/stm32cubeide/plugins/com.st.stm32cube.ide.mcu.externaltools.gnu-tools-for-stm32.7-2018-q2-update.win32_1.0.0.201904181610/tools/bin/../lib/gcc/arm-none-eabi/7.3.1/../../../../arm-none-eabi/lib/thumb/v7e-m/fpv4-sp/hard\libc_nano.a(lib_a-signalr.o)
                0x0000000008009b58                _kill_r
 .text._getpid_r
                0x0000000008009b7c        0x4 c:/st/stm32cubeide_1.3.0/stm32cubeide/plugins/com.st.stm32cube.ide.mcu.externaltools.gnu-tools-for-stm32.7-2018-q2-update.win32_1.0.0.201904181610/tools/bin/../lib/gcc/arm-none-eabi/7.3.1/../../../../arm-none-eabi/lib/thumb/v7e-m/fpv4-sp/hard\libc_nano.a(lib_a-signalr.o)
                0x0000000008009b7c                _getpid_r
 .text.__sread  0x0000000008009b80       0x22 c:/st/stm32cubeide_1.3.0/stm32cubeide/plugins/com.st.stm32cube.ide.mcu.externaltools.gnu-tools-for-stm32.7-2018-q2-update.win32_1.0.0.201904181610/tools/bin/../lib/gcc/arm-none-eabi/7.3.1/../../../../arm-none-eabi/lib/thumb/v7e-m/fpv4-sp/hard\libc_nano.a(lib_a-stdio.o)
                0x0000000008009b80                __sread
 .text.__swrite
                0x0000000008009ba2       0x38 c:/st/stm32cubeide_1.3.0/stm32cubeide/plugins/com.st.stm32cube.ide.mcu.externaltools.gnu-tools-for-stm32.7-2018-q2-update.win32_1.0.0.201904181610/tools/bin/../lib/gcc/arm-none-eabi/7.3.1/../../../../arm-none-eabi/lib/thumb/v7e-m/fpv4-sp/hard\libc_nano.a(lib_a-stdio.o)
                0x0000000008009ba2                __swrite
 .text.__sseek  0x0000000008009bda       0x24 c:/st/stm32cubeide_1.3.0/stm32cubeide/plugins/com.st.stm32cube.ide.mcu.externaltools.gnu-tools-for-stm32.7-2018-q2-update.win32_1.0.0.201904181610/tools/bin/../lib/gcc/arm-none-eabi/7.3.1/../../../../arm-none-eabi/lib/thumb/v7e-m/fpv4-sp/hard\libc_nano.a(lib_a-stdio.o)
                0x0000000008009bda                __sseek
 .text.__sclose
                0x0000000008009bfe        0x8 c:/st/stm32cubeide_1.3.0/stm32cubeide/plugins/com.st.stm32cube.ide.mcu.externaltools.gnu-tools-for-stm32.7-2018-q2-update.win32_1.0.0.201904181610/tools/bin/../lib/gcc/arm-none-eabi/7.3.1/../../../../arm-none-eabi/lib/thumb/v7e-m/fpv4-sp/hard\libc_nano.a(lib_a-stdio.o)
                0x0000000008009bfe                __sclose
 *fill*         0x0000000008009c06        0x2 
 .text._write_r
                0x0000000008009c08       0x24 c:/st/stm32cubeide_1.3.0/stm32cubeide/plugins/com.st.stm32cube.ide.mcu.externaltools.gnu-tools-for-stm32.7-2018-q2-update.win32_1.0.0.201904181610/tools/bin/../lib/gcc/arm-none-eabi/7.3.1/../../../../arm-none-eabi/lib/thumb/v7e-m/fpv4-sp/hard\libc_nano.a(lib_a-writer.o)
                0x0000000008009c08                _write_r
 .text._close_r
                0x0000000008009c2c       0x20 c:/st/stm32cubeide_1.3.0/stm32cubeide/plugins/com.st.stm32cube.ide.mcu.externaltools.gnu-tools-for-stm32.7-2018-q2-update.win32_1.0.0.201904181610/tools/bin/../lib/gcc/arm-none-eabi/7.3.1/../../../../arm-none-eabi/lib/thumb/v7e-m/fpv4-sp/hard\libc_nano.a(lib_a-closer.o)
                0x0000000008009c2c                _close_r
 .text._fstat_r
                0x0000000008009c4c       0x24 c:/st/stm32cubeide_1.3.0/stm32cubeide/plugins/com.st.stm32cube.ide.mcu.externaltools.gnu-tools-for-stm32.7-2018-q2-update.win32_1.0.0.201904181610/tools/bin/../lib/gcc/arm-none-eabi/7.3.1/../../../../arm-none-eabi/lib/thumb/v7e-m/fpv4-sp/hard\libc_nano.a(lib_a-fstatr.o)
                0x0000000008009c4c                _fstat_r
 .text._isatty_r
                0x0000000008009c70       0x20 c:/st/stm32cubeide_1.3.0/stm32cubeide/plugins/com.st.stm32cube.ide.mcu.externaltools.gnu-tools-for-stm32.7-2018-q2-update.win32_1.0.0.201904181610/tools/bin/../lib/gcc/arm-none-eabi/7.3.1/../../../../arm-none-eabi/lib/thumb/v7e-m/fpv4-sp/hard\libc_nano.a(lib_a-isattyr.o)
                0x0000000008009c70                _isatty_r
 .text._lseek_r
                0x0000000008009c90       0x24 c:/st/stm32cubeide_1.3.0/stm32cubeide/plugins/com.st.stm32cube.ide.mcu.externaltools.gnu-tools-for-stm32.7-2018-q2-update.win32_1.0.0.201904181610/tools/bin/../lib/gcc/arm-none-eabi/7.3.1/../../../../arm-none-eabi/lib/thumb/v7e-m/fpv4-sp/hard\libc_nano.a(lib_a-lseekr.o)
                0x0000000008009c90                _lseek_r
 .text.__malloc_lock
                0x0000000008009cb4        0x2 c:/st/stm32cubeide_1.3.0/stm32cubeide/plugins/com.st.stm32cube.ide.mcu.externaltools.gnu-tools-for-stm32.7-2018-q2-update.win32_1.0.0.201904181610/tools/bin/../lib/gcc/arm-none-eabi/7.3.1/../../../../arm-none-eabi/lib/thumb/v7e-m/fpv4-sp/hard\libc_nano.a(lib_a-mlock.o)
                0x0000000008009cb4                __malloc_lock
 .text.__malloc_unlock
                0x0000000008009cb6        0x2 c:/st/stm32cubeide_1.3.0/stm32cubeide/plugins/com.st.stm32cube.ide.mcu.externaltools.gnu-tools-for-stm32.7-2018-q2-update.win32_1.0.0.201904181610/tools/bin/../lib/gcc/arm-none-eabi/7.3.1/../../../../arm-none-eabi/lib/thumb/v7e-m/fpv4-sp/hard\libc_nano.a(lib_a-mlock.o)
                0x0000000008009cb6                __malloc_unlock
 .text._malloc_usable_size_r
                0x0000000008009cb8       0x10 c:/st/stm32cubeide_1.3.0/stm32cubeide/plugins/com.st.stm32cube.ide.mcu.externaltools.gnu-tools-for-stm32.7-2018-q2-update.win32_1.0.0.201904181610/tools/bin/../lib/gcc/arm-none-eabi/7.3.1/../../../../arm-none-eabi/lib/thumb/v7e-m/fpv4-sp/hard\libc_nano.a(lib_a-nano-msizer.o)
                0x0000000008009cb8                _malloc_usable_size_r
 .text._read_r  0x0000000008009cc8       0x24 c:/st/stm32cubeide_1.3.0/stm32cubeide/plugins/com.st.stm32cube.ide.mcu.externaltools.gnu-tools-for-stm32.7-2018-q2-update.win32_1.0.0.201904181610/tools/bin/../lib/gcc/arm-none-eabi/7.3.1/../../../../arm-none-eabi/lib/thumb/v7e-m/fpv4-sp/hard\libc_nano.a(lib_a-readr.o)
                0x0000000008009cc8                _read_r
 *(.glue_7)
 .glue_7        0x0000000008009cec        0x0 linker stubs
 *(.glue_7t)
 .glue_7t       0x0000000008009cec        0x0 linker stubs
 *(.eh_frame)
 .eh_frame      0x0000000008009cec        0x0 c:/st/stm32cubeide_1.3.0/stm32cubeide/plugins/com.st.stm32cube.ide.mcu.externaltools.gnu-tools-for-stm32.7-2018-q2-update.win32_1.0.0.201904181610/tools/bin/../lib/gcc/arm-none-eabi/7.3.1/thumb/v7e-m/fpv4-sp/hard/crtbegin.o
 *(.init)
 .init          0x0000000008009cec        0x4 c:/st/stm32cubeide_1.3.0/stm32cubeide/plugins/com.st.stm32cube.ide.mcu.externaltools.gnu-tools-for-stm32.7-2018-q2-update.win32_1.0.0.201904181610/tools/bin/../lib/gcc/arm-none-eabi/7.3.1/thumb/v7e-m/fpv4-sp/hard/crti.o
                0x0000000008009cec                _init
 .init          0x0000000008009cf0        0x8 c:/st/stm32cubeide_1.3.0/stm32cubeide/plugins/com.st.stm32cube.ide.mcu.externaltools.gnu-tools-for-stm32.7-2018-q2-update.win32_1.0.0.201904181610/tools/bin/../lib/gcc/arm-none-eabi/7.3.1/thumb/v7e-m/fpv4-sp/hard/crtn.o
 *(.fini)
 .fini          0x0000000008009cf8        0x4 c:/st/stm32cubeide_1.3.0/stm32cubeide/plugins/com.st.stm32cube.ide.mcu.externaltools.gnu-tools-for-stm32.7-2018-q2-update.win32_1.0.0.201904181610/tools/bin/../lib/gcc/arm-none-eabi/7.3.1/thumb/v7e-m/fpv4-sp/hard/crti.o
                0x0000000008009cf8                _fini
 .fini          0x0000000008009cfc        0x8 c:/st/stm32cubeide_1.3.0/stm32cubeide/plugins/com.st.stm32cube.ide.mcu.externaltools.gnu-tools-for-stm32.7-2018-q2-update.win32_1.0.0.201904181610/tools/bin/../lib/gcc/arm-none-eabi/7.3.1/thumb/v7e-m/fpv4-sp/hard/crtn.o
                0x0000000008009d04                . = ALIGN (0x4)
                0x0000000008009d04                _etext = .

.vfp11_veneer   0x0000000008009d04        0x0
 .vfp11_veneer  0x0000000008009d04        0x0 linker stubs

.v4_bx          0x0000000008009d04        0x0
 .v4_bx         0x0000000008009d04        0x0 linker stubs

.iplt           0x0000000008009d04        0x0
 .iplt          0x0000000008009d04        0x0 c:/st/stm32cubeide_1.3.0/stm32cubeide/plugins/com.st.stm32cube.ide.mcu.externaltools.gnu-tools-for-stm32.7-2018-q2-update.win32_1.0.0.201904181610/tools/bin/../lib/gcc/arm-none-eabi/7.3.1/thumb/v7e-m/fpv4-sp/hard/crtbegin.o

.rodata         0x0000000008009d04     0x14b8
                0x0000000008009d04                . = ALIGN (0x4)
 *(.rodata)
 .rodata        0x0000000008009d04       0x1a Core/Src/OS/OS_CLI/cli_internal.o
 *fill*         0x0000000008009d1e        0x2 
 .rodata        0x0000000008009d20        0x8 Core/Src/OS/OS_FS/lfs.o
 *(.rodata*)
 .rodata.str1.1
                0x0000000008009d28       0x4b Core/Src/OS/OS_CLI/cli.o
                                         0x5a (size before relaxing)
 .rodata.cli_treat_command.str1.1
                0x0000000008009d73      0x15d Core/Src/OS/OS_CLI/cli_internal.o
                                        0x16f (size before relaxing)
 .rodata.str1.1
                0x0000000008009ed0        0xf Core/Src/OS/OS_CLI/cli_internal.o
 .rodata.erase.str1.1
                0x0000000008009edf       0x44 Core/Src/OS/OS_CLI/submenus/cli_flash.o
 *fill*         0x0000000008009f23        0x1 
 .rodata.eraseArgs
                0x0000000008009f24        0xc Core/Src/OS/OS_CLI/submenus/cli_flash.o
 .rodata.read.str1.1
                0x0000000008009f30       0x1b Core/Src/OS/OS_CLI/submenus/cli_flash.o
 *fill*         0x0000000008009f4b        0x1 
 .rodata.readWriteArgs
                0x0000000008009f4c        0xc Core/Src/OS/OS_CLI/submenus/cli_flash.o
 .rodata.str1.1
                0x0000000008009f58       0xc0 Core/Src/OS/OS_CLI/submenus/cli_flash.o
                                         0xcc (size before relaxing)
 .rodata.write.str1.1
                0x000000000800a018       0x3b Core/Src/OS/OS_CLI/submenus/cli_flash.o
 .rodata.bRead.str1.1
                0x000000000800a053       0x1f Core/Src/OS/OS_CLI/submenus/cli_lfs.o
 .rodata.close.str1.1
                0x000000000800a053       0x34 Core/Src/OS/OS_CLI/submenus/cli_lfs.o
 .rodata.delete.str1.1
                0x000000000800a087       0x40 Core/Src/OS/OS_CLI/submenus/cli_lfs.o
 .rodata.ls.str1.1
                0x000000000800a0c7       0x6c Core/Src/OS/OS_CLI/submenus/cli_lfs.o
 .rodata.open.str1.1
                0x000000000800a133       0x3c Core/Src/OS/OS_CLI/submenus/cli_lfs.o
 .rodata.read.str1.1
                0x000000000800a16f       0x35 Core/Src/OS/OS_CLI/submenus/cli_lfs.o
                                         0x50 (size before relaxing)
 .rodata.seek.str1.1
                0x000000000800a1a4       0x33 Core/Src/OS/OS_CLI/submenus/cli_lfs.o
 .rodata.str1.1
                0x000000000800a1d7      0x126 Core/Src/OS/OS_CLI/submenus/cli_lfs.o
                                        0x138 (size before relaxing)
 .rodata.write.str1.1
                0x000000000800a2fd       0x35 Core/Src/OS/OS_CLI/submenus/cli_lfs.o
 .rodata.xmodem.str1.1
                0x000000000800a332       0x35 Core/Src/OS/OS_CLI/submenus/cli_lfs.o
                                          0xa (size before relaxing)
 .rodata.str1.1
                0x000000000800a332       0x13 Core/Src/OS/OS_CLI/submenus/cli_system.o
                                         0x14 (size before relaxing)
 .rodata.exec.str1.1
                0x000000000800a345       0x5d Core/Src/OS/OS_CLI/submenus/cli_task.o
                                         0x60 (size before relaxing)
 .rodata.kill.str1.1
                0x000000000800a3a2       0x4c Core/Src/OS/OS_CLI/submenus/cli_task.o
 .rodata.str1.1
                0x000000000800a3ee       0x5e Core/Src/OS/OS_CLI/submenus/cli_task.o
                                         0x63 (size before relaxing)
 .rodata.top.str1.1
                0x000000000800a44c       0x51 Core/Src/OS/OS_CLI/submenus/cli_task.o
 .rodata.os_task_createProcess.str1.1
                0x000000000800a49d       0x41 Core/Src/OS/OS_Core/OS_Tasks.o
                                         0x58 (size before relaxing)
 .rodata.os_flash_write.str1.1
                0x000000000800a4de        0xb Core/Src/OS/OS_Drivers/OS_flash.o
                                         0x25 (size before relaxing)
 .rodata.__func__.10537
                0x000000000800a4e9        0xc Core/Src/OS/OS_FS/lfs.o
 .rodata.__func__.10565
                0x000000000800a4f5        0xd Core/Src/OS/OS_FS/lfs.o
 .rodata.__func__.10576
                0x000000000800a502        0xc Core/Src/OS/OS_FS/lfs.o
 .rodata.__func__.10588
                0x000000000800a50e        0xc Core/Src/OS/OS_FS/lfs.o
 .rodata.__func__.10598
                0x000000000800a51a        0xd Core/Src/OS/OS_FS/lfs.o
 .rodata.__func__.10928
                0x000000000800a527       0x11 Core/Src/OS/OS_FS/lfs.o
 .rodata.__func__.11162
                0x000000000800a538       0x10 Core/Src/OS/OS_FS/lfs.o
 .rodata.__func__.11201
                0x000000000800a548       0x19 Core/Src/OS/OS_FS/lfs.o
 .rodata.__func__.11258
                0x000000000800a561       0x18 Core/Src/OS/OS_FS/lfs.o
 .rodata.__func__.11502
                0x000000000800a579       0x11 Core/Src/OS/OS_FS/lfs.o
 .rodata.__func__.11529
                0x000000000800a58a       0x12 Core/Src/OS/OS_FS/lfs.o
 .rodata.__func__.11660
                0x000000000800a59c        0x9 Core/Src/OS/OS_FS/lfs.o
 .rodata.__func__.11773
                0x000000000800a5a5       0x13 Core/Src/OS/OS_FS/lfs.o
 .rodata.__func__.11884
                0x000000000800a5b8        0xe Core/Src/OS/OS_FS/lfs.o
 .rodata.__func__.11899
                0x000000000800a5c6        0xf Core/Src/OS/OS_FS/lfs.o
 .rodata.__func__.11913
                0x000000000800a5d5        0xe Core/Src/OS/OS_FS/lfs.o
 .rodata.__func__.11922
                0x000000000800a5e3        0xf Core/Src/OS/OS_FS/lfs.o
 .rodata.__func__.11931
                0x000000000800a5f2        0xe Core/Src/OS/OS_FS/lfs.o
 .rodata.__func__.11957
                0x000000000800a600        0xe Core/Src/OS/OS_FS/lfs.o
 .rodata.__func__.11970
                0x000000000800a60e        0xd Core/Src/OS/OS_FS/lfs.o
 *fill*         0x000000000800a61b        0x1 
 .rodata.defaults.11430
                0x000000000800a61c        0xc Core/Src/OS/OS_FS/lfs.o
 .rodata.lfs_alloc.str1.1
                0x000000000800a628       0x28 Core/Src/OS/OS_FS/lfs.o
 .rodata.lfs_bd_erase.isra.18.str1.1
                0x000000000800a650        0x9 Core/Src/OS/OS_FS/lfs.o
                                         0x27 (size before relaxing)
 .rodata.lfs_bd_flush.str1.1
                0x000000000800a659       0x26 Core/Src/OS/OS_FS/lfs.o
 .rodata.lfs_bd_prog.str1.1
                0x000000000800a67f       0x82 Core/Src/OS/OS_FS/lfs.o
 .rodata.lfs_dir_compact.str1.1
                0x000000000800a701       0x5d Core/Src/OS/OS_FS/lfs.o
 .rodata.lfs_dir_fetchmatch.str1.1
                0x000000000800a75e       0x36 Core/Src/OS/OS_FS/lfs.o
                                         0x37 (size before relaxing)
 .rodata.lfs_dir_find.str1.1
                0x000000000800a794        0x5 Core/Src/OS/OS_FS/lfs.o
 .rodata.lfs_dir_open.str1.1
                0x000000000800a799       0x36 Core/Src/OS/OS_FS/lfs.o
 .rodata.lfs_dir_orphaningcommit.str1.1
                0x000000000800a7cf       0xa6 Core/Src/OS/OS_FS/lfs.o
 .rodata.lfs_dir_read.str1.1
                0x000000000800a875        0x2 Core/Src/OS/OS_FS/lfs.o
 .rodata.lfs_dir_relocatingcommit.str1.1
                0x000000000800a875       0xa0 Core/Src/OS/OS_FS/lfs.o
 .rodata.lfs_dir_traverse.constprop.39.str1.1
                0x000000000800a915        0x7 Core/Src/OS/OS_FS/lfs.o
 .rodata.lfs_file_close.str1.1
                0x000000000800a91c        0x7 Core/Src/OS/OS_FS/lfs.o
                                         0x36 (size before relaxing)
 .rodata.lfs_file_open.str1.1
                0x000000000800a91c       0x37 Core/Src/OS/OS_FS/lfs.o
 .rodata.lfs_file_rawwrite.str1.1
                0x000000000800a953       0x2d Core/Src/OS/OS_FS/lfs.o
 .rodata.lfs_file_read.str1.1
                0x000000000800a980       0x2d Core/Src/OS/OS_FS/lfs.o
 .rodata.lfs_file_relocate.str1.1
                0x000000000800a9ad       0x24 Core/Src/OS/OS_FS/lfs.o
 .rodata.lfs_format.str1.1
                0x000000000800a9d1        0x9 Core/Src/OS/OS_FS/lfs.o
 .rodata.lfs_fs_deorphan.part.29.str1.1
                0x000000000800a9da       0xbb Core/Src/OS/OS_FS/lfs.o
 .rodata.lfs_fs_forceconsistency.str1.1
                0x000000000800aa95       0x32 Core/Src/OS/OS_FS/lfs.o
 .rodata.lfs_fs_preporphans.isra.20.str1.1
                0x000000000800aac7       0x32 Core/Src/OS/OS_FS/lfs.o
 .rodata.lfs_init.str1.1
                0x000000000800aaf9      0x256 Core/Src/OS/OS_FS/lfs.o
 .rodata.lfs_mount.str1.1
                0x000000000800ad4f      0x15b Core/Src/OS/OS_FS/lfs.o
 .rodata.lfs_flash_erase.str1.1
                0x000000000800aeaa        0xa Core/Src/OS/OS_FS/lfs_bsp.o
                                         0x24 (size before relaxing)
 .rodata.os_lfs_init.str1.1
                0x000000000800aeb4       0x56 Core/Src/OS/OS_FS/lfs_bsp.o
 *fill*         0x000000000800af0a        0x2 
 .rodata.rtable.10512
                0x000000000800af0c       0x40 Core/Src/OS/OS_FS/lfs_util.o
 .rodata.xModem_rcv.str1.1
                0x000000000800af4c       0x31 Core/Src/OS/OS_FS/xmodem.o
 .rodata.main.str1.1
                0x000000000800af7d       0x4a Core/Src/main.o
                                         0x69 (size before relaxing)
 .rodata.AHBPrescTable
                0x000000000800afc7       0x10 Core/Src/system_stm32f4xx.o
                0x000000000800afc7                AHBPrescTable
 .rodata.APBPrescTable
                0x000000000800afd7        0x8 Core/Src/system_stm32f4xx.o
                0x000000000800afd7                APBPrescTable
 .rodata.__assert_func.str1.1
                0x000000000800afdf       0x3c c:/st/stm32cubeide_1.3.0/stm32cubeide/plugins/com.st.stm32cube.ide.mcu.externaltools.gnu-tools-for-stm32.7-2018-q2-update.win32_1.0.0.201904181610/tools/bin/../lib/gcc/arm-none-eabi/7.3.1/../../../../arm-none-eabi/lib/thumb/v7e-m/fpv4-sp/hard\libc_nano.a(lib_a-assert.o)
                                         0x3d (size before relaxing)
 *fill*         0x000000000800b01b        0x1 
 .rodata._global_impure_ptr
                0x000000000800b01c        0x4 c:/st/stm32cubeide_1.3.0/stm32cubeide/plugins/com.st.stm32cube.ide.mcu.externaltools.gnu-tools-for-stm32.7-2018-q2-update.win32_1.0.0.201904181610/tools/bin/../lib/gcc/arm-none-eabi/7.3.1/../../../../arm-none-eabi/lib/thumb/v7e-m/fpv4-sp/hard\libc_nano.a(lib_a-impure.o)
                0x000000000800b01c                _global_impure_ptr
 .rodata._setlocale_r.str1.1
                0x000000000800b020        0x6 c:/st/stm32cubeide_1.3.0/stm32cubeide/plugins/com.st.stm32cube.ide.mcu.externaltools.gnu-tools-for-stm32.7-2018-q2-update.win32_1.0.0.201904181610/tools/bin/../lib/gcc/arm-none-eabi/7.3.1/../../../../arm-none-eabi/lib/thumb/v7e-m/fpv4-sp/hard\libc_nano.a(lib_a-locale.o)
                                          0x9 (size before relaxing)
 .rodata.str1.1
                0x000000000800b026        0x2 c:/st/stm32cubeide_1.3.0/stm32cubeide/plugins/com.st.stm32cube.ide.mcu.externaltools.gnu-tools-for-stm32.7-2018-q2-update.win32_1.0.0.201904181610/tools/bin/../lib/gcc/arm-none-eabi/7.3.1/../../../../arm-none-eabi/lib/thumb/v7e-m/fpv4-sp/hard\libc_nano.a(lib_a-locale.o)
 .rodata._vfprintf_r.str1.1
                0x000000000800b026       0x11 c:/st/stm32cubeide_1.3.0/stm32cubeide/plugins/com.st.stm32cube.ide.mcu.externaltools.gnu-tools-for-stm32.7-2018-q2-update.win32_1.0.0.201904181610/tools/bin/../lib/gcc/arm-none-eabi/7.3.1/../../../../arm-none-eabi/lib/thumb/v7e-m/fpv4-sp/hard\libc_nano.a(lib_a-nano-vfprintf.o)
 .rodata._printf_i.str1.1
                0x000000000800b037       0x22 c:/st/stm32cubeide_1.3.0/stm32cubeide/plugins/com.st.stm32cube.ide.mcu.externaltools.gnu-tools-for-stm32.7-2018-q2-update.win32_1.0.0.201904181610/tools/bin/../lib/gcc/arm-none-eabi/7.3.1/../../../../arm-none-eabi/lib/thumb/v7e-m/fpv4-sp/hard\libc_nano.a(lib_a-nano-vfprintf_i.o)
 .rodata._ctype_
                0x000000000800b059      0x101 c:/st/stm32cubeide_1.3.0/stm32cubeide/plugins/com.st.stm32cube.ide.mcu.externaltools.gnu-tools-for-stm32.7-2018-q2-update.win32_1.0.0.201904181610/tools/bin/../lib/gcc/arm-none-eabi/7.3.1/../../../../arm-none-eabi/lib/thumb/v7e-m/fpv4-sp/hard\libc_nano.a(lib_a-ctype_.o)