Archive member included to satisfy reference by file (symbol)

c:/st/stm32cubeide_1.3.0/stm32cubeide/plugins/com.st.stm32cube.ide.mcu.externaltools.gnu-tools-for-stm32.7-2018-q2-update.win32_1.0.0.201904181610/tools/bin/../lib/gcc/arm-none-eabi/7.3.1/../../../../arm-none-eabi/lib/thumb/v7e-m/fpv4-sp/hard\libc_nano.a(lib_a-assert.o)
                              Core/Src/OS/OS_FS/lfs.o (__assert_func)
c:/st/stm32cubeide_1.3.0/stm32cubeide/plugins/com.st.stm32cube.ide.mcu.externaltools.gnu-tools-for-stm32.7-2018-q2-update.win32_1.0.0.201904181610/tools/bin/../lib/gcc/arm-none-eabi/7.3.1/../../../../arm-none-eabi/lib/thumb/v7e-m/fpv4-sp/hard\libc_nano.a(lib_a-errno.o)
                              Core/Src/syscalls.o (__errno)
c:/st/stm32cubeide_1.3.0/stm32cubeide/plugins/com.st.stm32cube.ide.mcu.externaltools.gnu-tools-for-stm32.7-2018-q2-update.win32_1.0.0.201904181610/tools/bin/../lib/gcc/arm-none-eabi/7.3.1/../../../../arm-none-eabi/lib/thumb/v7e-m/fpv4-sp/hard\libc_nano.a(lib_a-exit.o)
                              c:/st/stm32cubeide_1.3.0/stm32cubeide/plugins/com.st.stm32cube.ide.mcu.externaltools.gnu-tools-for-stm32.7-2018-q2-update.win32_1.0.0.201904181610/tools/bin/../lib/gcc/arm-none-eabi/7.3.1/../../../../arm-none-eabi/lib/thumb/v7e-m/fpv4-sp/hard/crt0.o (exit)
c:/st/stm32cubeide_1.3.0/stm32cubeide/plugins/com.st.stm32cube.ide.mcu.externaltools.gnu-tools-for-stm32.7-2018-q2-update.win32_1.0.0.201904181610/tools/bin/../lib/gcc/arm-none-eabi/7.3.1/../../../../arm-none-eabi/lib/thumb/v7e-m/fpv4-sp/hard\libc_nano.a(lib_a-fprintf.o)
                              c:/st/stm32cubeide_1.3.0/stm32cubeide/plugins/com.st.stm32cube.ide.mcu.externaltools.gnu-tools-for-stm32.7-2018-q2-update.win32_1.0.0.201904181610/tools/bin/../lib/gcc/arm-none-eabi/7.3.1/../../../../arm-none-eabi/lib/thumb/v7e-m/fpv4-sp/hard\libc_nano.a(lib_a-assert.o) (fiprintf)
c:/st/stm32cubeide_1.3.0/stm32cubeide/plugins/com.st.stm32cube.ide.mcu.externaltools.gnu-tools-for-stm32.7-2018-q2-update.win32_1.0.0.201904181610/tools/bin/../lib/gcc/arm-none-eabi/7.3.1/../../../../arm-none-eabi/lib/thumb/v7e-m/fpv4-sp/hard\libc_nano.a(lib_a-impure.o)
                              c:/st/stm32cubeide_1.3.0/stm32cubeide/plugins/com.st.stm32cube.ide.mcu.externaltools.gnu-tools-for-stm32.7-2018-q2-update.win32_1.0.0.201904181610/tools/bin/../lib/gcc/arm-none-eabi/7.3.1/../../../../arm-none-eabi/lib/thumb/v7e-m/fpv4-sp/hard\libc_nano.a(lib_a-exit.o) (_global_impure_ptr)
c:/st/stm32cubeide_1.3.0/stm32cubeide/plugins/com.st.stm32cube.ide.mcu.externaltools.gnu-tools-for-stm32.7-2018-q2-update.win32_1.0.0.201904181610/tools/bin/../lib/gcc/arm-none-eabi/7.3.1/../../../../arm-none-eabi/lib/thumb/v7e-m/fpv4-sp/hard\libc_nano.a(lib_a-init.o)
                              c:/st/stm32cubeide_1.3.0/stm32cubeide/plugins/com.st.stm32cube.ide.mcu.externaltools.gnu-tools-for-stm32.7-2018-q2-update.win32_1.0.0.201904181610/tools/bin/../lib/gcc/arm-none-eabi/7.3.1/../../../../arm-none-eabi/lib/thumb/v7e-m/fpv4-sp/hard/crt0.o (__libc_init_array)
c:/st/stm32cubeide_1.3.0/stm32cubeide/plugins/com.st.stm32cube.ide.mcu.externaltools.gnu-tools-for-stm32.7-2018-q2-update.win32_1.0.0.201904181610/tools/bin/../lib/gcc/arm-none-eabi/7.3.1/../../../../arm-none-eabi/lib/thumb/v7e-m/fpv4-sp/hard\libc_nano.a(lib_a-locale.o)
                              Core/Src/OS/OS_CLI/cli_internal.o (__locale_ctype_ptr)
c:/st/stm32cubeide_1.3.0/stm32cubeide/plugins/com.st.stm32cube.ide.mcu.externaltools.gnu-tools-for-stm32.7-2018-q2-update.win32_1.0.0.201904181610/tools/bin/../lib/gcc/arm-none-eabi/7.3.1/../../../../arm-none-eabi/lib/thumb/v7e-m/fpv4-sp/hard\libc_nano.a(lib_a-mbtowc_r.o)
                              c:/st/stm32cubeide_1.3.0/stm32cubeide/plugins/com.st.stm32cube.ide.mcu.externaltools.gnu-tools-for-stm32.7-2018-q2-update.win32_1.0.0.201904181610/tools/bin/../lib/gcc/arm-none-eabi/7.3.1/../../../../arm-none-eabi/lib/thumb/v7e-m/fpv4-sp/hard\libc_nano.a(lib_a-locale.o) (__ascii_mbtowc)
c:/st/stm32cubeide_1.3.0/stm32cubeide/plugins/com.st.stm32cube.ide.mcu.externaltools.gnu-tools-for-stm32.7-2018-q2-update.win32_1.0.0.201904181610/tools/bin/../lib/gcc/arm-none-eabi/7.3.1/../../../../arm-none-eabi/lib/thumb/v7e-m/fpv4-sp/hard\libc_nano.a(lib_a-memcmp.o)
                              Core/Src/OS/OS_FS/lfs.o (memcmp)
c:/st/stm32cubeide_1.3.0/stm32cubeide/plugins/com.st.stm32cube.ide.mcu.externaltools.gnu-tools-for-stm32.7-2018-q2-update.win32_1.0.0.201904181610/tools/bin/../lib/gcc/arm-none-eabi/7.3.1/../../../../arm-none-eabi/lib/thumb/v7e-m/fpv4-sp/hard\libc_nano.a(lib_a-memcpy-stub.o)
                              Core/Src/OS/OS_Drivers/OS_flash.o (memcpy)
c:/st/stm32cubeide_1.3.0/stm32cubeide/plugins/com.st.stm32cube.ide.mcu.externaltools.gnu-tools-for-stm32.7-2018-q2-update.win32_1.0.0.201904181610/tools/bin/../lib/gcc/arm-none-eabi/7.3.1/../../../../arm-none-eabi/lib/thumb/v7e-m/fpv4-sp/hard\libc_nano.a(lib_a-memset.o)
[...]
Memory Configuration

Name             Origin             Length             Attributes
CCMRAM           0x0000000010000000 0x0000000000010000 xrw
SL_PTR           0x0000000020000000 0x0000000000000004 xrw
RAM              0x0000000020000004 0x000000000001fffc xrw
FLASH            0x0000000008000000 0x0000000000020000 xr
LFS              0x0000000008020000 0x00000000000e0000 xr
*default*        0x0000000000000000 0xffffffffffffffff

Linker script and memory map

LOAD c:/st/stm32cubeide_1.3.0/stm32cubeide/plugins/com.st.stm32cube.ide.mcu.externaltools.gnu-tools-for-stm32.7-2018-q2-update.win32_1.0.0.201904181610/tools/bin/../lib/gcc/arm-none-eabi/7.3.1/thumb/v7e-m/fpv4-sp/hard/crti.o
LOAD c:/st/stm32cubeide_1.3.0/stm32cubeide/plugins/com.st.stm32cube.ide.mcu.externaltools.gnu-tools-for-stm32.7-2018-q2-update.win32_1.0.0.201904181610/tools/bin/../lib/gcc/arm-none-eabi/7.3.1/thumb/v7e-m/fpv4-sp/hard/crtbegin.o
LOAD c:/st/stm32cubeide_1.3.0/stm32cubeide/plugins/com.st.stm32cube.ide.mcu.externaltools.gnu-tools-for-stm32.7-2018-q2-update.win32_1.0.0.201904181610/tools/bin/../lib/gcc/arm-none-eabi/7.3.1/../../../../arm-none-eabi/lib/thumb/v7e-m/fpv4-sp/hard/crt0.o
LOAD Core/Src/OS/OS_CLI/cli.o
LOAD Core/Src/OS/OS_CLI/cli_internal.o
LOAD Core/Src/OS/OS_CLI/cli_process.o
LOAD Core/Src/OS/OS_CLI/submenus/cli_flash.o
LOAD Core/Src/OS/OS_CLI/submenus/cli_lfs.o
LOAD Core/Src/OS/OS_CLI/submenus/cli_system.o
LOAD Core/Src/OS/OS_CLI/submenus/cli_task.o
LOAD Core/Src/OS/OS_Core/OS.o
LOAD Core/Src/OS/OS_Core/OS_Callbacks.o
LOAD Core/Src/OS/OS_Core/OS_Event.o
LOAD Core/Src/OS/OS_Core/OS_Heap.o
LOAD Core/Src/OS/OS_Core/OS_Internal.o
LOAD Core/Src/OS/OS_Core/OS_MsgQ.o
LOAD Core/Src/OS/OS_Core/OS_Mutex.o
LOAD Core/Src/OS/OS_Core/OS_Obj.o
LOAD Core/Src/OS/OS_Core/OS_Scheduler.o
LOAD Core/Src/OS/OS_Core/OS_Sem.o
LOAD Core/Src/OS/OS_Core/OS_Tasks.o
LOAD Core/Src/OS/OS_Core/OS_Tick.o
LOAD Core/Src/OS/OS_Drivers/OS_flash.o
LOAD Core/Src/OS/OS_FS/lfs.o
LOAD Core/Src/OS/OS_FS/lfs_bsp.o
LOAD Core/Src/OS/OS_FS/lfs_util.o
LOAD Core/Src/OS/OS_FS/xmodem.o
LOAD Core/Src/OS/OS_SL/os_sl.o
LOAD Core/Src/gpio.o
LOAD Core/Src/main.o
LOAD Core/Src/stm32f4xx_hal_msp.o
LOAD Core/Src/stm32f4xx_it.o
LOAD Core/Src/syscalls.o
LOAD Core/Src/sysmem.o
LOAD Core/Src/system_stm32f4xx.o
LOAD Core/Src/tim.o
LOAD Core/Src/usart.o
LOAD Core/Startup/startup_stm32f407vgtx.o
LOAD Drivers/STM32F4xx_HAL_Driver/Src/stm32f4xx_hal.o
LOAD Drivers/STM32F4xx_HAL_Driver/Src/stm32f4xx_hal_cortex.o
LOAD Drivers/STM32F4xx_HAL_Driver/Src/stm32f4xx_hal_dma.o
LOAD Drivers/STM32F4xx_HAL_Driver/Src/stm32f4xx_hal_dma_ex.o
LOAD Drivers/STM32F4xx_HAL_Driver/Src/stm32f4xx_hal_exti.o
LOAD Drivers/STM32F4xx_HAL_Driver/Src/stm32f4xx_hal_flash.o
LOAD Drivers/STM32F4xx_HAL_Driver/Src/stm32f4xx_hal_flash_ex.o
LOAD Drivers/STM32F4xx_HAL_Driver/Src/stm32f4xx_hal_flash_ramfunc.o
LOAD Drivers/STM32F4xx_HAL_Driver/Src/stm32f4xx_hal_gpio.o
LOAD Drivers/STM32F4xx_HAL_Driver/Src/stm32f4xx_hal_pwr.o
LOAD Drivers/STM32F4xx_HAL_Driver/Src/stm32f4xx_hal_pwr_ex.o
LOAD Drivers/STM32F4xx_HAL_Driver/Src/stm32f4xx_hal_rcc.o
LOAD Drivers/STM32F4xx_HAL_Driver/Src/stm32f4xx_hal_rcc_ex.o
LOAD Drivers/STM32F4xx_HAL_Driver/Src/stm32f4xx_hal_tim.o
LOAD Drivers/STM32F4xx_HAL_Driver/Src/stm32f4xx_hal_tim_ex.o
LOAD Drivers/STM32F4xx_HAL_Driver/Src/stm32f4xx_hal_uart.o
START GROUP
LOAD c:/st/stm32cubeide_1.3.0/stm32cubeide/plugins/com.st.stm32cube.ide.mcu.externaltools.gnu-tools-for-stm32.7-2018-q2-update.win32_1.0.0.201904181610/tools/bin/../lib/gcc/arm-none-eabi/7.3.1/../../../../arm-none-eabi/lib/thumb/v7e-m/fpv4-sp/hard\libc_nano.a
LOAD c:/st/stm32cubeide_1.3.0/stm32cubeide/plugins/com.st.stm32cube.ide.mcu.externaltools.gnu-tools-for-stm32.7-2018-q2-update.win32_1.0.0.201904181610/tools/bin/../lib/gcc/arm-none-eabi/7.3.1/../../../../arm-none-eabi/lib/thumb/v7e-m/fpv4-sp/hard\libm.a
END GROUP
START GROUP
LOAD c:/st/stm32cubeide_1.3.0/stm32cubeide/plugins/com.st.stm32cube.ide.mcu.externaltools.gnu-tools-for-stm32.7-2018-q2-update.win32_1.0.0.201904181610/tools/bin/../lib/gcc/arm-none-eabi/7.3.1/thumb/v7e-m/fpv4-sp/hard\libgcc.a
LOAD c:/st/stm32cubeide_1.3.0/stm32cubeide/plugins/com.st.stm32cube.ide.mcu.externaltools.gnu-tools-for-stm32.7-2018-q2-update.win32_1.0.0.201904181610/tools/bin/../lib/gcc/arm-none-eabi/7.3.1/../../../../arm-none-eabi/lib/thumb/v7e-m/fpv4-sp/hard\libc_nano.a
END GROUP
START GROUP
LOAD c:/st/stm32cubeide_1.3.0/stm32cubeide/plugins/com.st.stm32cube.ide.mcu.externaltools.gnu-tools-for-stm32.7-2018-q2-update.win32_1.0.0.201904181610/tools/bin/../lib/gcc/arm-none-eabi/7.3.1/thumb/v7e-m/fpv4-sp/hard\libgcc.a
LOAD c:/st/stm32cubeide_1.3.0/stm32cubeide/plugins/com.st.stm32cube.ide.mcu.externaltools.gnu-tools-for-stm32.7-2018-q2-update.win32_1.0.0.201904181610/tools/bin/../lib/gcc/arm-none-eabi/7.3.1/../../../../arm-none-eabi/lib/thumb/v7e-m/fpv4-sp/hard\libc_nano.a
LOAD c:/st/stm32cubeide_1.3.0/stm32cubeide/plugins/com.st.stm32cube.ide.mcu.externaltools.gnu-tools-for-stm32.7-2018-q2-update.win32_1.0.0.201904181610/tools/bin/../lib/gcc/arm-none-eabi/7.3.1/../../../../arm-none-eabi/lib/thumb/v7e-m/fpv4-sp/hard\libnosys.a
END GROUP
START GROUP
LOAD c:/st/stm32cubeide_1.3.0/stm32cubeide/plugins/com.st.stm32cube.ide.mcu.externaltools.gnu-tools-for-stm32.7-2018-q2-update.win32_1.0.0.201904181610/tools/bin/../lib/gcc/arm-none-eabi/7.3.1/thumb/v7e-m/fpv4-sp/hard\libgcc.a
LOAD c:/st/stm32cubeide_1.3.0/stm32cubeide/plugins/com.st.stm32cube.ide.mcu.externaltools.gnu-tools-for-stm32.7-2018-q2-update.win32_1.0.0.201904181610/tools/bin/../lib/gcc/arm-none-eabi/7.3.1/../../../../arm-none-eabi/lib/thumb/v7e-m/fpv4-sp/hard\libc_nano.a
LOAD c:/st/stm32cubeide_1.3.0/stm32cubeide/plugins/com.st.stm32cube.ide.mcu.externaltools.gnu-tools-for-stm32.7-2018-q2-update.win32_1.0.0.201904181610/tools/bin/../lib/gcc/arm-none-eabi/7.3.1/../../../../arm-none-eabi/lib/thumb/v7e-m/fpv4-sp/hard\libnosys.a
END GROUP
LOAD c:/st/stm32cubeide_1.3.0/stm32cubeide/plugins/com.st.stm32cube.ide.mcu.externaltools.gnu-tools-for-stm32.7-2018-q2-update.win32_1.0.0.201904181610/tools/bin/../lib/gcc/arm-none-eabi/7.3.1/thumb/v7e-m/fpv4-sp/hard/crtend.o
LOAD c:/st/stm32cubeide_1.3.0/stm32cubeide/plugins/com.st.stm32cube.ide.mcu.externaltools.gnu-tools-for-stm32.7-2018-q2-update.win32_1.0.0.201904181610/tools/bin/../lib/gcc/arm-none-eabi/7.3.1/thumb/v7e-m/fpv4-sp/hard/crtn.o
                0x00000000000e0000                _LFS_SIZE = 0xe0000
                0x0000000008000000                _sflash = ORIGIN (FLASH)
                0x0000000008100000                _eflash = ((ORIGIN (FLASH) + LENGTH (FLASH)) + _LFS_SIZE)
                0x0000000000100000                _flash_size = (LENGTH (FLASH) + _LFS_SIZE)
                0x0000000020020000                _estack = (ORIGIN (RAM) + LENGTH (RAM))
                0x0000000000000400                _Min_Heap_Size = 0x400
                0x0000000000000200                _Min_Stack_Size = 0x200

.isr_vector     0x0000000008000000      0x188
                0x0000000008000000                . = ALIGN (0x4)
 *(.isr_vector)
 .isr_vector    0x0000000008000000      0x188 Core/Startup/startup_stm32f407vgtx.o
                0x0000000008000000                g_pfnVectors
                0x0000000008000188                . = ALIGN (0x4)

.text           0x0000000008000190     0xa150
                0x0000000008000190                . = ALIGN (0x4)
 *(.text)
 .text          0x0000000008000190       0x40 c:/st/stm32cubeide_1.3.0/stm32cubeide/plugins/com.st.stm32cube.ide.mcu.externaltools.gnu-tools-for-stm32.7-2018-q2-update.win32_1.0.0.201904181610/tools/bin/../lib/gcc/arm-none-eabi/7.3.1/thumb/v7e-m/fpv4-sp/hard/crtbegin.o
 .text          0x00000000080001d0       0x14 c:/st/stm32cubeide_1.3.0/stm32cubeide/plugins/com.st.stm32cube.ide.mcu.externaltools.gnu-tools-for-stm32.7-2018-q2-update.win32_1.0.0.201904181610/tools/bin/../lib/gcc/arm-none-eabi/7.3.1/../../../../arm-none-eabi/lib/thumb/v7e-m/fpv4-sp/hard\libc_nano.a(lib_a-strcmp.o)
                0x00000000080001d0                strcmp
 .text          0x00000000080001e4       0x10 c:/st/stm32cubeide_1.3.0/stm32cubeide/plugins/com.st.stm32cube.ide.mcu.externaltools.gnu-tools-for-stm32.7-2018-q2-update.win32_1.0.0.201904181610/tools/bin/../lib/gcc/arm-none-eabi/7.3.1/../../../../arm-none-eabi/lib/thumb/v7e-m/fpv4-sp/hard\libc_nano.a(lib_a-strlen.o)
                0x00000000080001e4                strlen
 *fill*         0x00000000080001f4        0xc 
 .text          0x0000000008000200       0xa0 c:/st/stm32cubeide_1.3.0/stm32cubeide/plugins/com.st.stm32cube.ide.mcu.externaltools.gnu-tools-for-stm32.7-2018-q2-update.win32_1.0.0.201904181610/tools/bin/../lib/gcc/arm-none-eabi/7.3.1/../../../../arm-none-eabi/lib/thumb/v7e-m/fpv4-sp/hard\libc_nano.a(lib_a-memchr.o)
                0x0000000008000200                memchr
 .text          0x00000000080002a0       0x30 c:/st/stm32cubeide_1.3.0/stm32cubeide/plugins/com.st.stm32cube.ide.mcu.externaltools.gnu-tools-for-stm32.7-2018-q2-update.win32_1.0.0.201904181610/tools/bin/../lib/gcc/arm-none-eabi/7.3.1/thumb/v7e-m/fpv4-sp/hard\libgcc.a(_aeabi_uldivmod.o)
                0x00000000080002a0                __aeabi_uldivmod
 .text          0x00000000080002d0       0x28 c:/st/stm32cubeide_1.3.0/stm32cubeide/plugins/com.st.stm32cube.ide.mcu.externaltools.gnu-tools-for-stm32.7-2018-q2-update.win32_1.0.0.201904181610/tools/bin/../lib/gcc/arm-none-eabi/7.3.1/thumb/v7e-m/fpv4-sp/hard\libgcc.a(_popcountsi2.o)
                0x00000000080002d0                __popcountsi2
 .text          0x00000000080002f8      0x2cc c:/st/stm32cubeide_1.3.0/stm32cubeide/plugins/com.st.stm32cube.ide.mcu.externaltools.gnu-tools-for-stm32.7-2018-q2-update.win32_1.0.0.201904181610/tools/bin/../lib/gcc/arm-none-eabi/7.3.1/thumb/v7e-m/fpv4-sp/hard\libgcc.a(_udivmoddi4.o)
                0x00000000080002f8                __udivmoddi4
 .text          0x00000000080005c4        0x4 c:/st/stm32cubeide_1.3.0/stm32cubeide/plugins/com.st.stm32cube.ide.mcu.externaltools.gnu-tools-for-stm32.7-2018-q2-update.win32_1.0.0.201904181610/tools/bin/../lib/gcc/arm-none-eabi/7.3.1/thumb/v7e-m/fpv4-sp/hard\libgcc.a(_dvmd_tls.o)
                0x00000000080005c4                __aeabi_idiv0
                0x00000000080005c4                __aeabi_ldiv0
 *(.text*)
 .text.cli_is_terminator
                0x00000000080005c8       0x24 Core/Src/OS/OS_CLI/cli_internal.o
 .text.cli_arg_str_len
                0x00000000080005ec       0x58 Core/Src/OS/OS_CLI/cli_internal.o
 .text.cli_go_to_next_argument
                0x0000000008000644       0x22 Core/Src/OS/OS_CLI/cli_internal.o
 .text.cli_buff_element_is_hex
                0x0000000008000666       0x6e Core/Src/OS/OS_CLI/cli_internal.o
 .text.cli_verify_int.isra.2
                0x00000000080006d4      0x104 Core/Src/OS/OS_CLI/cli_internal.o
 .text.cli_verify_buffer.isra.3
                0x00000000080007d8      0x10c Core/Src/OS/OS_CLI/cli_internal.o
 .text.cli_verify_args_str.isra.1.constprop.6
                0x00000000080008e4       0x60 Core/Src/OS/OS_CLI/cli_internal.o
 .text.cli_get_int_arg.constprop.5
                0x0000000008000944       0xc0 Core/Src/OS/OS_CLI/cli_internal.o
 .text.cli_get_buff_arg.constprop.4
                0x0000000008000a04      0x1bc Core/Src/OS/OS_CLI/cli_internal.o
 .text.cli_get_int_argument
                0x0000000008000bc0       0x1e Core/Src/OS/OS_CLI/cli_internal.o
                0x0000000008000bc0                cli_get_int_argument
 .text.cli_get_uint_argument
                0x0000000008000bde       0x20 Core/Src/OS/OS_CLI/cli_internal.o
                0x0000000008000bde                cli_get_uint_argument
 .text.cli_get_buffer_argument
                0x0000000008000bfe       0x1e Core/Src/OS/OS_CLI/cli_internal.o
                0x0000000008000bfe                cli_get_buffer_argument
 .text.cli_get_string_argument
                0x0000000008000c1c       0x20 Core/Src/OS/OS_CLI/cli_internal.o
                0x0000000008000c1c                cli_get_string_argument
 .text.cli_insert_char
                0x0000000008000c3c       0x54 Core/Src/OS/OS_CLI/cli_internal.o
                0x0000000008000c3c                cli_insert_char
 .text.cli_printf
                0x0000000008000c90       0x1a Core/Src/OS/OS_CLI/cli_internal.o
                0x0000000008000c90                cli_printf
 *fill*         0x0000000008000caa        0x2 
 .text.cli_treat_command
                0x0000000008000cac      0x4f0 Core/Src/OS/OS_CLI/cli_internal.o
                0x0000000008000cac                cli_treat_command
 .text.cli_rcv_char_cb_irq
                0x000000000800119c       0x28 Core/Src/OS/OS_CLI/cli_process.o
                0x000000000800119c                cli_rcv_char_cb_irq
 .text.cli_init
                0x00000000080011c4       0x38 Core/Src/OS/OS_CLI/cli_process.o
                0x00000000080011c4                cli_init
 .text.cli_process
                0x00000000080011fc        0xc Core/Src/OS/OS_CLI/cli_process.o
                0x00000000080011fc                cli_process
 .text.erase    0x0000000008001208       0x48 Core/Src/OS/OS_CLI/submenus/cli_flash.o
 .text.write    0x0000000008001250       0x7c Core/Src/OS/OS_CLI/submenus/cli_flash.o
 .text.read     0x00000000080012cc       0x9c Core/Src/OS/OS_CLI/submenus/cli_flash.o
 .text.ls       0x0000000008001368       0x9c Core/Src/OS/OS_CLI/submenus/cli_lfs.o
 .text.delete   0x0000000008001404       0x50 Core/Src/OS/OS_CLI/submenus/cli_lfs.o
 .text.read     0x0000000008001454       0x6c Core/Src/OS/OS_CLI/submenus/cli_lfs.o
 .text.bRead    0x00000000080014c0       0x7c Core/Src/OS/OS_CLI/submenus/cli_lfs.o
 .text.open     0x000000000800153c       0x58 Core/Src/OS/OS_CLI/submenus/cli_lfs.o
 .text.xmodem   0x0000000008001594       0x54 Core/Src/OS/OS_CLI/submenus/cli_lfs.o
 .text.close    0x00000000080015e8       0x40 Core/Src/OS/OS_CLI/submenus/cli_lfs.o
 .text.seek     0x0000000008001628       0x4c Core/Src/OS/OS_CLI/submenus/cli_lfs.o
 .text.write    0x0000000008001674       0x50 Core/Src/OS/OS_CLI/submenus/cli_lfs.o
 .text.reset    0x00000000080016c4       0x24 Core/Src/OS/OS_CLI/submenus/cli_system.o
 .text.exec     0x00000000080016e8       0xe0 Core/Src/OS/OS_CLI/submenus/cli_task.o
 .text.kill     0x00000000080017c8       0x40 Core/Src/OS/OS_CLI/submenus/cli_task.o
 .text.top      0x0000000008001808       0xc0 Core/Src/OS/OS_CLI/submenus/cli_task.o
 .text.os_init_get
                0x00000000080018c8        0xc Core/Src/OS/OS_Core/OS.o
                0x00000000080018c8                os_init_get
 .text.os_init  0x00000000080018d4       0x98 Core/Src/OS/OS_Core/OS.o
                0x00000000080018d4                os_init
 .text.os_task_on_ready_cb
                0x000000000800196c        0x2 Core/Src/OS/OS_Core/OS_Callbacks.o
                0x000000000800196c                os_task_on_ready_cb
 .text.os_task_on_block_cb
                0x000000000800196e        0x2 Core/Src/OS/OS_Core/OS_Callbacks.o
                0x000000000800196e                os_task_on_block_cb
 .text.os_idle_task_fn
                0x0000000008001970        0x2 Core/Src/OS/OS_Core/OS_Callbacks.o
                0x0000000008001970                os_idle_task_fn
 .text.os_no_task_ready_cb
                0x0000000008001972        0x2 Core/Src/OS/OS_Core/OS_Callbacks.o
                0x0000000008001972                os_no_task_ready_cb
 .text.os_insufficient_heap_cb
                0x0000000008001974        0x2 Core/Src/OS/OS_Core/OS_Callbacks.o
                0x0000000008001974                os_insufficient_heap_cb
 .text.os_evt_objTake
                0x0000000008001976       0x20 Core/Src/OS/OS_Core/OS_Event.o
 .text.os_evt_getFreeCount
                0x0000000008001996       0x1e Core/Src/OS/OS_Core/OS_Event.o
 .text.os_evt_create
                0x00000000080019b4       0xa0 Core/Src/OS/OS_Core/OS_Event.o
                0x00000000080019b4                os_evt_create
 .text.os_evt_set
                0x0000000008001a54       0x4c Core/Src/OS/OS_Core/OS_Event.o
                0x0000000008001a54                os_evt_set
 .text.os_evt_delete
                0x0000000008001aa0       0x30 Core/Src/OS/OS_Core/OS_Event.o
                0x0000000008001aa0                os_evt_delete
 .text.os_heap_BlockGetSize
                0x0000000008001ad0       0x14 Core/Src/OS/OS_Core/OS_Heap.o
 .text.os_heap_clear
                0x0000000008001ae4       0x10 Core/Src/OS/OS_Core/OS_Heap.o
                0x0000000008001ae4                os_heap_clear
 .text.os_heap_alloc
                0x0000000008001af4       0xc0 Core/Src/OS/OS_Core/OS_Heap.o
                0x0000000008001af4                os_heap_alloc
 .text.os_heap_free
                0x0000000008001bb4       0x9c Core/Src/OS/OS_Core/OS_Heap.o
                0x0000000008001bb4                os_heap_free
 .text.os_heap_monitor
                0x0000000008001c50       0xa0 Core/Src/OS/OS_Core/OS_Heap.o
                0x0000000008001c50                os_heap_monitor
 .text.os_elf_memoryRecalc
                0x0000000008001cf0       0x2a Core/Src/OS/OS_Core/OS_Internal.o
 .text.os_list_init
                0x0000000008001d1a       0x1a Core/Src/OS/OS_Core/OS_Internal.o
                0x0000000008001d1a                os_list_init
 .text.os_list_search
                0x0000000008001d34       0x2e Core/Src/OS/OS_Core/OS_Internal.o
                0x0000000008001d34                os_list_search
 .text.os_handle_list_searchByName
                0x0000000008001d62       0x4c Core/Src/OS/OS_Core/OS_Internal.o
                0x0000000008001d62                os_handle_list_searchByName
 .text.os_list_add
                0x0000000008001dae       0x78 Core/Src/OS/OS_Core/OS_Internal.o
                0x0000000008001dae                os_list_add
 .text.os_list_remove
                0x0000000008001e26       0x90 Core/Src/OS/OS_Core/OS_Internal.o
                0x0000000008001e26                os_list_remove
 .text.os_list_clear
                0x0000000008001eb6       0x32 Core/Src/OS/OS_Core/OS_Internal.o
                0x0000000008001eb6                os_list_clear
 .text.os_task_list_sort
                0x0000000008001ee8       0x8a Core/Src/OS/OS_Core/OS_Internal.o
                0x0000000008001ee8                os_task_list_sort
 *fill*         0x0000000008001f72        0x2 
 .text.os_handle_list_getObjToUpdate
                0x0000000008001f74       0x18 Core/Src/OS/OS_Core/OS_Internal.o
                0x0000000008001f74                os_handle_list_getObjToUpdate
 .text.os_task_list_isObjFreeOnTask
                0x0000000008001f8c       0xca Core/Src/OS/OS_Core/OS_Internal.o
                0x0000000008001f8c                os_task_list_isObjFreeOnTask
 *fill*         0x0000000008002056        0x2 
 .text.os_handle_list_updateAndCheck
                0x0000000008002058      0x1c0 Core/Src/OS/OS_Core/OS_Internal.o
                0x0000000008002058                os_handle_list_updateAndCheck
 .text.os_msgQ_updateAndCheck
                0x0000000008002218       0xa0 Core/Src/OS/OS_Core/OS_Internal.o
                0x0000000008002218                os_msgQ_updateAndCheck
 .text.os_obj_updatePrio
                0x00000000080022b8       0xbc Core/Src/OS/OS_Core/OS_Internal.o
                0x00000000080022b8                os_obj_updatePrio
 .text.os_elf_loadFile
                0x0000000008002374      0x320 Core/Src/OS/OS_Core/OS_Internal.o
                0x0000000008002374                os_elf_loadFile
 .text.os_mutex_release
                0x0000000008002694       0x70 Core/Src/OS/OS_Core/OS_Mutex.o
                0x0000000008002694                os_mutex_release
 .text.os_obj_wait
                0x0000000008002704      0x390 Core/Src/OS/OS_Core/OS_Obj.o
 .text.os_obj_single_wait
                0x0000000008002a94       0x1a Core/Src/OS/OS_Core/OS_Obj.o
                0x0000000008002a94                os_obj_single_wait
 *fill*         0x0000000008002aae        0x2 
 .text.os_scheduler
                0x0000000008002ab0       0xd8 Core/Src/OS/OS_Core/OS_Scheduler.o
 .text.PendSV_Handler
                0x0000000008002b88       0x38 Core/Src/OS/OS_Core/OS_Scheduler.o
                0x0000000008002b88                PendSV_Handler
 .text.os_scheduler_start
                0x0000000008002bc0       0x50 Core/Src/OS/OS_Core/OS_Scheduler.o
                0x0000000008002bc0                os_scheduler_start
 .text.os_scheduler_state_get
                0x0000000008002c10        0xc Core/Src/OS/OS_Core/OS_Scheduler.o
                0x0000000008002c10                os_scheduler_state_get
 .text.os_task_objTake
                0x0000000008002c1c        0x4 Core/Src/OS/OS_Core/OS_Tasks.o
 .text.os_task_init
                0x0000000008002c20      0x124 Core/Src/OS/OS_Core/OS_Tasks.o
                0x0000000008002c20                os_task_init
 .text.os_task_yeild
                0x0000000008002d44       0x14 Core/Src/OS/OS_Core/OS_Tasks.o
                0x0000000008002d44                os_task_yeild
 .text.os_task_return
                0x0000000008002d58       0x3c Core/Src/OS/OS_Core/OS_Tasks.o
                0x0000000008002d58                os_task_return
 .text.os_task_delete
                0x0000000008002d94      0x134 Core/Src/OS/OS_Core/OS_Tasks.o
                0x0000000008002d94                os_task_delete
 .text.os_task_end
                0x0000000008002ec8       0x10 Core/Src/OS/OS_Core/OS_Tasks.o
                0x0000000008002ec8                os_task_end
 .text.os_task_getPrio
                0x0000000008002ed8       0x14 Core/Src/OS/OS_Core/OS_Tasks.o
                0x0000000008002ed8                os_task_getPrio
 .text.os_task_must_yeild
                0x0000000008002eec       0x5c Core/Src/OS/OS_Core/OS_Tasks.o
                0x0000000008002eec                os_task_must_yeild
 .text.os_task_getState
                0x0000000008002f48       0x34 Core/Src/OS/OS_Core/OS_Tasks.o
                0x0000000008002f48                os_task_getState
 .text.os_task_getFreeCount
                0x0000000008002f7c       0x22 Core/Src/OS/OS_Core/OS_Tasks.o
 *fill*         0x0000000008002f9e        0x2 
 .text.os_task_getByPID
                0x0000000008002fa0       0x38 Core/Src/OS/OS_Core/OS_Tasks.o
                0x0000000008002fa0                os_task_getByPID
 .text.os_task_start
                0x0000000008002fd8      0x22c Core/Src/OS/OS_Core/OS_Tasks.o
 .text.os_task_create
                0x0000000008003204       0x20 Core/Src/OS/OS_Core/OS_Tasks.o
                0x0000000008003204                os_task_create
 .text.os_task_createProcess
                0x0000000008003224       0x3e Core/Src/OS/OS_Core/OS_Tasks.o
                0x0000000008003224                os_task_createProcess
 *fill*         0x0000000008003262        0x2 
 .text.os_getMsTick
                0x0000000008003264        0xc Core/Src/OS/OS_Core/OS_Tick.o
                0x0000000008003264                os_getMsTick
 .text.os_tick  0x0000000008003270       0xa4 Core/Src/OS/OS_Core/OS_Tick.o
                0x0000000008003270                os_tick
 .text.os_flash_write
                0x0000000008003314      0x138 Core/Src/OS/OS_Drivers/OS_flash.o
                0x0000000008003314                os_flash_write
 .text.os_flash_read
                0x000000000800344c       0x58 Core/Src/OS/OS_Drivers/OS_flash.o
                0x000000000800344c                os_flash_read
 .text.os_flash_erase
                0x00000000080034a4      0x178 Core/Src/OS/OS_Drivers/OS_flash.o
                0x00000000080034a4                os_flash_erase
 .text.lfs_pair_isnull
                0x000000000800361c       0x14 Core/Src/OS/OS_FS/lfs.o
 .text.lfs_pair_cmp
                0x0000000008003630       0x22 Core/Src/OS/OS_FS/lfs.o
 .text.lfs_tag_dsize
                0x0000000008003652       0x14 Core/Src/OS/OS_FS/lfs.o
 .text.lfs_gstate_xor
                0x0000000008003666       0x1c Core/Src/OS/OS_FS/lfs.o
 .text.lfs_gstate_iszero
                0x0000000008003682       0x16 Core/Src/OS/OS_FS/lfs.o
 .text.lfs_gstate_hasmovehere
                0x0000000008003698       0x1e Core/Src/OS/OS_FS/lfs.o
 .text.lfs_mlist_isopen
                0x00000000080036b6       0x10 Core/Src/OS/OS_FS/lfs.o
 .text.lfs_alloc_lookahead
                0x00000000080036c6       0x36 Core/Src/OS/OS_FS/lfs.o
 .text.lfs_dir_traverse_filter
                0x00000000080036fc       0x6c Core/Src/OS/OS_FS/lfs.o
 .text.lfs_dir_commit_size
                0x0000000008003768       0x14 Core/Src/OS/OS_FS/lfs.o
 .text.lfs_fs_size_count
                0x000000000800377c        0xa Core/Src/OS/OS_FS/lfs.o
 .text.lfs_deinit
                0x0000000008003786       0x2c Core/Src/OS/OS_FS/lfs.o
 .text.lfs_cache_zero.isra.17
                0x00000000080037b2       0x16 Core/Src/OS/OS_FS/lfs.o
 .text.lfs_init
                0x00000000080037c8      0x1e0 Core/Src/OS/OS_FS/lfs.o
 .text.lfs_bd_erase.isra.18
                0x00000000080039a8       0x38 Core/Src/OS/OS_FS/lfs.o
 .text.lfs_fs_preporphans.isra.20
                0x00000000080039e0       0x44 Core/Src/OS/OS_FS/lfs.o
 .text.lfs_ctz_index.isra.22
                0x0000000008003a24       0x34 Core/Src/OS/OS_FS/lfs.o
 .text.lfs_bd_read.isra.23
                0x0000000008003a58      0x178 Core/Src/OS/OS_FS/lfs.o
 .text.lfs_dir_getslice
                0x0000000008003bd0      0x130 Core/Src/OS/OS_FS/lfs.o
 .text.lfs_dir_get
                0x0000000008003d00       0x18 Core/Src/OS/OS_FS/lfs.o
 .text.lfs_dir_getgstate
                0x0000000008003d18       0x34 Core/Src/OS/OS_FS/lfs.o
 .text.lfs_fs_parent_match
                0x0000000008003d4c       0x3e Core/Src/OS/OS_FS/lfs.o
 *fill*         0x0000000008003d8a        0x2 
 .text.lfs_dir_fetchmatch
                0x0000000008003d8c      0x3fc Core/Src/OS/OS_FS/lfs.o
 .text.lfs_fs_parent
                0x0000000008004188       0x7c Core/Src/OS/OS_FS/lfs.o
 .text.lfs_dir_fetch
                0x0000000008004204       0x1a Core/Src/OS/OS_FS/lfs.o
 .text.lfs_fs_pred
                0x000000000800421e       0x52 Core/Src/OS/OS_FS/lfs.o
 .text.lfs_dir_find
                0x0000000008004270      0x154 Core/Src/OS/OS_FS/lfs.o
 .text.lfs_ctz_traverse.part.25
                0x00000000080043c4       0x7c Core/Src/OS/OS_FS/lfs.o
 .text.lfs_dir_getinfo.part.34
                0x0000000008004440       0x6c Core/Src/OS/OS_FS/lfs.o
 .text.lfs_ctz_find.constprop.35
                0x00000000080044ac       0x90 Core/Src/OS/OS_FS/lfs.o
 .text.lfs_dir_getread.part.26.constprop.37
                0x000000000800453c       0xb0 Core/Src/OS/OS_FS/lfs.o
 .text.lfs_file_flushedread
                0x00000000080045ec       0xec Core/Src/OS/OS_FS/lfs.o
 .text.lfs_dir_traverse.constprop.39
                0x00000000080046d8      0x2b4 Core/Src/OS/OS_FS/lfs.o
 .text.lfs_bd_cmp.constprop.41
                0x000000000800498c       0x66 Core/Src/OS/OS_FS/lfs.o
 .text.lfs_dir_find_match
                0x00000000080049f2       0x3c Core/Src/OS/OS_FS/lfs.o
 *fill*         0x0000000008004a2e        0x2 
 .text.lfs_bd_flush
                0x0000000008004a30       0xb0 Core/Src/OS/OS_FS/lfs.o
 .text.lfs_bd_prog
                0x0000000008004ae0       0xe4 Core/Src/OS/OS_FS/lfs.o
 .text.lfs_dir_commitprog
                0x0000000008004bc4       0x3e Core/Src/OS/OS_FS/lfs.o
 .text.lfs_dir_commitattr
                0x0000000008004c02       0xb0 Core/Src/OS/OS_FS/lfs.o
 .text.lfs_dir_commit_commit
                0x0000000008004cb2        0xc Core/Src/OS/OS_FS/lfs.o
 *fill*         0x0000000008004cbe        0x2 
 .text.lfs_dir_commitcrc
                0x0000000008004cc0      0x1e4 Core/Src/OS/OS_FS/lfs.o
 .text.lfs_fs_rawtraverse
                0x0000000008004ea4      0x158 Core/Src/OS/OS_FS/lfs.o
 .text.lfs_alloc
                0x0000000008004ffc       0xf0 Core/Src/OS/OS_FS/lfs.o
 .text.lfs_dir_alloc
                0x00000000080050ec       0x82 Core/Src/OS/OS_FS/lfs.o
 *fill*         0x000000000800516e        0x2 
 .text.lfs_file_relocate
                0x0000000008005170      0x12c Core/Src/OS/OS_FS/lfs.o
 .text.lfs_dir_compact
                0x000000000800529c      0x254 Core/Src/OS/OS_FS/lfs.o
 .text.lfs_dir_split
                0x00000000080054f0       0x78 Core/Src/OS/OS_FS/lfs.o
 .text.lfs_fs_rawsize
                0x0000000008005568       0x20 Core/Src/OS/OS_FS/lfs.o
 .text.lfs_dir_relocatingcommit
                0x0000000008005588      0x470 Core/Src/OS/OS_FS/lfs.o
 .text.lfs_file_flushedwrite
                0x00000000080059f8      0x29c Core/Src/OS/OS_FS/lfs.o
 .text.lfs_file_flush
                0x0000000008005c94      0x100 Core/Src/OS/OS_FS/lfs.o
 .text.lfs_file_rawseek
                0x0000000008005d94       0x8e Core/Src/OS/OS_FS/lfs.o
 *fill*         0x0000000008005e22        0x2 
 .text.lfs_dir_orphaningcommit
                0x0000000008005e24      0x3b0 Core/Src/OS/OS_FS/lfs.o
 .text.lfs_fs_deorphan.part.29
                0x00000000080061d4      0x1a4 Core/Src/OS/OS_FS/lfs.o
 .text.lfs_dir_commit
                0x0000000008006378       0x24 Core/Src/OS/OS_FS/lfs.o
 .text.lfs_fs_forceconsistency
                0x000000000800639c       0x98 Core/Src/OS/OS_FS/lfs.o
 .text.lfs_dir_drop
                0x0000000008006434       0x3c Core/Src/OS/OS_FS/lfs.o
 .text.lfs_file_rawsync
                0x0000000008006470       0x94 Core/Src/OS/OS_FS/lfs.o
 .text.lfs_file_rawclose
                0x0000000008006504       0x32 Core/Src/OS/OS_FS/lfs.o
 *fill*         0x0000000008006536        0x2 
 .text.lfs_file_rawopencfg
                0x0000000008006538      0x23c Core/Src/OS/OS_FS/lfs.o
 .text.lfs_file_rawwrite
                0x0000000008006774       0xa8 Core/Src/OS/OS_FS/lfs.o
 .text.lfs_format
                0x000000000800681c       0xc4 Core/Src/OS/OS_FS/lfs.o
                0x000000000800681c                lfs_format
 .text.lfs_unmount
                0x00000000080068e0        0x4 Core/Src/OS/OS_FS/lfs.o
                0x00000000080068e0                lfs_unmount
 .text.lfs_mount
                0x00000000080068e4      0x200 Core/Src/OS/OS_FS/lfs.o
                0x00000000080068e4                lfs_mount
 .text.lfs_remove
                0x0000000008006ae4       0xe0 Core/Src/OS/OS_FS/lfs.o
                0x0000000008006ae4                lfs_remove
 .text.lfs_file_open
                0x0000000008006bc4       0x3c Core/Src/OS/OS_FS/lfs.o
                0x0000000008006bc4                lfs_file_open
 .text.lfs_file_close
                0x0000000008006c00       0x30 Core/Src/OS/OS_FS/lfs.o
                0x0000000008006c00                lfs_file_close
 .text.lfs_file_read
                0x0000000008006c30       0x68 Core/Src/OS/OS_FS/lfs.o
                0x0000000008006c30                lfs_file_read
 .text.lfs_file_write
                0x0000000008006c98       0x30 Core/Src/OS/OS_FS/lfs.o
                0x0000000008006c98                lfs_file_write
 .text.lfs_file_seek
                0x0000000008006cc8       0x30 Core/Src/OS/OS_FS/lfs.o
                0x0000000008006cc8                lfs_file_seek
 .text.lfs_dir_open
                0x0000000008006cf8       0xac Core/Src/OS/OS_FS/lfs.o
                0x0000000008006cf8                lfs_dir_open
 .text.lfs_dir_close
                0x0000000008006da4       0x1a Core/Src/OS/OS_FS/lfs.o
                0x0000000008006da4                lfs_dir_close
 *fill*         0x0000000008006dbe        0x2 
 .text.lfs_dir_read
                0x0000000008006dc0       0xb4 Core/Src/OS/OS_FS/lfs.o
                0x0000000008006dc0                lfs_dir_read
 .text.lfs_flash_sync
                0x0000000008006e74        0x4 Core/Src/OS/OS_FS/lfs_bsp.o
 .text.lfs_flash_erase
                0x0000000008006e78       0x30 Core/Src/OS/OS_FS/lfs_bsp.o
 .text.lfs_flash_write
                0x0000000008006ea8       0x34 Core/Src/OS/OS_FS/lfs_bsp.o
 .text.lfs_flash_read
                0x0000000008006edc       0x4c Core/Src/OS/OS_FS/lfs_bsp.o
 .text.os_lfs_init
                0x0000000008006f28       0x84 Core/Src/OS/OS_FS/lfs_bsp.o
                0x0000000008006f28                os_lfs_init
 .text.lfs_crc  0x0000000008006fac       0x38 Core/Src/OS/OS_FS/lfs_util.o
                0x0000000008006fac                lfs_crc
 .text.sendResponse
                0x0000000008006fe4       0x44 Core/Src/OS/OS_FS/xmodem.o
 .text.xModem_getState
                0x0000000008007028        0xc Core/Src/OS/OS_FS/xmodem.o
                0x0000000008007028                xModem_getState
 .text.xModem_rcv
                0x0000000008007034      0x208 Core/Src/OS/OS_FS/xmodem.o
                0x0000000008007034                xModem_rcv
 .text.os_sl_translate
                0x000000000800723c       0x1c Core/Src/OS/OS_SL/os_sl.o
                0x000000000800723c                os_sl_translate
 .text.MX_GPIO_Init
                0x0000000008007258      0x164 Core/Src/gpio.o
                0x0000000008007258                MX_GPIO_Init
 .text.SystemClock_Config
                0x00000000080073bc       0x90 Core/Src/main.o
                0x00000000080073bc                SystemClock_Config
 .text.startup.main
                0x000000000800744c       0x98 Core/Src/main.o
                0x000000000800744c                main
 .text.Error_Handler
                0x00000000080074e4        0x2 Core/Src/main.o
                0x00000000080074e4                Error_Handler
 *fill*         0x00000000080074e6        0x2 
 .text.HAL_MspInit
                0x00000000080074e8       0x80 Core/Src/stm32f4xx_hal_msp.o
                0x00000000080074e8                HAL_MspInit
 .text.NMI_Handler
                0x0000000008007568        0x2 Core/Src/stm32f4xx_it.o
                0x0000000008007568                NMI_Handler
 .text.HardFault_Handler
                0x000000000800756a        0x2 Core/Src/stm32f4xx_it.o
                0x000000000800756a                HardFault_Handler
 .text.MemManage_Handler
                0x000000000800756c        0x2 Core/Src/stm32f4xx_it.o
                0x000000000800756c                MemManage_Handler
 .text.BusFault_Handler
                0x000000000800756e        0x2 Core/Src/stm32f4xx_it.o
                0x000000000800756e                BusFault_Handler
 .text.UsageFault_Handler
                0x0000000008007570        0x2 Core/Src/stm32f4xx_it.o
                0x0000000008007570                UsageFault_Handler
 .text.SVC_Handler
                0x0000000008007572        0x2 Core/Src/stm32f4xx_it.o
                0x0000000008007572                SVC_Handler
 .text.DebugMon_Handler
                0x0000000008007574        0x2 Core/Src/stm32f4xx_it.o
                0x0000000008007574                DebugMon_Handler
 .text.SysTick_Handler
                0x0000000008007576       0x10 Core/Src/stm32f4xx_it.o
                0x0000000008007576                SysTick_Handler
 .text.EXTI0_IRQHandler
                0x0000000008007586        0x6 Core/Src/stm32f4xx_it.o
                0x0000000008007586                EXTI0_IRQHandler
 .text.USART3_IRQHandler
                0x000000000800758c        0xc Core/Src/stm32f4xx_it.o
                0x000000000800758c                USART3_IRQHandler
 .text.__io_putchar
                0x0000000008007598       0x20 Core/Src/syscalls.o
                0x0000000008007598                __io_putchar
 .text._getpid  0x00000000080075b8        0x4 Core/Src/syscalls.o
                0x00000000080075b8                _getpid
 .text._kill    0x00000000080075bc       0x10 Core/Src/syscalls.o
                0x00000000080075bc                _kill
 .text._exit    0x00000000080075cc        0xc Core/Src/syscalls.o
                0x00000000080075cc                _exit
 .text._read    0x00000000080075d8       0x1c Core/Src/syscalls.o
                0x00000000080075d8                _read
 .text._write   0x00000000080075f4       0x1c Core/Src/syscalls.o
                0x00000000080075f4                _write
 .text._close   0x0000000008007610        0x6 Core/Src/syscalls.o
                0x0000000008007610                _close
 .text._fstat   0x0000000008007616        0xa Core/Src/syscalls.o
                0x0000000008007616                _fstat
 .text._isatty  0x0000000008007620        0x4 Core/Src/syscalls.o
                0x0000000008007620                _isatty
 .text._lseek   0x0000000008007624        0x4 Core/Src/syscalls.o
                0x0000000008007624                _lseek
 .text._sbrk    0x0000000008007628       0x34 Core/Src/sysmem.o
                0x0000000008007628                _sbrk
 .text.SystemInit
                0x000000000800765c       0x1c Core/Src/system_stm32f4xx.o
                0x000000000800765c                SystemInit
 .text.MX_TIM13_Init
                0x0000000008007678       0x40 Core/Src/tim.o
                0x0000000008007678                MX_TIM13_Init
 .text.HAL_TIM_Base_MspInit
                0x00000000080076b8       0x30 Core/Src/tim.o
                0x00000000080076b8                HAL_TIM_Base_MspInit
 .text.HAL_UART_RxCpltCallback
                0x00000000080076e8       0x30 Core/Src/usart.o
                0x00000000080076e8                HAL_UART_RxCpltCallback
 .text.MX_USART3_UART_Init
                0x0000000008007718       0x38 Core/Src/usart.o
                0x0000000008007718                MX_USART3_UART_Init
 .text.HAL_UART_MspInit
                0x0000000008007750       0x94 Core/Src/usart.o
                0x0000000008007750                HAL_UART_MspInit
 .text.Reset_Handler
                0x00000000080077e4       0x74 Core/Startup/startup_stm32f407vgtx.o
                0x00000000080077e4                Reset_Handler
 .text.Default_Handler
                0x0000000008007858        0x2 Core/Startup/startup_stm32f407vgtx.o
                0x0000000008007858                RTC_Alarm_IRQHandler
                0x0000000008007858                HASH_RNG_IRQHandler
                0x0000000008007858                EXTI2_IRQHandler
                0x0000000008007858                TIM8_CC_IRQHandler
                0x0000000008007858                TIM1_CC_IRQHandler
                0x0000000008007858                DMA2_Stream5_IRQHandler
                0x0000000008007858                DMA1_Stream5_IRQHandler
                0x0000000008007858                PVD_IRQHandler
                0x0000000008007858                SDIO_IRQHandler
                0x0000000008007858                TAMP_STAMP_IRQHandler
                0x0000000008007858                CAN2_RX1_IRQHandler
                0x0000000008007858                EXTI3_IRQHandler
                0x0000000008007858                TIM8_TRG_COM_TIM14_IRQHandler
                0x0000000008007858                TIM1_UP_TIM10_IRQHandler
                0x0000000008007858                TIM8_UP_TIM13_IRQHandler
                0x0000000008007858                I2C3_ER_IRQHandler
                0x0000000008007858                I2C2_EV_IRQHandler
                0x0000000008007858                DMA1_Stream2_IRQHandler
                0x0000000008007858                CAN1_RX0_IRQHandler
                0x0000000008007858                FPU_IRQHandler
                0x0000000008007858                OTG_HS_WKUP_IRQHandler
                0x0000000008007858                CAN2_SCE_IRQHandler
                0x0000000008007858                DMA2_Stream2_IRQHandler
                0x0000000008007858                SPI1_IRQHandler
                0x0000000008007858                TIM6_DAC_IRQHandler
                0x0000000008007858                TIM1_BRK_TIM9_IRQHandler
                0x0000000008007858                DCMI_IRQHandler
                0x0000000008007858                CAN2_RX0_IRQHandler
                0x0000000008007858                DMA2_Stream3_IRQHandler
                0x0000000008007858                USART6_IRQHandler
                0x0000000008007858                CAN1_RX1_IRQHandler
                0x0000000008007858                UART5_IRQHandler
                0x0000000008007858                DMA2_Stream0_IRQHandler
                0x0000000008007858                TIM4_IRQHandler
                0x0000000008007858                I2C1_EV_IRQHandler
                0x0000000008007858                DMA1_Stream6_IRQHandler
                0x0000000008007858                DMA1_Stream1_IRQHandler
                0x0000000008007858                UART4_IRQHandler
                0x0000000008007858                TIM3_IRQHandler
                0x0000000008007858                RCC_IRQHandler
                0x0000000008007858                TIM8_BRK_TIM12_IRQHandler
                0x0000000008007858                Default_Handler
                0x0000000008007858                EXTI15_10_IRQHandler
                0x0000000008007858                ADC_IRQHandler
                0x0000000008007858                DMA1_Stream7_IRQHandler
                0x0000000008007858                TIM7_IRQHandler
                0x0000000008007858                CAN2_TX_IRQHandler
                0x0000000008007858                TIM5_IRQHandler
                0x0000000008007858                DMA2_Stream7_IRQHandler
                0x0000000008007858                I2C3_EV_IRQHandler
                0x0000000008007858                EXTI9_5_IRQHandler
                0x0000000008007858                RTC_WKUP_IRQHandler
                0x0000000008007858                ETH_WKUP_IRQHandler
                0x0000000008007858                SPI2_IRQHandler
                0x0000000008007858                OTG_HS_EP1_IN_IRQHandler
                0x0000000008007858                DMA1_Stream0_IRQHandler
                0x0000000008007858                CAN1_TX_IRQHandler
                0x0000000008007858                EXTI4_IRQHandler
                0x0000000008007858                FSMC_IRQHandler
                0x0000000008007858                ETH_IRQHandler
                0x0000000008007858                OTG_HS_EP1_OUT_IRQHandler
                0x0000000008007858                WWDG_IRQHandler
                0x0000000008007858                TIM2_IRQHandler
                0x0000000008007858                OTG_FS_WKUP_IRQHandler
                0x0000000008007858                TIM1_TRG_COM_TIM11_IRQHandler
                0x0000000008007858                OTG_HS_IRQHandler
                0x0000000008007858                EXTI1_IRQHandler
                0x0000000008007858                USART2_IRQHandler
                0x0000000008007858                I2C2_ER_IRQHandler
                0x0000000008007858                DMA2_Stream1_IRQHandler
                0x0000000008007858                CAN1_SCE_IRQHandler
                0x0000000008007858                FLASH_IRQHandler
                0x0000000008007858                DMA2_Stream4_IRQHandler
                0x0000000008007858                USART1_IRQHandler
                0x0000000008007858                OTG_FS_IRQHandler
                0x0000000008007858                SPI3_IRQHandler
                0x0000000008007858                DMA1_Stream4_IRQHandler
                0x0000000008007858                I2C1_ER_IRQHandler
                0x0000000008007858                DMA2_Stream6_IRQHandler
                0x0000000008007858                DMA1_Stream3_IRQHandler
 *fill*         0x000000000800785a        0x2 
 .text.HAL_InitTick
                0x000000000800785c       0x48 Drivers/STM32F4xx_HAL_Driver/Src/stm32f4xx_hal.o
                0x000000000800785c                HAL_InitTick
 .text.HAL_Init
                0x00000000080078a4       0x34 Drivers/STM32F4xx_HAL_Driver/Src/stm32f4xx_hal.o
                0x00000000080078a4                HAL_Init
 .text.HAL_IncTick
                0x00000000080078d8       0x18 Drivers/STM32F4xx_HAL_Driver/Src/stm32f4xx_hal.o
                0x00000000080078d8                HAL_IncTick
 .text.HAL_GetTick
                0x00000000080078f0        0xc Drivers/STM32F4xx_HAL_Driver/Src/stm32f4xx_hal.o
                0x00000000080078f0                HAL_GetTick
 .text.HAL_NVIC_SetPriorityGrouping
                0x00000000080078fc       0x24 Drivers/STM32F4xx_HAL_Driver/Src/stm32f4xx_hal_cortex.o
                0x00000000080078fc                HAL_NVIC_SetPriorityGrouping
 .text.HAL_NVIC_SetPriority
                0x0000000008007920       0x68 Drivers/STM32F4xx_HAL_Driver/Src/stm32f4xx_hal_cortex.o
                0x0000000008007920                HAL_NVIC_SetPriority
 .text.HAL_NVIC_EnableIRQ
                0x0000000008007988       0x1c Drivers/STM32F4xx_HAL_Driver/Src/stm32f4xx_hal_cortex.o
                0x0000000008007988                HAL_NVIC_EnableIRQ
 .text.HAL_SYSTICK_Config
                0x00000000080079a4       0x2c Drivers/STM32F4xx_HAL_Driver/Src/stm32f4xx_hal_cortex.o
                0x00000000080079a4                HAL_SYSTICK_Config
 .text.HAL_DMA_Abort
                0x00000000080079d0       0x86 Drivers/STM32F4xx_HAL_Driver/Src/stm32f4xx_hal_dma.o
                0x00000000080079d0                HAL_DMA_Abort
 .text.HAL_DMA_Abort_IT
                0x0000000008007a56       0x24 Drivers/STM32F4xx_HAL_Driver/Src/stm32f4xx_hal_dma.o
                0x0000000008007a56                HAL_DMA_Abort_IT
 .text.HAL_DMA_GetError
                0x0000000008007a7a        0x4 Drivers/STM32F4xx_HAL_Driver/Src/stm32f4xx_hal_dma.o
                0x0000000008007a7a                HAL_DMA_GetError
 *fill*         0x0000000008007a7e        0x2 
 .text.FLASH_Program_DoubleWord
                0x0000000008007a80       0x2c Drivers/STM32F4xx_HAL_Driver/Src/stm32f4xx_hal_flash.o
 .text.FLASH_Program_Word
                0x0000000008007aac       0x24 Drivers/STM32F4xx_HAL_Driver/Src/stm32f4xx_hal_flash.o
 .text.FLASH_Program_HalfWord
                0x0000000008007ad0       0x24 Drivers/STM32F4xx_HAL_Driver/Src/stm32f4xx_hal_flash.o
 .text.FLASH_SetErrorCode
                0x0000000008007af4       0x74 Drivers/STM32F4xx_HAL_Driver/Src/stm32f4xx_hal_flash.o
 .text.HAL_FLASH_Unlock
                0x0000000008007b68       0x24 Drivers/STM32F4xx_HAL_Driver/Src/stm32f4xx_hal_flash.o
                0x0000000008007b68                HAL_FLASH_Unlock
 .text.HAL_FLASH_Lock
                0x0000000008007b8c       0x14 Drivers/STM32F4xx_HAL_Driver/Src/stm32f4xx_hal_flash.o
                0x0000000008007b8c                HAL_FLASH_Lock
 .text.FLASH_WaitForLastOperation
                0x0000000008007ba0       0x54 Drivers/STM32F4xx_HAL_Driver/Src/stm32f4xx_hal_flash.o
                0x0000000008007ba0                FLASH_WaitForLastOperation
 .text.HAL_FLASH_Program
                0x0000000008007bf4       0x8c Drivers/STM32F4xx_HAL_Driver/Src/stm32f4xx_hal_flash.o
                0x0000000008007bf4                HAL_FLASH_Program
 .text.FLASH_MassErase.isra.0
                0x0000000008007c80       0x24 Drivers/STM32F4xx_HAL_Driver/Src/stm32f4xx_hal_flash_ex.o
 .text.FLASH_Erase_Sector
                0x0000000008007ca4       0x4c Drivers/STM32F4xx_HAL_Driver/Src/stm32f4xx_hal_flash_ex.o
                0x0000000008007ca4                FLASH_Erase_Sector
 .text.FLASH_FlushCaches
                0x0000000008007cf0       0x58 Drivers/STM32F4xx_HAL_Driver/Src/stm32f4xx_hal_flash_ex.o
                0x0000000008007cf0                FLASH_FlushCaches
 .text.HAL_FLASHEx_Erase
                0x0000000008007d48       0x9c Drivers/STM32F4xx_HAL_Driver/Src/stm32f4xx_hal_flash_ex.o
                0x0000000008007d48                HAL_FLASHEx_Erase
 .text.HAL_GPIO_Init
                0x0000000008007de4      0x1c0 Drivers/STM32F4xx_HAL_Driver/Src/stm32f4xx_hal_gpio.o
                0x0000000008007de4                HAL_GPIO_Init
 .text.HAL_GPIO_WritePin
                0x0000000008007fa4        0xa Drivers/STM32F4xx_HAL_Driver/Src/stm32f4xx_hal_gpio.o
                0x0000000008007fa4                HAL_GPIO_WritePin
 .text.HAL_GPIO_TogglePin
                0x0000000008007fae        0xe Drivers/STM32F4xx_HAL_Driver/Src/stm32f4xx_hal_gpio.o
                0x0000000008007fae                HAL_GPIO_TogglePin
 .text.HAL_GPIO_EXTI_Callback
                0x0000000008007fbc        0x2 Drivers/STM32F4xx_HAL_Driver/Src/stm32f4xx_hal_gpio.o
                0x0000000008007fbc                HAL_GPIO_EXTI_Callback
 *fill*         0x0000000008007fbe        0x2 
 .text.HAL_GPIO_EXTI_IRQHandler
                0x0000000008007fc0       0x18 Drivers/STM32F4xx_HAL_Driver/Src/stm32f4xx_hal_gpio.o
                0x0000000008007fc0                HAL_GPIO_EXTI_IRQHandler
 .text.HAL_RCC_OscConfig
                0x0000000008007fd8      0x34c Drivers/STM32F4xx_HAL_Driver/Src/stm32f4xx_hal_rcc.o
                0x0000000008007fd8                HAL_RCC_OscConfig
 .text.HAL_RCC_GetSysClockFreq
                0x0000000008008324       0x5c Drivers/STM32F4xx_HAL_Driver/Src/stm32f4xx_hal_rcc.o
                0x0000000008008324                HAL_RCC_GetSysClockFreq
 .text.HAL_RCC_ClockConfig
                0x0000000008008380      0x134 Drivers/STM32F4xx_HAL_Driver/Src/stm32f4xx_hal_rcc.o
                0x0000000008008380                HAL_RCC_ClockConfig
 .text.HAL_RCC_GetPCLK1Freq
                0x00000000080084b4       0x20 Drivers/STM32F4xx_HAL_Driver/Src/stm32f4xx_hal_rcc.o
                0x00000000080084b4                HAL_RCC_GetPCLK1Freq
 .text.HAL_RCC_GetPCLK2Freq
                0x00000000080084d4       0x20 Drivers/STM32F4xx_HAL_Driver/Src/stm32f4xx_hal_rcc.o
                0x00000000080084d4                HAL_RCC_GetPCLK2Freq
 .text.HAL_TIM_OnePulse_MspInit
                0x00000000080084f4        0x2 Drivers/STM32F4xx_HAL_Driver/Src/stm32f4xx_hal_tim.o
                0x00000000080084f4                HAL_TIM_OnePulse_MspInit
 *fill*         0x00000000080084f6        0x2 
 .text.TIM_Base_SetConfig
                0x00000000080084f8       0xcc Drivers/STM32F4xx_HAL_Driver/Src/stm32f4xx_hal_tim.o
                0x00000000080084f8                TIM_Base_SetConfig
 .text.HAL_TIM_Base_Init
                0x00000000080085c4       0x34 Drivers/STM32F4xx_HAL_Driver/Src/stm32f4xx_hal_tim.o
                0x00000000080085c4                HAL_TIM_Base_Init
 .text.HAL_TIM_OnePulse_Init
                0x00000000080085f8       0x46 Drivers/STM32F4xx_HAL_Driver/Src/stm32f4xx_hal_tim.o
                0x00000000080085f8                HAL_TIM_OnePulse_Init
 .text.UART_EndRxTransfer
                0x000000000800863e       0x1a Drivers/STM32F4xx_HAL_Driver/Src/stm32f4xx_hal_uart.o
 .text.UART_SetConfig
                0x0000000008008658       0xe0 Drivers/STM32F4xx_HAL_Driver/Src/stm32f4xx_hal_uart.o
 .text.UART_WaitOnFlagUntilTimeout.constprop.3
                0x0000000008008738       0x50 Drivers/STM32F4xx_HAL_Driver/Src/stm32f4xx_hal_uart.o
 .text.HAL_UART_Init
                0x0000000008008788       0x5c Drivers/STM32F4xx_HAL_Driver/Src/stm32f4xx_hal_uart.o
                0x0000000008008788                HAL_UART_Init
 .text.HAL_UART_Transmit
                0x00000000080087e4       0xb8 Drivers/STM32F4xx_HAL_Driver/Src/stm32f4xx_hal_uart.o
                0x00000000080087e4                HAL_UART_Transmit
 .text.HAL_UART_Receive_IT
                0x000000000800889c       0x4e Drivers/STM32F4xx_HAL_Driver/Src/stm32f4xx_hal_uart.o
                0x000000000800889c                HAL_UART_Receive_IT
 .text.HAL_UART_Abort
                0x00000000080088ea       0x80 Drivers/STM32F4xx_HAL_Driver/Src/stm32f4xx_hal_uart.o
                0x00000000080088ea                HAL_UART_Abort
 .text.HAL_UART_AbortReceive
                0x000000000800896a       0x50 Drivers/STM32F4xx_HAL_Driver/Src/stm32f4xx_hal_uart.o
                0x000000000800896a                HAL_UART_AbortReceive
 .text.HAL_UART_TxCpltCallback
                0x00000000080089ba        0x2 Drivers/STM32F4xx_HAL_Driver/Src/stm32f4xx_hal_uart.o
                0x00000000080089ba                HAL_UART_TxCpltCallback
 .text.UART_Receive_IT
                0x00000000080089bc       0x76 Drivers/STM32F4xx_HAL_Driver/Src/stm32f4xx_hal_uart.o
 .text.HAL_UART_ErrorCallback
                0x0000000008008a32        0x2 Drivers/STM32F4xx_HAL_Driver/Src/stm32f4xx_hal_uart.o
                0x0000000008008a32                HAL_UART_ErrorCallback
 .text.HAL_UART_IRQHandler
                0x0000000008008a34      0x144 Drivers/STM32F4xx_HAL_Driver/Src/stm32f4xx_hal_uart.o
                0x0000000008008a34                HAL_UART_IRQHandler
 .text.UART_DMAAbortOnError
                0x0000000008008b78       0x10 Drivers/STM32F4xx_HAL_Driver/Src/stm32f4xx_hal_uart.o
 .text.HAL_UART_AbortCpltCallback
                0x0000000008008b88        0x2 Drivers/STM32F4xx_HAL_Driver/Src/stm32f4xx_hal_uart.o
                0x0000000008008b88                HAL_UART_AbortCpltCallback
 *fill*         0x0000000008008b8a        0x2 
 .text.HAL_UART_Abort_IT
                0x0000000008008b8c       0xa8 Drivers/STM32F4xx_HAL_Driver/Src/stm32f4xx_hal_uart.o
                0x0000000008008b8c                HAL_UART_Abort_IT
 .text.UART_DMARxAbortCallback
                0x0000000008008c34       0x28 Drivers/STM32F4xx_HAL_Driver/Src/stm32f4xx_hal_uart.o
 .text.UART_DMATxAbortCallback
                0x0000000008008c5c       0x28 Drivers/STM32F4xx_HAL_Driver/Src/stm32f4xx_hal_uart.o
 .text.HAL_UART_AbortReceiveCpltCallback
                0x0000000008008c84        0x2 Drivers/STM32F4xx_HAL_Driver/Src/stm32f4xx_hal_uart.o
                0x0000000008008c84                HAL_UART_AbortReceiveCpltCallback
 *fill*         0x0000000008008c86        0x2 
 .text.HAL_UART_AbortReceive_IT
                0x0000000008008c88       0x58 Drivers/STM32F4xx_HAL_Driver/Src/stm32f4xx_hal_uart.o
                0x0000000008008c88                HAL_UART_AbortReceive_IT
 .text.UART_DMARxOnlyAbortCallback
                0x0000000008008ce0       0x14 Drivers/STM32F4xx_HAL_Driver/Src/stm32f4xx_hal_uart.o
 .text.__assert_func
                0x0000000008008cf4       0x3c c:/st/stm32cubeide_1.3.0/stm32cubeide/plugins/com.st.stm32cube.ide.mcu.externaltools.gnu-tools-for-stm32.7-2018-q2-update.win32_1.0.0.201904181610/tools/bin/../lib/gcc/arm-none-eabi/7.3.1/../../../../arm-none-eabi/lib/thumb/v7e-m/fpv4-sp/hard\libc_nano.a(lib_a-assert.o)
                0x0000000008008cf4                __assert_func
 .text.__errno  0x0000000008008d30        0xc c:/st/stm32cubeide_1.3.0/stm32cubeide/plugins/com.st.stm32cube.ide.mcu.externaltools.gnu-tools-for-stm32.7-2018-q2-update.win32_1.0.0.201904181610/tools/bin/../lib/gcc/arm-none-eabi/7.3.1/../../../../arm-none-eabi/lib/thumb/v7e-m/fpv4-sp/hard\libc_nano.a(lib_a-errno.o)
                0x0000000008008d30                __errno
 .text.fprintf  0x0000000008008d3c       0x24 c:/st/stm32cubeide_1.3.0/stm32cubeide/plugins/com.st.stm32cube.ide.mcu.externaltools.gnu-tools-for-stm32.7-2018-q2-update.win32_1.0.0.201904181610/tools/bin/../lib/gcc/arm-none-eabi/7.3.1/../../../../arm-none-eabi/lib/thumb/v7e-m/fpv4-sp/hard\libc_nano.a(lib_a-fprintf.o)
                0x0000000008008d3c                fiprintf
                0x0000000008008d3c                fprintf
 .text.__libc_init_array
                0x0000000008008d60       0x48 c:/st/stm32cubeide_1.3.0/stm32cubeide/plugins/com.st.stm32cube.ide.mcu.externaltools.gnu-tools-for-stm32.7-2018-q2-update.win32_1.0.0.201904181610/tools/bin/../lib/gcc/arm-none-eabi/7.3.1/../../../../arm-none-eabi/lib/thumb/v7e-m/fpv4-sp/hard\libc_nano.a(lib_a-init.o)
                0x0000000008008d60                __libc_init_array
 .text.__locale_ctype_ptr_l
                0x0000000008008da8        0x6 c:/st/stm32cubeide_1.3.0/stm32cubeide/plugins/com.st.stm32cube.ide.mcu.externaltools.gnu-tools-for-stm32.7-2018-q2-update.win32_1.0.0.201904181610/tools/bin/../lib/gcc/arm-none-eabi/7.3.1/../../../../arm-none-eabi/lib/thumb/v7e-m/fpv4-sp/hard\libc_nano.a(lib_a-locale.o)
                0x0000000008008da8                __locale_ctype_ptr_l
 *fill*         0x0000000008008dae        0x2 
 .text.__locale_ctype_ptr
                0x0000000008008db0       0x1c c:/st/stm32cubeide_1.3.0/stm32cubeide/plugins/com.st.stm32cube.ide.mcu.externaltools.gnu-tools-for-stm32.7-2018-q2-update.win32_1.0.0.201904181610/tools/bin/../lib/gcc/arm-none-eabi/7.3.1/../../../../arm-none-eabi/lib/thumb/v7e-m/fpv4-sp/hard\libc_nano.a(lib_a-locale.o)
                0x0000000008008db0                __locale_ctype_ptr
 .text.__ascii_mbtowc
                0x0000000008008dcc       0x24 c:/st/stm32cubeide_1.3.0/stm32cubeide/plugins/com.st.stm32cube.ide.mcu.externaltools.gnu-tools-for-stm32.7-2018-q2-update.win32_1.0.0.201904181610/tools/bin/../lib/gcc/arm-none-eabi/7.3.1/../../../../arm-none-eabi/lib/thumb/v7e-m/fpv4-sp/hard\libc_nano.a(lib_a-mbtowc_r.o)
                0x0000000008008dcc                __ascii_mbtowc
 .text.memcmp   0x0000000008008df0       0x1e c:/st/stm32cubeide_1.3.0/stm32cubeide/plugins/com.st.stm32cube.ide.mcu.externaltools.gnu-tools-for-stm32.7-2018-q2-update.win32_1.0.0.201904181610/tools/bin/../lib/gcc/arm-none-eabi/7.3.1/../../../../arm-none-eabi/lib/thumb/v7e-m/fpv4-sp/hard\libc_nano.a(lib_a-memcmp.o)
                0x0000000008008df0                memcmp
 .text.memcpy   0x0000000008008e0e       0x16 c:/st/stm32cubeide_1.3.0/stm32cubeide/plugins/com.st.stm32cube.ide.mcu.externaltools.gnu-tools-for-stm32.7-2018-q2-update.win32_1.0.0.201904181610/tools/bin/../lib/gcc/arm-none-eabi/7.3.1/../../../../arm-none-eabi/lib/thumb/v7e-m/fpv4-sp/hard\libc_nano.a(lib_a-memcpy-stub.o)
                0x0000000008008e0e                memcpy
 .text.memset   0x0000000008008e24       0x10 c:/st/stm32cubeide_1.3.0/stm32cubeide/plugins/com.st.stm32cube.ide.mcu.externaltools.gnu-tools-for-stm32.7-2018-q2-update.win32_1.0.0.201904181610/tools/bin/../lib/gcc/arm-none-eabi/7.3.1/../../../../arm-none-eabi/lib/thumb/v7e-m/fpv4-sp/hard\libc_nano.a(lib_a-memset.o)
                0x0000000008008e24                memset
 .text.__sfputc_r
                0x0000000008008e34       0x2e c:/st/stm32cubeide_1.3.0/stm32cubeide/plugins/com.st.stm32cube.ide.mcu.externaltools.gnu-tools-for-stm32.7-2018-q2-update.win32_1.0.0.201904181610/tools/bin/../lib/gcc/arm-none-eabi/7.3.1/../../../../arm-none-eabi/lib/thumb/v7e-m/fpv4-sp/hard\libc_nano.a(lib_a-nano-vfprintf.o)
 .text.__sfputs_r
                0x0000000008008e62       0x24 c:/st/stm32cubeide_1.3.0/stm32cubeide/plugins/com.st.stm32cube.ide.mcu.externaltools.gnu-tools-for-stm32.7-2018-q2-update.win32_1.0.0.201904181610/tools/bin/../lib/gcc/arm-none-eabi/7.3.1/../../../../arm-none-eabi/lib/thumb/v7e-m/fpv4-sp/hard\libc_nano.a(lib_a-nano-vfprintf.o)
                0x0000000008008e62                __sfputs_r
 *fill*         0x0000000008008e86        0x2 
 .text._vfprintf_r
                0x0000000008008e88      0x22c c:/st/stm32cubeide_1.3.0/stm32cubeide/plugins/com.st.stm32cube.ide.mcu.externaltools.gnu-tools-for-stm32.7-2018-q2-update.win32_1.0.0.201904181610/tools/bin/../lib/gcc/arm-none-eabi/7.3.1/../../../../arm-none-eabi/lib/thumb/v7e-m/fpv4-sp/hard\libc_nano.a(lib_a-nano-vfprintf.o)
                0x0000000008008e88                _vfprintf_r
                0x0000000008008e88                _vfiprintf_r
 .text._printf_common
                0x00000000080090b4       0xea c:/st/stm32cubeide_1.3.0/stm32cubeide/plugins/com.st.stm32cube.ide.mcu.externaltools.gnu-tools-for-stm32.7-2018-q2-update.win32_1.0.0.201904181610/tools/bin/../lib/gcc/arm-none-eabi/7.3.1/../../../../arm-none-eabi/lib/thumb/v7e-m/fpv4-sp/hard\libc_nano.a(lib_a-nano-vfprintf_i.o)
                0x00000000080090b4                _printf_common
 *fill*         0x000000000800919e        0x2 
 .text._printf_i
                0x00000000080091a0      0x224 c:/st/stm32cubeide_1.3.0/stm32cubeide/plugins/com.st.stm32cube.ide.mcu.externaltools.gnu-tools-for-stm32.7-2018-q2-update.win32_1.0.0.201904181610/tools/bin/../lib/gcc/arm-none-eabi/7.3.1/../../../../arm-none-eabi/lib/thumb/v7e-m/fpv4-sp/hard\libc_nano.a(lib_a-nano-vfprintf_i.o)
                0x00000000080091a0                _printf_i
 .text.printf   0x00000000080093c4       0x30 c:/st/stm32cubeide_1.3.0/stm32cubeide/plugins/com.st.stm32cube.ide.mcu.externaltools.gnu-tools-for-stm32.7-2018-q2-update.win32_1.0.0.201904181610/tools/bin/../lib/gcc/arm-none-eabi/7.3.1/../../../../arm-none-eabi/lib/thumb/v7e-m/fpv4-sp/hard\libc_nano.a(lib_a-printf.o)
                0x00000000080093c4                iprintf
                0x00000000080093c4                printf
 .text.snprintf
                0x00000000080093f4       0x68 c:/st/stm32cubeide_1.3.0/stm32cubeide/plugins/com.st.stm32cube.ide.mcu.externaltools.gnu-tools-for-stm32.7-2018-q2-update.win32_1.0.0.201904181610/tools/bin/../lib/gcc/arm-none-eabi/7.3.1/../../../../arm-none-eabi/lib/thumb/v7e-m/fpv4-sp/hard\libc_nano.a(lib_a-snprintf.o)
                0x00000000080093f4                sniprintf
                0x00000000080093f4                snprintf
 .text.strchr   0x000000000800945c       0x1a c:/st/stm32cubeide_1.3.0/stm32cubeide/plugins/com.st.stm32cube.ide.mcu.externaltools.gnu-tools-for-stm32.7-2018-q2-update.win32_1.0.0.201904181610/tools/bin/../lib/gcc/arm-none-eabi/7.3.1/../../../../arm-none-eabi/lib/thumb/v7e-m/fpv4-sp/hard\libc_nano.a(lib_a-strchr.o)
                0x000000000800945c                strchr
 .text.strcpy   0x0000000008009476       0x10 c:/st/stm32cubeide_1.3.0/stm32cubeide/plugins/com.st.stm32cube.ide.mcu.externaltools.gnu-tools-for-stm32.7-2018-q2-update.win32_1.0.0.201904181610/tools/bin/../lib/gcc/arm-none-eabi/7.3.1/../../../../arm-none-eabi/lib/thumb/v7e-m/fpv4-sp/hard\libc_nano.a(lib_a-strcpy.o)
                0x0000000008009476                strcpy
 .text.strcspn  0x0000000008009486       0x24 c:/st/stm32cubeide_1.3.0/stm32cubeide/plugins/com.st.stm32cube.ide.mcu.externaltools.gnu-tools-for-stm32.7-2018-q2-update.win32_1.0.0.201904181610/tools/bin/../lib/gcc/arm-none-eabi/7.3.1/../../../../arm-none-eabi/lib/thumb/v7e-m/fpv4-sp/hard\libc_nano.a(lib_a-strcspn.o)
                0x0000000008009486                strcspn
 .text.strspn   0x00000000080094aa       0x24 c:/st/stm32cubeide_1.3.0/stm32cubeide/plugins/com.st.stm32cube.ide.mcu.externaltools.gnu-tools-for-stm32.7-2018-q2-update.win32_1.0.0.201904181610/tools/bin/../lib/gcc/arm-none-eabi/7.3.1/../../../../arm-none-eabi/lib/thumb/v7e-m/fpv4-sp/hard\libc_nano.a(lib_a-strspn.o)
                0x00000000080094aa                strspn
 *fill*         0x00000000080094ce        0x2 
 .text.strtok   0x00000000080094d0       0x54 c:/st/stm32cubeide_1.3.0/stm32cubeide/plugins/com.st.stm32cube.ide.mcu.externaltools.gnu-tools-for-stm32.7-2018-q2-update.win32_1.0.0.201904181610/tools/bin/../lib/gcc/arm-none-eabi/7.3.1/../../../../arm-none-eabi/lib/thumb/v7e-m/fpv4-sp/hard\libc_nano.a(lib_a-strtok.o)
                0x00000000080094d0                strtok
 .text.__strtok_r
                0x0000000008009524       0x54 c:/st/stm32cubeide_1.3.0/stm32cubeide/plugins/com.st.stm32cube.ide.mcu.externaltools.gnu-tools-for-stm32.7-2018-q2-update.win32_1.0.0.201904181610/tools/bin/../lib/gcc/arm-none-eabi/7.3.1/../../../../arm-none-eabi/lib/thumb/v7e-m/fpv4-sp/hard\libc_nano.a(lib_a-strtok_r.o)
                0x0000000008009524                __strtok_r
 .text._strtol_l.isra.0
                0x0000000008009578       0xf6 c:/st/stm32cubeide_1.3.0/stm32cubeide/plugins/com.st.stm32cube.ide.mcu.externaltools.gnu-tools-for-stm32.7-2018-q2-update.win32_1.0.0.201904181610/tools/bin/../lib/gcc/arm-none-eabi/7.3.1/../../../../arm-none-eabi/lib/thumb/v7e-m/fpv4-sp/hard\libc_nano.a(lib_a-strtol.o)
 *fill*         0x000000000800966e        0x2 
 .text.strtol   0x0000000008009670       0x2c c:/st/stm32cubeide_1.3.0/stm32cubeide/plugins/com.st.stm32cube.ide.mcu.externaltools.gnu-tools-for-stm32.7-2018-q2-update.win32_1.0.0.201904181610/tools/bin/../lib/gcc/arm-none-eabi/7.3.1/../../../../arm-none-eabi/lib/thumb/v7e-m/fpv4-sp/hard\libc_nano.a(lib_a-strtol.o)
                0x0000000008009670                strtol
 .text.vprintf  0x000000000800969c       0x2c c:/st/stm32cubeide_1.3.0/stm32cubeide/plugins/com.st.stm32cube.ide.mcu.externaltools.gnu-tools-for-stm32.7-2018-q2-update.win32_1.0.0.201904181610/tools/bin/../lib/gcc/arm-none-eabi/7.3.1/../../../../arm-none-eabi/lib/thumb/v7e-m/fpv4-sp/hard\libc_nano.a(lib_a-vprintf.o)
                0x000000000800969c                viprintf
                0x000000000800969c                vprintf
 .text.__swbuf_r
                0x00000000080096c8       0xa4 c:/st/stm32cubeide_1.3.0/stm32cubeide/plugins/com.st.stm32cube.ide.mcu.externaltools.gnu-tools-for-stm32.7-2018-q2-update.win32_1.0.0.201904181610/tools/bin/../lib/gcc/arm-none-eabi/7.3.1/../../../../arm-none-eabi/lib/thumb/v7e-m/fpv4-sp/hard\libc_nano.a(lib_a-wbuf.o)
                0x00000000080096c8                __swbuf_r
 .text.__ascii_wctomb
                0x000000000800976c       0x1a c:/st/stm32cubeide_1.3.0/stm32cubeide/plugins/com.st.stm32cube.ide.mcu.externaltools.gnu-tools-for-stm32.7-2018-q2-update.win32_1.0.0.201904181610/tools/bin/../lib/gcc/arm-none-eabi/7.3.1/../../../../arm-none-eabi/lib/thumb/v7e-m/fpv4-sp/hard\libc_nano.a(lib_a-wctomb_r.o)
                0x000000000800976c                __ascii_wctomb
 *fill*         0x0000000008009786        0x2 
 .text.__swsetup_r
                0x0000000008009788       0xdc c:/st/stm32cubeide_1.3.0/stm32cubeide/plugins/com.st.stm32cube.ide.mcu.externaltools.gnu-tools-for-stm32.7-2018-q2-update.win32_1.0.0.201904181610/tools/bin/../lib/gcc/arm-none-eabi/7.3.1/../../../../arm-none-eabi/lib/thumb/v7e-m/fpv4-sp/hard\libc_nano.a(lib_a-wsetup.o)
                0x0000000008009788                __swsetup_r
 .text.abort    0x0000000008009864        0xe c:/st/stm32cubeide_1.3.0/stm32cubeide/plugins/com.st.stm32cube.ide.mcu.externaltools.gnu-tools-for-stm32.7-2018-q2-update.win32_1.0.0.201904181610/tools/bin/../lib/gcc/arm-none-eabi/7.3.1/../../../../arm-none-eabi/lib/thumb/v7e-m/fpv4-sp/hard\libc_nano.a(lib_a-abort.o)
                0x0000000008009864                abort
 *fill*         0x0000000008009872        0x2 
 .text.__sflush_r
                0x0000000008009874      0x10c c:/st/stm32cubeide_1.3.0/stm32cubeide/plugins/com.st.stm32cube.ide.mcu.externaltools.gnu-tools-for-stm32.7-2018-q2-update.win32_1.0.0.201904181610/tools/bin/../lib/gcc/arm-none-eabi/7.3.1/../../../../arm-none-eabi/lib/thumb/v7e-m/fpv4-sp/hard\libc_nano.a(lib_a-fflush.o)
                0x0000000008009874                __sflush_r
 .text._fflush_r
                0x0000000008009980       0x54 c:/st/stm32cubeide_1.3.0/stm32cubeide/plugins/com.st.stm32cube.ide.mcu.externaltools.gnu-tools-for-stm32.7-2018-q2-update.win32_1.0.0.201904181610/tools/bin/../lib/gcc/arm-none-eabi/7.3.1/../../../../arm-none-eabi/lib/thumb/v7e-m/fpv4-sp/hard\libc_nano.a(lib_a-fflush.o)
                0x0000000008009980                _fflush_r
 .text.std      0x00000000080099d4       0x48 c:/st/stm32cubeide_1.3.0/stm32cubeide/plugins/com.st.stm32cube.ide.mcu.externaltools.gnu-tools-for-stm32.7-2018-q2-update.win32_1.0.0.201904181610/tools/bin/../lib/gcc/arm-none-eabi/7.3.1/../../../../arm-none-eabi/lib/thumb/v7e-m/fpv4-sp/hard\libc_nano.a(lib_a-findfp.o)
 .text._cleanup_r
                0x0000000008009a1c        0xc c:/st/stm32cubeide_1.3.0/stm32cubeide/plugins/com.st.stm32cube.ide.mcu.externaltools.gnu-tools-for-stm32.7-2018-q2-update.win32_1.0.0.201904181610/tools/bin/../lib/gcc/arm-none-eabi/7.3.1/../../../../arm-none-eabi/lib/thumb/v7e-m/fpv4-sp/hard\libc_nano.a(lib_a-findfp.o)
                0x0000000008009a1c                _cleanup_r
 .text.__sfmoreglue
                0x0000000008009a28       0x2c c:/st/stm32cubeide_1.3.0/stm32cubeide/plugins/com.st.stm32cube.ide.mcu.externaltools.gnu-tools-for-stm32.7-2018-q2-update.win32_1.0.0.201904181610/tools/bin/../lib/gcc/arm-none-eabi/7.3.1/../../../../arm-none-eabi/lib/thumb/v7e-m/fpv4-sp/hard\libc_nano.a(lib_a-findfp.o)
                0x0000000008009a28                __sfmoreglue
 .text.__sinit  0x0000000008009a54       0x60 c:/st/stm32cubeide_1.3.0/stm32cubeide/plugins/com.st.stm32cube.ide.mcu.externaltools.gnu-tools-for-stm32.7-2018-q2-update.win32_1.0.0.201904181610/tools/bin/../lib/gcc/arm-none-eabi/7.3.1/../../../../arm-none-eabi/lib/thumb/v7e-m/fpv4-sp/hard\libc_nano.a(lib_a-findfp.o)
                0x0000000008009a54                __sinit
 .text.__sfp    0x0000000008009ab4       0x78 c:/st/stm32cubeide_1.3.0/stm32cubeide/plugins/com.st.stm32cube.ide.mcu.externaltools.gnu-tools-for-stm32.7-2018-q2-update.win32_1.0.0.201904181610/tools/bin/../lib/gcc/arm-none-eabi/7.3.1/../../../../arm-none-eabi/lib/thumb/v7e-m/fpv4-sp/hard\libc_nano.a(lib_a-findfp.o)
                0x0000000008009ab4                __sfp
 .text._fwalk_reent
                0x0000000008009b2c       0x3c c:/st/stm32cubeide_1.3.0/stm32cubeide/plugins/com.st.stm32cube.ide.mcu.externaltools.gnu-tools-for-stm32.7-2018-q2-update.win32_1.0.0.201904181610/tools/bin/../lib/gcc/arm-none-eabi/7.3.1/../../../../arm-none-eabi/lib/thumb/v7e-m/fpv4-sp/hard\libc_nano.a(lib_a-fwalk.o)
                0x0000000008009b2c                _fwalk_reent
 .text.__swhatbuf_r
                0x0000000008009b68       0x48 c:/st/stm32cubeide_1.3.0/stm32cubeide/plugins/com.st.stm32cube.ide.mcu.externaltools.gnu-tools-for-stm32.7-2018-q2-update.win32_1.0.0.201904181610/tools/bin/../lib/gcc/arm-none-eabi/7.3.1/../../../../arm-none-eabi/lib/thumb/v7e-m/fpv4-sp/hard\libc_nano.a(lib_a-makebuf.o)
                0x0000000008009b68                __swhatbuf_r
 .text.__smakebuf_r
                0x0000000008009bb0       0x80 c:/st/stm32cubeide_1.3.0/stm32cubeide/plugins/com.st.stm32cube.ide.mcu.externaltools.gnu-tools-for-stm32.7-2018-q2-update.win32_1.0.0.201904181610/tools/bin/../lib/gcc/arm-none-eabi/7.3.1/../../../../arm-none-eabi/lib/thumb/v7e-m/fpv4-sp/hard\libc_nano.a(lib_a-makebuf.o)
                0x0000000008009bb0                __smakebuf_r
 .text.malloc   0x0000000008009c30       0x10 c:/st/stm32cubeide_1.3.0/stm32cubeide/plugins/com.st.stm32cube.ide.mcu.externaltools.gnu-tools-for-stm32.7-2018-q2-update.win32_1.0.0.201904181610/tools/bin/../lib/gcc/arm-none-eabi/7.3.1/../../../../arm-none-eabi/lib/thumb/v7e-m/fpv4-sp/hard\libc_nano.a(lib_a-malloc.o)
                0x0000000008009c30                malloc
 .text.memmove  0x0000000008009c40       0x32 c:/st/stm32cubeide_1.3.0/stm32cubeide/plugins/com.st.stm32cube.ide.mcu.externaltools.gnu-tools-for-stm32.7-2018-q2-update.win32_1.0.0.201904181610/tools/bin/../lib/gcc/arm-none-eabi/7.3.1/../../../../arm-none-eabi/lib/thumb/v7e-m/fpv4-sp/hard\libc_nano.a(lib_a-memmove.o)
                0x0000000008009c40                memmove
 *fill*         0x0000000008009c72        0x2 
 .text._free_r  0x0000000008009c74       0x9c c:/st/stm32cubeide_1.3.0/stm32cubeide/plugins/com.st.stm32cube.ide.mcu.externaltools.gnu-tools-for-stm32.7-2018-q2-update.win32_1.0.0.201904181610/tools/bin/../lib/gcc/arm-none-eabi/7.3.1/../../../../arm-none-eabi/lib/thumb/v7e-m/fpv4-sp/hard\libc_nano.a(lib_a-nano-freer.o)
                0x0000000008009c74                _free_r
 .text._malloc_r
                0x0000000008009d10       0xb4 c:/st/stm32cubeide_1.3.0/stm32cubeide/plugins/com.st.stm32cube.ide.mcu.externaltools.gnu-tools-for-stm32.7-2018-q2-update.win32_1.0.0.201904181610/tools/bin/../lib/gcc/arm-none-eabi/7.3.1/../../../../arm-none-eabi/lib/thumb/v7e-m/fpv4-sp/hard\libc_nano.a(lib_a-nano-mallocr.o)
                0x0000000008009d10                _malloc_r
 .text._realloc_r
                0x0000000008009dc4       0x4c c:/st/stm32cubeide_1.3.0/stm32cubeide/plugins/com.st.stm32cube.ide.mcu.externaltools.gnu-tools-for-stm32.7-2018-q2-update.win32_1.0.0.201904181610/tools/bin/../lib/gcc/arm-none-eabi/7.3.1/../../../../arm-none-eabi/lib/thumb/v7e-m/fpv4-sp/hard\libc_nano.a(lib_a-nano-reallocr.o)
                0x0000000008009dc4                _realloc_r
 .text.__ssputs_r
                0x0000000008009e10       0xb4 c:/st/stm32cubeide_1.3.0/stm32cubeide/plugins/com.st.stm32cube.ide.mcu.externaltools.gnu-tools-for-stm32.7-2018-q2-update.win32_1.0.0.201904181610/tools/bin/../lib/gcc/arm-none-eabi/7.3.1/../../../../arm-none-eabi/lib/thumb/v7e-m/fpv4-sp/hard\libc_nano.a(lib_a-nano-svfprintf.o)
                0x0000000008009e10                __ssputs_r
 .text._svfprintf_r
                0x0000000008009ec4      0x1f0 c:/st/stm32cubeide_1.3.0/stm32cubeide/plugins/com.st.stm32cube.ide.mcu.externaltools.gnu-tools-for-stm32.7-2018-q2-update.win32_1.0.0.201904181610/tools/bin/../lib/gcc/arm-none-eabi/7.3.1/../../../../arm-none-eabi/lib/thumb/v7e-m/fpv4-sp/hard\libc_nano.a(lib_a-nano-svfprintf.o)
                0x0000000008009ec4                _svfiprintf_r
                0x0000000008009ec4                _svfprintf_r
 .text._sbrk_r  0x000000000800a0b4       0x20 c:/st/stm32cubeide_1.3.0/stm32cubeide/plugins/com.st.stm32cube.ide.mcu.externaltools.gnu-tools-for-stm32.7-2018-q2-update.win32_1.0.0.201904181610/tools/bin/../lib/gcc/arm-none-eabi/7.3.1/../../../../arm-none-eabi/lib/thumb/v7e-m/fpv4-sp/hard\libc_nano.a(lib_a-sbrkr.o)
                0x000000000800a0b4                _sbrk_r
 .text._raise_r
                0x000000000800a0d4       0x50 c:/st/stm32cubeide_1.3.0/stm32cubeide/plugins/com.st.stm32cube.ide.mcu.externaltools.gnu-tools-for-stm32.7-2018-q2-update.win32_1.0.0.201904181610/tools/bin/../lib/gcc/arm-none-eabi/7.3.1/../../../../arm-none-eabi/lib/thumb/v7e-m/fpv4-sp/hard\libc_nano.a(lib_a-signal.o)
                0x000000000800a0d4                _raise_r
 .text.raise    0x000000000800a124       0x10 c:/st/stm32cubeide_1.3.0/stm32cubeide/plugins/com.st.stm32cube.ide.mcu.externaltools.gnu-tools-for-stm32.7-2018-q2-update.win32_1.0.0.201904181610/tools/bin/../lib/gcc/arm-none-eabi/7.3.1/../../../../arm-none-eabi/lib/thumb/v7e-m/fpv4-sp/hard\libc_nano.a(lib_a-signal.o)
                0x000000000800a124                raise
 .text._kill_r  0x000000000800a134       0x24 c:/st/stm32cubeide_1.3.0/stm32cubeide/plugins/com.st.stm32cube.ide.mcu.externaltools.gnu-tools-for-stm32.7-2018-q2-update.win32_1.0.0.201904181610/tools/bin/../lib/gcc/arm-none-eabi/7.3.1/../../../../arm-none-eabi/lib/thumb/v7e-m/fpv4-sp/hard\libc_nano.a(lib_a-signalr.o)
                0x000000000800a134                _kill_r
 .text._getpid_r
                0x000000000800a158        0x4 c:/st/stm32cubeide_1.3.0/stm32cubeide/plugins/com.st.stm32cube.ide.mcu.externaltools.gnu-tools-for-stm32.7-2018-q2-update.win32_1.0.0.201904181610/tools/bin/../lib/gcc/arm-none-eabi/7.3.1/../../../../arm-none-eabi/lib/thumb/v7e-m/fpv4-sp/hard\libc_nano.a(lib_a-signalr.o)
                0x000000000800a158                _getpid_r
 .text.__sread  0x000000000800a15c       0x22 c:/st/stm32cubeide_1.3.0/stm32cubeide/plugins/com.st.stm32cube.ide.mcu.externaltools.gnu-tools-for-stm32.7-2018-q2-update.win32_1.0.0.201904181610/tools/bin/../lib/gcc/arm-none-eabi/7.3.1/../../../../arm-none-eabi/lib/thumb/v7e-m/fpv4-sp/hard\libc_nano.a(lib_a-stdio.o)
                0x000000000800a15c                __sread
 .text.__swrite
                0x000000000800a17e       0x38 c:/st/stm32cubeide_1.3.0/stm32cubeide/plugins/com.st.stm32cube.ide.mcu.externaltools.gnu-tools-for-stm32.7-2018-q2-update.win32_1.0.0.201904181610/tools/bin/../lib/gcc/arm-none-eabi/7.3.1/../../../../arm-none-eabi/lib/thumb/v7e-m/fpv4-sp/hard\libc_nano.a(lib_a-stdio.o)
                0x000000000800a17e                __swrite
 .text.__sseek  0x000000000800a1b6       0x24 c:/st/stm32cubeide_1.3.0/stm32cubeide/plugins/com.st.stm32cube.ide.mcu.externaltools.gnu-tools-for-stm32.7-2018-q2-update.win32_1.0.0.201904181610/tools/bin/../lib/gcc/arm-none-eabi/7.3.1/../../../../arm-none-eabi/lib/thumb/v7e-m/fpv4-sp/hard\libc_nano.a(lib_a-stdio.o)
                0x000000000800a1b6                __sseek
 .text.__sclose
                0x000000000800a1da        0x8 c:/st/stm32cubeide_1.3.0/stm32cubeide/plugins/com.st.stm32cube.ide.mcu.externaltools.gnu-tools-for-stm32.7-2018-q2-update.win32_1.0.0.201904181610/tools/bin/../lib/gcc/arm-none-eabi/7.3.1/../../../../arm-none-eabi/lib/thumb/v7e-m/fpv4-sp/hard\libc_nano.a(lib_a-stdio.o)
                0x000000000800a1da                __sclose
 *fill*         0x000000000800a1e2        0x2 
 .text._write_r
                0x000000000800a1e4       0x24 c:/st/stm32cubeide_1.3.0/stm32cubeide/plugins/com.st.stm32cube.ide.mcu.externaltools.gnu-tools-for-stm32.7-2018-q2-update.win32_1.0.0.201904181610/tools/bin/../lib/gcc/arm-none-eabi/7.3.1/../../../../arm-none-eabi/lib/thumb/v7e-m/fpv4-sp/hard\libc_nano.a(lib_a-writer.o)
                0x000000000800a1e4                _write_r
 .text._close_r
                0x000000000800a208       0x20 c:/st/stm32cubeide_1.3.0/stm32cubeide/plugins/com.st.stm32cube.ide.mcu.externaltools.gnu-tools-for-stm32.7-2018-q2-update.win32_1.0.0.201904181610/tools/bin/../lib/gcc/arm-none-eabi/7.3.1/../../../../arm-none-eabi/lib/thumb/v7e-m/fpv4-sp/hard\libc_nano.a(lib_a-closer.o)
                0x000000000800a208                _close_r
 .text._fstat_r
                0x000000000800a228       0x24 c:/st/stm32cubeide_1.3.0/stm32cubeide/plugins/com.st.stm32cube.ide.mcu.externaltools.gnu-tools-for-stm32.7-2018-q2-update.win32_1.0.0.201904181610/tools/bin/../lib/gcc/arm-none-eabi/7.3.1/../../../../arm-none-eabi/lib/thumb/v7e-m/fpv4-sp/hard\libc_nano.a(lib_a-fstatr.o)
                0x000000000800a228                _fstat_r
 .text._isatty_r
                0x000000000800a24c       0x20 c:/st/stm32cubeide_1.3.0/stm32cubeide/plugins/com.st.stm32cube.ide.mcu.externaltools.gnu-tools-for-stm32.7-2018-q2-update.win32_1.0.0.201904181610/tools/bin/../lib/gcc/arm-none-eabi/7.3.1/../../../../arm-none-eabi/lib/thumb/v7e-m/fpv4-sp/hard\libc_nano.a(lib_a-isattyr.o)
                0x000000000800a24c                _isatty_r
 .text._lseek_r
                0x000000000800a26c       0x24 c:/st/stm32cubeide_1.3.0/stm32cubeide/plugins/com.st.stm32cube.ide.mcu.externaltools.gnu-tools-for-stm32.7-2018-q2-update.win32_1.0.0.201904181610/tools/bin/../lib/gcc/arm-none-eabi/7.3.1/../../../../arm-none-eabi/lib/thumb/v7e-m/fpv4-sp/hard\libc_nano.a(lib_a-lseekr.o)
                0x000000000800a26c                _lseek_r
 .text.__malloc_lock
                0x000000000800a290        0x2 c:/st/stm32cubeide_1.3.0/stm32cubeide/plugins/com.st.stm32cube.ide.mcu.externaltools.gnu-tools-for-stm32.7-2018-q2-update.win32_1.0.0.201904181610/tools/bin/../lib/gcc/arm-none-eabi/7.3.1/../../../../arm-none-eabi/lib/thumb/v7e-m/fpv4-sp/hard\libc_nano.a(lib_a-mlock.o)
                0x000000000800a290                __malloc_lock
 .text.__malloc_unlock
                0x000000000800a292        0x2 c:/st/stm32cubeide_1.3.0/stm32cubeide/plugins/com.st.stm32cube.ide.mcu.externaltools.gnu-tools-for-stm32.7-2018-q2-update.win32_1.0.0.201904181610/tools/bin/../lib/gcc/arm-none-eabi/7.3.1/../../../../arm-none-eabi/lib/thumb/v7e-m/fpv4-sp/hard\libc_nano.a(lib_a-mlock.o)
                0x000000000800a292                __malloc_unlock
 .text._malloc_usable_size_r
                0x000000000800a294       0x10 c:/st/stm32cubeide_1.3.0/stm32cubeide/plugins/com.st.stm32cube.ide.mcu.externaltools.gnu-tools-for-stm32.7-2018-q2-update.win32_1.0.0.201904181610/tools/bin/../lib/gcc/arm-none-eabi/7.3.1/../../../../arm-none-eabi/lib/thumb/v7e-m/fpv4-sp/hard\libc_nano.a(lib_a-nano-msizer.o)
                0x000000000800a294                _malloc_usable_size_r
 .text._read_r  0x000000000800a2a4       0x24 c:/st/stm32cubeide_1.3.0/stm32cubeide/plugins/com.st.stm32cube.ide.mcu.externaltools.gnu-tools-for-stm32.7-2018-q2-update.win32_1.0.0.201904181610/tools/bin/../lib/gcc/arm-none-eabi/7.3.1/../../../../arm-none-eabi/lib/thumb/v7e-m/fpv4-sp/hard\libc_nano.a(lib_a-readr.o)
                0x000000000800a2a4                _read_r
 *(.glue_7)
 .glue_7        0x000000000800a2c8        0x0 linker stubs
 *(.glue_7t)
 .glue_7t       0x000000000800a2c8        0x0 linker stubs
 *(.eh_frame)
 .eh_frame      0x000000000800a2c8        0x0 c:/st/stm32cubeide_1.3.0/stm32cubeide/plugins/com.st.stm32cube.ide.mcu.externaltools.gnu-tools-for-stm32.7-2018-q2-update.win32_1.0.0.201904181610/tools/bin/../lib/gcc/arm-none-eabi/7.3.1/thumb/v7e-m/fpv4-sp/hard/crtbegin.o
 *(.init)
 .init          0x000000000800a2c8        0x4 c:/st/stm32cubeide_1.3.0/stm32cubeide/plugins/com.st.stm32cube.ide.mcu.externaltools.gnu-tools-for-stm32.7-2018-q2-update.win32_1.0.0.201904181610/tools/bin/../lib/gcc/arm-none-eabi/7.3.1/thumb/v7e-m/fpv4-sp/hard/crti.o
                0x000000000800a2c8                _init
 .init          0x000000000800a2cc        0x8 c:/st/stm32cubeide_1.3.0/stm32cubeide/plugins/com.st.stm32cube.ide.mcu.externaltools.gnu-tools-for-stm32.7-2018-q2-update.win32_1.0.0.201904181610/tools/bin/../lib/gcc/arm-none-eabi/7.3.1/thumb/v7e-m/fpv4-sp/hard/crtn.o
 *(.fini)
 .fini          0x000000000800a2d4        0x4 c:/st/stm32cubeide_1.3.0/stm32cubeide/plugins/com.st.stm32cube.ide.mcu.externaltools.gnu-tools-for-stm32.7-2018-q2-update.win32_1.0.0.201904181610/tools/bin/../lib/gcc/arm-none-eabi/7.3.1/thumb/v7e-m/fpv4-sp/hard/crti.o
                0x000000000800a2d4                _fini
 .fini          0x000000000800a2d8        0x8 c:/st/stm32cubeide_1.3.0/stm32cubeide/plugins/com.st.stm32cube.ide.mcu.externaltools.gnu-tools-for-stm32.7-2018-q2-update.win32_1.0.0.201904181610/tools/bin/../lib/gcc/arm-none-eabi/7.3.1/thumb/v7e-m/fpv4-sp/hard/crtn.o
                0x000000000800a2e0                . = ALIGN (0x4)
                0x000000000800a2e0                _etext = .

.vfp11_veneer   0x000000000800a2e0        0x0
 .vfp11_veneer  0x000000000800a2e0        0x0 linker stubs

.v4_bx          0x000000000800a2e0        0x0
 .v4_bx         0x000000000800a2e0        0x0 linker stubs

.iplt           0x000000000800a2e0        0x0
 .iplt          0x000000000800a2e0        0x0 c:/st/stm32cubeide_1.3.0/stm32cubeide/plugins/com.st.stm32cube.ide.mcu.externaltools.gnu-tools-for-stm32.7-2018-q2-update.win32_1.0.0.201904181610/tools/bin/../lib/gcc/arm-none-eabi/7.3.1/thumb/v7e-m/fpv4-sp/hard/crtbegin.o

.rodata         0x000000000800a2e0     0x1568
                0x000000000800a2e0                . = ALIGN (0x4)
 *(.rodata)
 .rodata        0x000000000800a2e0       0x1a Core/Src/OS/OS_CLI/cli_internal.o
 *fill*         0x000000000800a2fa        0x2 
 .rodata        0x000000000800a2fc        0x8 Core/Src/OS/OS_FS/lfs.o
 *(.rodata*)
 .rodata.str1.1
                0x000000000800a304       0x4b Core/Src/OS/OS_CLI/cli.o
                                         0x5a (size before relaxing)
 .rodata.cli_treat_command.str1.1
                0x000000000800a34f      0x15d Core/Src/OS/OS_CLI/cli_internal.o
                                        0x16f (size before relaxing)
 .rodata.str1.1
                0x000000000800a4ac        0xf Core/Src/OS/OS_CLI/cli_internal.o
 .rodata.erase.str1.1
                0x000000000800a4bb       0x44 Core/Src/OS/OS_CLI/submenus/cli_flash.o
 *fill*         0x000000000800a4ff        0x1 
 .rodata.eraseArgs
                0x000000000800a500        0xc Core/Src/OS/OS_CLI/submenus/cli_flash.o
 .rodata.read.str1.1
                0x000000000800a50c       0x1b Core/Src/OS/OS_CLI/submenus/cli_flash.o
 *fill*         0x000000000800a527        0x1 
 .rodata.readWriteArgs
                0x000000000800a528        0xc Core/Src/OS/OS_CLI/submenus/cli_flash.o
 .rodata.str1.1
                0x000000000800a534       0xc0 Core/Src/OS/OS_CLI/submenus/cli_flash.o
                                         0xcc (size before relaxing)
 .rodata.write.str1.1
                0x000000000800a5f4       0x3b Core/Src/OS/OS_CLI/submenus/cli_flash.o
 .rodata.bRead.str1.1
                0x000000000800a62f       0x1f Core/Src/OS/OS_CLI/submenus/cli_lfs.o
 .rodata.close.str1.1
                0x000000000800a62f       0x34 Core/Src/OS/OS_CLI/submenus/cli_lfs.o
 .rodata.delete.str1.1
                0x000000000800a663       0x40 Core/Src/OS/OS_CLI/submenus/cli_lfs.o
 .rodata.ls.str1.1
                0x000000000800a6a3       0x6c Core/Src/OS/OS_CLI/submenus/cli_lfs.o
 .rodata.open.str1.1
                0x000000000800a70f       0x3c Core/Src/OS/OS_CLI/submenus/cli_lfs.o
 .rodata.read.str1.1
                0x000000000800a74b       0x35 Core/Src/OS/OS_CLI/submenus/cli_lfs.o
                                         0x50 (size before relaxing)
 .rodata.seek.str1.1
                0x000000000800a780       0x33 Core/Src/OS/OS_CLI/submenus/cli_lfs.o
 .rodata.str1.1
                0x000000000800a7b3      0x126 Core/Src/OS/OS_CLI/submenus/cli_lfs.o
                                        0x138 (size before relaxing)
 .rodata.write.str1.1
                0x000000000800a8d9       0x35 Core/Src/OS/OS_CLI/submenus/cli_lfs.o
 .rodata.xmodem.str1.1
                0x000000000800a90e       0x35 Core/Src/OS/OS_CLI/submenus/cli_lfs.o
                                          0xa (size before relaxing)
 .rodata.str1.1
                0x000000000800a90e       0x13 Core/Src/OS/OS_CLI/submenus/cli_system.o
                                         0x14 (size before relaxing)
 .rodata.exec.str1.1
                0x000000000800a921       0x25 Core/Src/OS/OS_CLI/submenus/cli_task.o
 .rodata.kill.str1.1
                0x000000000800a946       0x41 Core/Src/OS/OS_CLI/submenus/cli_task.o
 .rodata.str1.1
                0x000000000800a987       0xb3 Core/Src/OS/OS_CLI/submenus/cli_task.o
                                         0xb6 (size before relaxing)
 *fill*         0x000000000800aa3a        0x2 
 .rodata.task_states
                0x000000000800aa3c       0x14 Core/Src/OS/OS_CLI/submenus/cli_task.o
 .rodata.top.str1.1
                0x000000000800aa50       0xdf Core/Src/OS/OS_CLI/submenus/cli_task.o
 .rodata.os_elf_loadFile.str1.1
                0x000000000800ab2f       0x42 Core/Src/OS/OS_Core/OS_Internal.o
 .rodata.os_flash_write.str1.1
                0x000000000800ab71        0xb Core/Src/OS/OS_Drivers/OS_flash.o
                                         0x25 (size before relaxing)
 .rodata.__func__.10546
                0x000000000800ab7c        0xc Core/Src/OS/OS_FS/lfs.o
 .rodata.__func__.10574
                0x000000000800ab88        0xd Core/Src/OS/OS_FS/lfs.o
 .rodata.__func__.10585
                0x000000000800ab95        0xc Core/Src/OS/OS_FS/lfs.o
 .rodata.__func__.10597
                0x000000000800aba1        0xc Core/Src/OS/OS_FS/lfs.o
 .rodata.__func__.10607
                0x000000000800abad        0xd Core/Src/OS/OS_FS/lfs.o
 .rodata.__func__.10937
                0x000000000800abba       0x11 Core/Src/OS/OS_FS/lfs.o
 .rodata.__func__.11171
                0x000000000800abcb       0x10 Core/Src/OS/OS_FS/lfs.o
 .rodata.__func__.11210
                0x000000000800abdb       0x19 Core/Src/OS/OS_FS/lfs.o
 .rodata.__func__.11267
                0x000000000800abf4       0x18 Core/Src/OS/OS_FS/lfs.o
 .rodata.__func__.11511
                0x000000000800ac0c       0x11 Core/Src/OS/OS_FS/lfs.o
 .rodata.__func__.11538
                0x000000000800ac1d       0x12 Core/Src/OS/OS_FS/lfs.o
 .rodata.__func__.11669
                0x000000000800ac2f        0x9 Core/Src/OS/OS_FS/lfs.o
 .rodata.__func__.11782
                0x000000000800ac38       0x13 Core/Src/OS/OS_FS/lfs.o
 .rodata.__func__.11893
                0x000000000800ac4b        0xe Core/Src/OS/OS_FS/lfs.o
 .rodata.__func__.11908
                0x000000000800ac59        0xf Core/Src/OS/OS_FS/lfs.o
 .rodata.__func__.11922
                0x000000000800ac68        0xe Core/Src/OS/OS_FS/lfs.o
 .rodata.__func__.11931
                0x000000000800ac76        0xf Core/Src/OS/OS_FS/lfs.o
 .rodata.__func__.11940
                0x000000000800ac85        0xe Core/Src/OS/OS_FS/lfs.o
 .rodata.__func__.11979
                0x000000000800ac93        0xd Core/Src/OS/OS_FS/lfs.o
 .rodata.defaults.11439
                0x000000000800aca0        0xc Core/Src/OS/OS_FS/lfs.o
 .rodata.lfs_alloc.str1.1
                0x000000000800acac       0x28 Core/Src/OS/OS_FS/lfs.o
 .rodata.lfs_bd_erase.isra.18.str1.1
                0x000000000800acd4        0x9 Core/Src/OS/OS_FS/lfs.o
                                         0x27 (size before relaxing)
 .rodata.lfs_bd_flush.str1.1
                0x000000000800acdd       0x26 Core/Src/OS/OS_FS/lfs.o
 .rodata.lfs_bd_prog.str1.1
                0x000000000800ad03       0x82 Core/Src/OS/OS_FS/lfs.o
 .rodata.lfs_dir_compact.str1.1
                0x000000000800ad85       0x5d Core/Src/OS/OS_FS/lfs.o
 .rodata.lfs_dir_fetchmatch.str1.1
                0x000000000800ade2       0x36 Core/Src/OS/OS_FS/lfs.o
                                         0x37 (size before relaxing)
 .rodata.lfs_dir_find.str1.1
                0x000000000800ae18        0x2 Core/Src/OS/OS_FS/lfs.o
                                          0x5 (size before relaxing)
 .rodata.lfs_dir_open.str1.1
                0x000000000800ae1a       0x36 Core/Src/OS/OS_FS/lfs.o
 .rodata.lfs_dir_orphaningcommit.str1.1
                0x000000000800ae50       0xa6 Core/Src/OS/OS_FS/lfs.o
 .rodata.lfs_dir_read.str1.1
                0x000000000800aef6        0x2 Core/Src/OS/OS_FS/lfs.o
 .rodata.lfs_dir_relocatingcommit.str1.1
                0x000000000800aef6       0xa0 Core/Src/OS/OS_FS/lfs.o
 .rodata.lfs_dir_traverse.constprop.39.str1.1
                0x000000000800af96        0x7 Core/Src/OS/OS_FS/lfs.o
 .rodata.lfs_file_close.str1.1
                0x000000000800af9d        0x7 Core/Src/OS/OS_FS/lfs.o
                                         0x36 (size before relaxing)
 .rodata.lfs_file_open.str1.1
                0x000000000800af9d       0x37 Core/Src/OS/OS_FS/lfs.o
 .rodata.lfs_file_rawwrite.str1.1
                0x000000000800afd4       0x2d Core/Src/OS/OS_FS/lfs.o
 .rodata.lfs_file_read.str1.1
                0x000000000800b001       0x2d Core/Src/OS/OS_FS/lfs.o
 .rodata.lfs_file_relocate.str1.1
                0x000000000800b02e       0x24 Core/Src/OS/OS_FS/lfs.o
 .rodata.lfs_format.str1.1
                0x000000000800b052        0x9 Core/Src/OS/OS_FS/lfs.o
 .rodata.lfs_fs_deorphan.part.29.str1.1
                0x000000000800b05b       0xbb Core/Src/OS/OS_FS/lfs.o
 .rodata.lfs_fs_forceconsistency.str1.1
                0x000000000800b116       0x32 Core/Src/OS/OS_FS/lfs.o
 .rodata.lfs_fs_preporphans.isra.20.str1.1
                0x000000000800b148       0x32 Core/Src/OS/OS_FS/lfs.o
 .rodata.lfs_init.str1.1
                0x000000000800b17a      0x256 Core/Src/OS/OS_FS/lfs.o
 .rodata.lfs_mount.str1.1
                0x000000000800b3d0      0x15b Core/Src/OS/OS_FS/lfs.o
 .rodata.lfs_flash_erase.str1.1
                0x000000000800b52b        0xa Core/Src/OS/OS_FS/lfs_bsp.o
                                         0x24 (size before relaxing)
 .rodata.os_lfs_init.str1.1
                0x000000000800b535       0x56 Core/Src/OS/OS_FS/lfs_bsp.o
 *fill*         0x000000000800b58b        0x1 
 .rodata.rtable.10521
                0x000000000800b58c       0x40 Core/Src/OS/OS_FS/lfs_util.o
 .rodata.xModem_rcv.str1.1
                0x000000000800b5cc       0x31 Core/Src/OS/OS_FS/xmodem.o
 .rodata.os_sl_translate.str1.1
                0x000000000800b5fd        0xd Core/Src/OS/OS_SL/os_sl.o
 .rodata.main.str1.1
                0x000000000800b60a       0x4a Core/Src/main.o
                                         0x69 (size before relaxing)
 .rodata.AHBPrescTable
                0x000000000800b654       0x10 Core/Src/system_stm32f4xx.o
                0x000000000800b654                AHBPrescTable
 .rodata.APBPrescTable
                0x000000000800b664        0x8 Core/Src/system_stm32f4xx.o
                0x000000000800b664                APBPrescTable
 .rodata.__assert_func.str1.1
                0x000000000800b66c       0x3c c:/st/stm32cubeide_1.3.0/stm32cubeide/plugins/com.st.stm32cube.ide.mcu.externaltools.gnu-tools-for-stm32.7-2018-q2-update.win32_1.0.0.201904181610/tools/bin/../lib/gcc/arm-none-eabi/7.3.1/../../../../arm-none-eabi/lib/thumb/v7e-m/fpv4-sp/hard\libc_nano.a(lib_a-assert.o)
                                         0x3d (size before relaxing)
 .rodata._global_impure_ptr
                0x000000000800b6a8        0x4 c:/st/stm32cubeide_1.3.0/stm32cubeide/plugins/com.st.stm32cube.ide.mcu.externaltools.gnu-tools-for-stm32.7-2018-q2-update.win32_1.0.0.201904181610/tools/bin/../lib/gcc/arm-none-eabi/7.3.1/../../../../arm-none-eabi/lib/thumb/v7e-m/fpv4-sp/hard\libc_nano.a(lib_a-impure.o)
                0x000000000800b6a8                _global_impure_ptr
 .rodata._setlocale_r.str1.1
                0x000000000800b6ac        0x6 c:/st/stm32cubeide_1.3.0/stm32cubeide/plugins/com.st.stm32cube.ide.mcu.externaltools.gnu-tools-for-stm32.7-2018-q2-update.win32_1.0.0.201904181610/tools/bin/../lib/gcc/arm-none-eabi/7.3.1/../../../../arm-none-eabi/lib/thumb/v7e-m/fpv4-sp/hard\libc_nano.a(lib_a-locale.o)
                                          0x9 (size before relaxing)
 .rodata.str1.1
                0x000000000800b6b2        0x2 c:/st/stm32cubeide_1.3.0/stm32cubeide/plugins/com.st.stm32cube.ide.mcu.externaltools.gnu-tools-for-stm32.7-2018-q2-update.win32_1.0.0.201904181610/tools/bin/../lib/gcc/arm-none-eabi/7.3.1/../../../../arm-none-eabi/lib/thumb/v7e-m/fpv4-sp/hard\libc_nano.a(lib_a-locale.o)
 .rodata._vfprintf_r.str1.1