OS_Internal.c:39:13:os_mutex_udpatePrio	40	static
OS_Internal.c:88:13:os_task_udpatePrio	40	static
OS_Internal.c:156:6:os_obj_updatePrio	24	static,ignoring_inline_asm
OS_Internal.c:210:17:os_list_init	16	static
OS_Internal.c:240:17:os_list_search	24	static,ignoring_inline_asm
OS_Internal.c:276:17:os_handle_list_searchByName	32	static,ignoring_inline_asm
OS_Internal.c:319:10:os_list_add	32	static,ignoring_inline_asm
OS_Internal.c:390:10:os_list_remove	40	static,ignoring_inline_asm
OS_Internal.c:471:7:os_list_pop	40	static,ignoring_inline_asm
OS_Internal.c:542:6:os_list_clear	32	static,ignoring_inline_asm
OS_Internal.c:587:6:os_task_list_sort	56	static,ignoring_inline_asm
OS_Internal.c:664:13:os_handle_list_getObjToUpdate	16	static
OS_Internal.c:687:6:os_task_list_isObjFreeOnTask	48	static,ignoring_inline_asm
OS_Internal.c:800:6:os_handle_list_updateAndCheck	64	static,ignoring_inline_asm
OS_Internal.c:997:6:os_msgQ_updateAndCheck	40	static,ignoring_inline_asm
OS_Internal.c:1081:17:os_elf_checkHeader	24	static
OS_Internal.c:1131:12:os_elf_loadSegments	88	static
OS_Internal.c:1229:17:os_elf_memoryRecalc	40	static
OS_Internal.c:1264:14:os_elf_adjustGot	192	static
OS_Internal.c:1335:7:os_elf_loadFile	192	dynamic
