OS_Internal.c:1229:17:os_elf_memoryRecalc	12	static
OS_Internal.c:210:17:os_list_init	8	static
OS_Internal.c:240:17:os_list_search	8	static,ignoring_inline_asm
OS_Internal.c:276:17:os_handle_list_searchByName	24	static,ignoring_inline_asm
OS_Internal.c:319:10:os_list_add	24	static,ignoring_inline_asm
OS_Internal.c:390:10:os_list_remove	32	static,ignoring_inline_asm
OS_Internal.c:471:7:os_list_pop	24	static,ignoring_inline_asm
OS_Internal.c:542:6:os_list_clear	24	static,ignoring_inline_asm
OS_Internal.c:587:6:os_task_list_sort	32	static,ignoring_inline_asm
OS_Internal.c:664:13:os_handle_list_getObjToUpdate	0	static
OS_Internal.c:687:6:os_task_list_isObjFreeOnTask	40	static,ignoring_inline_asm
OS_Internal.c:800:6:os_handle_list_updateAndCheck	48	static,ignoring_inline_asm
OS_Internal.c:997:6:os_msgQ_updateAndCheck	32	static,ignoring_inline_asm
OS_Internal.c:156:6:os_obj_updatePrio	24	static,ignoring_inline_asm
OS_Internal.c:1342:15:os_elf_loadFile	328	dynamic
