OS_Internal.c:209:17:os_list_init	8	static
OS_Internal.c:239:17:os_list_search	8	static,ignoring_inline_asm
OS_Internal.c:275:17:os_handle_list_searchByName	24	static,ignoring_inline_asm
OS_Internal.c:318:10:os_list_add	24	static,ignoring_inline_asm
OS_Internal.c:389:10:os_list_remove	32	static,ignoring_inline_asm
OS_Internal.c:457:7:os_list_pop	24	static,ignoring_inline_asm
OS_Internal.c:528:6:os_list_clear	24	static,ignoring_inline_asm
OS_Internal.c:573:6:os_task_list_sort	32	static,ignoring_inline_asm
OS_Internal.c:650:13:os_handle_list_getObjToUpdate	0	static
OS_Internal.c:673:6:os_task_list_isObjFreeOnTask	40	static,ignoring_inline_asm
OS_Internal.c:786:6:os_handle_list_updateAndCheck	48	static,ignoring_inline_asm
OS_Internal.c:983:6:os_msgQ_updateAndCheck	32	static,ignoring_inline_asm
OS_Internal.c:155:6:os_obj_updatePrio	24	static,ignoring_inline_asm
