OS_Tasks.c:48:17:os_task_init_stack	24	static,ignoring_inline_asm
OS_Tasks.c:99:17:os_task_getFreeCount	24	static
OS_Tasks.c:131:17:os_task_objTake	16	static
OS_Tasks.c:156:17:os_task_start	56	static
OS_Tasks.c:317:10:os_task_init	32	static
OS_Tasks.c:414:6:os_task_must_yeild	24	static,ignoring_inline_asm
OS_Tasks.c:467:10:os_task_create	40	static
OS_Tasks.c:487:10:os_task_createProcess	48	static
OS_Tasks.c:510:6:os_task_end	8	static
OS_Tasks.c:530:10:os_task_return	24	static,ignoring_inline_asm
OS_Tasks.c:586:10:os_task_delete	40	static,ignoring_inline_asm
OS_Tasks.c:731:6:os_task_yeild	4	static
OS_Tasks.c:749:8:os_task_getPrio	24	static
OS_Tasks.c:776:10:os_task_sleep	24	static,ignoring_inline_asm
OS_Tasks.c:823:7:os_task_getReturn	24	static
OS_Tasks.c:851:17:os_task_getState	24	static
OS_Tasks.c:886:13:os_task_getByPID	24	static,ignoring_inline_asm
