OS_Tasks.c:131:17:os_task_objTake	0	static
OS_Tasks.c:318:10:os_task_init	32	static,ignoring_inline_asm
OS_Tasks.c:732:6:os_task_yeild	0	static
OS_Tasks.c:531:10:os_task_return	16	static,ignoring_inline_asm
OS_Tasks.c:587:10:os_task_delete	24	static,ignoring_inline_asm
OS_Tasks.c:511:6:os_task_end	0	static
OS_Tasks.c:750:8:os_task_getPrio	0	static
OS_Tasks.c:415:6:os_task_must_yeild	16	static,ignoring_inline_asm
OS_Tasks.c:777:10:os_task_sleep	16	static,ignoring_inline_asm
OS_Tasks.c:824:7:os_task_getReturn	8	static
OS_Tasks.c:852:17:os_task_getState	8	static
OS_Tasks.c:99:17:os_task_getFreeCount	8	static
OS_Tasks.c:887:13:os_task_getByPID	8	static,ignoring_inline_asm
OS_Tasks.c:157:17:os_task_start	56	static
OS_Tasks.c:468:10:os_task_create	32	static
OS_Tasks.c:488:10:os_task_createProcess	56	static
