cli_internal.c:67:20:cli_is_terminator	0	static
cli_internal.c:271:16:cli_arg_str_len	8	static
cli_internal.c:304:14:cli_go_to_next_argument	8	static
cli_internal.c:648:13:cli_buff_element_is_hex	16	static
cli_internal.c:368:13:cli_verify_int.isra.2	24	static
cli_internal.c:399:13:cli_verify_buffer.isra.3	24	static
cli_internal.c:82:16:cli_verify_args_str.isra.1.constprop	16	static
cli_internal.c:658:13:cli_get_int_arg.constprop	56	static
cli_internal.c:779:13:cli_get_buff_arg.constprop	64	static
cli_internal.c:857:9:cli_get_int_argument	16	static
cli_internal.c:866:10:cli_get_uint_argument	16	static
cli_internal.c:940:8:cli_get_buffer_argument	32	static
cli_internal.c:949:8:cli_get_buffer_argument_big_endian	40	static
cli_internal.c:967:8:cli_get_string_argument	32	static
cli_internal.c:976:14:cli_insert_char	24	static
cli_internal.c:1013:28:cli_printf	16	static
cli_internal.c:836:6:cli_treat_command	88	static
