syscalls.c:48:5:__io_putchar	16	static
syscalls.c:54:6:initialise_monitor_handles	0	static
syscalls.c:58:5:_getpid	0	static
syscalls.c:63:5:_kill	8	static
syscalls.c:69:6:_exit	8	static
syscalls.c:75:27:_read	16	static
syscalls.c:87:27:_write	16	static
syscalls.c:98:5:_close	0	static
syscalls.c:104:5:_fstat	0	static
syscalls.c:110:5:_isatty	0	static
syscalls.c:115:5:_lseek	0	static
syscalls.c:120:5:_open	0	static
syscalls.c:126:5:_wait	8	static
syscalls.c:132:5:_unlink	8	static
syscalls.c:138:5:_times	0	static
syscalls.c:143:5:_stat	0	static
syscalls.c:149:5:_link	8	static
syscalls.c:155:5:_fork	8	static
syscalls.c:161:5:_execve	8	static
