Archive member included to satisfy reference by file (symbol)

c:/st/stm32cubeide_1.3.0/stm32cubeide/plugins/com.st.stm32cube.ide.mcu.externaltools.gnu-tools-for-stm32.7-2018-q2-update.win32_1.0.0.201904181610/tools/bin/../lib/gcc/arm-none-eabi/7.3.1/../../../../arm-none-eabi/lib/thumb/v7e-m/fpv4-sp/hard\libc_nano.a(lib_a-assert.o)
                              Core/Src/OS/OS_FS/lfs.o (__assert_func)
c:/st/stm32cubeide_1.3.0/stm32cubeide/plugins/com.st.stm32cube.ide.mcu.externaltools.gnu-tools-for-stm32.7-2018-q2-update.win32_1.0.0.201904181610/tools/bin/../lib/gcc/arm-none-eabi/7.3.1/../../../../arm-none-eabi/lib/thumb/v7e-m/fpv4-sp/hard\libc_nano.a(lib_a-errno.o)
                              Core/Src/syscalls.o (__errno)
c:/st/stm32cubeide_1.3.0/stm32cubeide/plugins/com.st.stm32cube.ide.mcu.externaltools.gnu-tools-for-stm32.7-2018-q2-update.win32_1.0.0.201904181610/tools/bin/../lib/gcc/arm-none-eabi/7.3.1/../../../../arm-none-eabi/lib/thumb/v7e-m/fpv4-sp/hard\libc_nano.a(lib_a-exit.o)
                              c:/st/stm32cubeide_1.3.0/stm32cubeide/plugins/com.st.stm32cube.ide.mcu.externaltools.gnu-tools-for-stm32.7-2018-q2-update.win32_1.0.0.201904181610/tools/bin/../lib/gcc/arm-none-eabi/7.3.1/../../../../arm-none-eabi/lib/thumb/v7e-m/fpv4-sp/hard/crt0.o (exit)
c:/st/stm32cubeide_1.3.0/stm32cubeide/plugins/com.st.stm32cube.ide.mcu.externaltools.gnu-tools-for-stm32.7-2018-q2-update.win32_1.0.0.201904181610/tools/bin/../lib/gcc/arm-none-eabi/7.3.1/../../../../arm-none-eabi/lib/thumb/v7e-m/fpv4-sp/hard\libc_nano.a(lib_a-fprintf.o)
                              c:/st/stm32cubeide_1.3.0/stm32cubeide/plugins/com.st.stm32cube.ide.mcu.externaltools.gnu-tools-for-stm32.7-2018-q2-update.win32_1.0.0.201904181610/tools/bin/../lib/gcc/arm-none-eabi/7.3.1/../../../../arm-none-eabi/lib/thumb/v7e-m/fpv4-sp/hard\libc_nano.a(lib_a-assert.o) (fiprintf)
c:/st/stm32cubeide_1.3.0/stm32cubeide/plugins/com.st.stm32cube.ide.mcu.externaltools.gnu-tools-for-stm32.7-2018-q2-update.win32_1.0.0.201904181610/tools/bin/../lib/gcc/arm-none-eabi/7.3.1/../../../../arm-none-eabi/lib/thumb/v7e-m/fpv4-sp/hard\libc_nano.a(lib_a-impure.o)
                              c:/st/stm32cubeide_1.3.0/stm32cubeide/plugins/com.st.stm32cube.ide.mcu.externaltools.gnu-tools-for-stm32.7-2018-q2-update.win32_1.0.0.201904181610/tools/bin/../lib/gcc/arm-none-eabi/7.3.1/../../../../arm-none-eabi/lib/thumb/v7e-m/fpv4-sp/hard\libc_nano.a(lib_a-exit.o) (_global_impure_ptr)
c:/st/stm32cubeide_1.3.0/stm32cubeide/plugins/com.st.stm32cube.ide.mcu.externaltools.gnu-tools-for-stm32.7-2018-q2-update.win32_1.0.0.201904181610/tools/bin/../lib/gcc/arm-none-eabi/7.3.1/../../../../arm-none-eabi/lib/thumb/v7e-m/fpv4-sp/hard\libc_nano.a(lib_a-init.o)
                              c:/st/stm32cubeide_1.3.0/stm32cubeide/plugins/com.st.stm32cube.ide.mcu.externaltools.gnu-tools-for-stm32.7-2018-q2-update.win32_1.0.0.201904181610/tools/bin/../lib/gcc/arm-none-eabi/7.3.1/../../../../arm-none-eabi/lib/thumb/v7e-m/fpv4-sp/hard/crt0.o (__libc_init_array)
c:/st/stm32cubeide_1.3.0/stm32cubeide/plugins/com.st.stm32cube.ide.mcu.externaltools.gnu-tools-for-stm32.7-2018-q2-update.win32_1.0.0.201904181610/tools/bin/../lib/gcc/arm-none-eabi/7.3.1/../../../../arm-none-eabi/lib/thumb/v7e-m/fpv4-sp/hard\libc_nano.a(lib_a-locale.o)
                              Core/Src/OS/OS_CLI/cli_internal.o (__locale_ctype_ptr)
c:/st/stm32cubeide_1.3.0/stm32cubeide/plugins/com.st.stm32cube.ide.mcu.externaltools.gnu-tools-for-stm32.7-2018-q2-update.win32_1.0.0.201904181610/tools/bin/../lib/gcc/arm-none-eabi/7.3.1/../../../../arm-none-eabi/lib/thumb/v7e-m/fpv4-sp/hard\libc_nano.a(lib_a-malloc.o)
                              Core/Src/OS/OS_FS/lfs.o (malloc)
c:/st/stm32cubeide_1.3.0/stm32cubeide/plugins/com.st.stm32cube.ide.mcu.externaltools.gnu-tools-for-stm32.7-2018-q2-update.win32_1.0.0.201904181610/tools/bin/../lib/gcc/arm-none-eabi/7.3.1/../../../../arm-none-eabi/lib/thumb/v7e-m/fpv4-sp/hard\libc_nano.a(lib_a-mbtowc_r.o)
                              c:/st/stm32cubeide_1.3.0/stm32cubeide/plugins/com.st.stm32cube.ide.mcu.externaltools.gnu-tools-for-stm32.7-2018-q2-update.win32_1.0.0.201904181610/tools/bin/../lib/gcc/arm-none-eabi/7.3.1/../../../../arm-none-eabi/lib/thumb/v7e-m/fpv4-sp/hard\libc_nano.a(lib_a-locale.o) (__ascii_mbtowc)
c:/st/stm32cubeide_1.3.0/stm32cubeide/plugins/com.st.stm32cube.ide.mcu.externaltools.gnu-tools-for-stm32.7-2018-q2-update.win32_1.0.0.201904181610/tools/bin/../lib/gcc/arm-none-eabi/7.3.1/../../../../arm-none-eabi/lib/thumb/v7e-m/fpv4-sp/hard\libc_nano.a(lib_a-memcmp.o)
                              Core/Src/OS/OS_FS/lfs.o (memcmp)
c:/st/stm32cubeide_1.3.0/stm32cubeide/plugins/com.st.stm32cube.ide.mcu.externaltools.gnu-tools-for-stm32.7-2018-q2-update.win32_1.0.0.201904181610/tools/bin/../lib/gcc/arm-none-eabi/7.3.1/../../../../arm-none-eabi/lib/thumb/v7e-m/fpv4-sp/hard\libc_nano.a(lib_a-memcpy-stub.o)
[...]
Memory Configuration

Name             Origin             Length             Attributes
CCMRAM           0x0000000010000000 0x0000000000010000 xrw
RAM              0x0000000020000000 0x0000000000020000 xrw
FLASH            0x0000000008000000 0x0000000000100000 xr
*default*        0x0000000000000000 0xffffffffffffffff

Linker script and memory map

LOAD c:/st/stm32cubeide_1.3.0/stm32cubeide/plugins/com.st.stm32cube.ide.mcu.externaltools.gnu-tools-for-stm32.7-2018-q2-update.win32_1.0.0.201904181610/tools/bin/../lib/gcc/arm-none-eabi/7.3.1/thumb/v7e-m/fpv4-sp/hard/crti.o
LOAD c:/st/stm32cubeide_1.3.0/stm32cubeide/plugins/com.st.stm32cube.ide.mcu.externaltools.gnu-tools-for-stm32.7-2018-q2-update.win32_1.0.0.201904181610/tools/bin/../lib/gcc/arm-none-eabi/7.3.1/thumb/v7e-m/fpv4-sp/hard/crtbegin.o
LOAD c:/st/stm32cubeide_1.3.0/stm32cubeide/plugins/com.st.stm32cube.ide.mcu.externaltools.gnu-tools-for-stm32.7-2018-q2-update.win32_1.0.0.201904181610/tools/bin/../lib/gcc/arm-none-eabi/7.3.1/../../../../arm-none-eabi/lib/thumb/v7e-m/fpv4-sp/hard/crt0.o
LOAD Core/Src/OS/OS_CLI/cli.o
LOAD Core/Src/OS/OS_CLI/cli_internal.o
LOAD Core/Src/OS/OS_CLI/cli_process.o
LOAD Core/Src/OS/OS_CLI/submenus/cli_flash.o
LOAD Core/Src/OS/OS_CLI/submenus/cli_system.o
LOAD Core/Src/OS/OS_Core/OS.o
LOAD Core/Src/OS/OS_Core/OS_Callbacks.o
LOAD Core/Src/OS/OS_Core/OS_Event.o
LOAD Core/Src/OS/OS_Core/OS_Heap.o
LOAD Core/Src/OS/OS_Core/OS_Internal.o
LOAD Core/Src/OS/OS_Core/OS_MsgQ.o
LOAD Core/Src/OS/OS_Core/OS_Mutex.o
LOAD Core/Src/OS/OS_Core/OS_Obj.o
LOAD Core/Src/OS/OS_Core/OS_Scheduler.o
LOAD Core/Src/OS/OS_Core/OS_Sem.o
LOAD Core/Src/OS/OS_Core/OS_Tasks.o
LOAD Core/Src/OS/OS_Core/OS_Tick.o
LOAD Core/Src/OS/OS_Drivers/OS_flash.o
LOAD Core/Src/OS/OS_FS/lfs.o
LOAD Core/Src/OS/OS_FS/lfs_bsp.o
LOAD Core/Src/OS/OS_FS/lfs_util.o
LOAD Core/Src/gpio.o
LOAD Core/Src/main.o
LOAD Core/Src/stm32f4xx_hal_msp.o
LOAD Core/Src/stm32f4xx_it.o
LOAD Core/Src/syscalls.o
LOAD Core/Src/sysmem.o
LOAD Core/Src/system_stm32f4xx.o
LOAD Core/Src/tim.o
LOAD Core/Src/usart.o
LOAD Core/Startup/startup_stm32f407vgtx.o
LOAD Drivers/STM32F4xx_HAL_Driver/Src/stm32f4xx_hal.o
LOAD Drivers/STM32F4xx_HAL_Driver/Src/stm32f4xx_hal_cortex.o
LOAD Drivers/STM32F4xx_HAL_Driver/Src/stm32f4xx_hal_dma.o
LOAD Drivers/STM32F4xx_HAL_Driver/Src/stm32f4xx_hal_dma_ex.o
LOAD Drivers/STM32F4xx_HAL_Driver/Src/stm32f4xx_hal_exti.o
LOAD Drivers/STM32F4xx_HAL_Driver/Src/stm32f4xx_hal_flash.o
LOAD Drivers/STM32F4xx_HAL_Driver/Src/stm32f4xx_hal_flash_ex.o
LOAD Drivers/STM32F4xx_HAL_Driver/Src/stm32f4xx_hal_flash_ramfunc.o
LOAD Drivers/STM32F4xx_HAL_Driver/Src/stm32f4xx_hal_gpio.o
LOAD Drivers/STM32F4xx_HAL_Driver/Src/stm32f4xx_hal_pwr.o
LOAD Drivers/STM32F4xx_HAL_Driver/Src/stm32f4xx_hal_pwr_ex.o
LOAD Drivers/STM32F4xx_HAL_Driver/Src/stm32f4xx_hal_rcc.o
LOAD Drivers/STM32F4xx_HAL_Driver/Src/stm32f4xx_hal_rcc_ex.o
LOAD Drivers/STM32F4xx_HAL_Driver/Src/stm32f4xx_hal_tim.o
LOAD Drivers/STM32F4xx_HAL_Driver/Src/stm32f4xx_hal_tim_ex.o
LOAD Drivers/STM32F4xx_HAL_Driver/Src/stm32f4xx_hal_uart.o
START GROUP
LOAD c:/st/stm32cubeide_1.3.0/stm32cubeide/plugins/com.st.stm32cube.ide.mcu.externaltools.gnu-tools-for-stm32.7-2018-q2-update.win32_1.0.0.201904181610/tools/bin/../lib/gcc/arm-none-eabi/7.3.1/../../../../arm-none-eabi/lib/thumb/v7e-m/fpv4-sp/hard\libc_nano.a
LOAD c:/st/stm32cubeide_1.3.0/stm32cubeide/plugins/com.st.stm32cube.ide.mcu.externaltools.gnu-tools-for-stm32.7-2018-q2-update.win32_1.0.0.201904181610/tools/bin/../lib/gcc/arm-none-eabi/7.3.1/../../../../arm-none-eabi/lib/thumb/v7e-m/fpv4-sp/hard\libm.a
END GROUP
START GROUP
LOAD c:/st/stm32cubeide_1.3.0/stm32cubeide/plugins/com.st.stm32cube.ide.mcu.externaltools.gnu-tools-for-stm32.7-2018-q2-update.win32_1.0.0.201904181610/tools/bin/../lib/gcc/arm-none-eabi/7.3.1/thumb/v7e-m/fpv4-sp/hard\libgcc.a
LOAD c:/st/stm32cubeide_1.3.0/stm32cubeide/plugins/com.st.stm32cube.ide.mcu.externaltools.gnu-tools-for-stm32.7-2018-q2-update.win32_1.0.0.201904181610/tools/bin/../lib/gcc/arm-none-eabi/7.3.1/../../../../arm-none-eabi/lib/thumb/v7e-m/fpv4-sp/hard\libc_nano.a
END GROUP
START GROUP
LOAD c:/st/stm32cubeide_1.3.0/stm32cubeide/plugins/com.st.stm32cube.ide.mcu.externaltools.gnu-tools-for-stm32.7-2018-q2-update.win32_1.0.0.201904181610/tools/bin/../lib/gcc/arm-none-eabi/7.3.1/thumb/v7e-m/fpv4-sp/hard\libgcc.a
LOAD c:/st/stm32cubeide_1.3.0/stm32cubeide/plugins/com.st.stm32cube.ide.mcu.externaltools.gnu-tools-for-stm32.7-2018-q2-update.win32_1.0.0.201904181610/tools/bin/../lib/gcc/arm-none-eabi/7.3.1/../../../../arm-none-eabi/lib/thumb/v7e-m/fpv4-sp/hard\libc_nano.a
LOAD c:/st/stm32cubeide_1.3.0/stm32cubeide/plugins/com.st.stm32cube.ide.mcu.externaltools.gnu-tools-for-stm32.7-2018-q2-update.win32_1.0.0.201904181610/tools/bin/../lib/gcc/arm-none-eabi/7.3.1/../../../../arm-none-eabi/lib/thumb/v7e-m/fpv4-sp/hard\libnosys.a
END GROUP
START GROUP
LOAD c:/st/stm32cubeide_1.3.0/stm32cubeide/plugins/com.st.stm32cube.ide.mcu.externaltools.gnu-tools-for-stm32.7-2018-q2-update.win32_1.0.0.201904181610/tools/bin/../lib/gcc/arm-none-eabi/7.3.1/thumb/v7e-m/fpv4-sp/hard\libgcc.a
LOAD c:/st/stm32cubeide_1.3.0/stm32cubeide/plugins/com.st.stm32cube.ide.mcu.externaltools.gnu-tools-for-stm32.7-2018-q2-update.win32_1.0.0.201904181610/tools/bin/../lib/gcc/arm-none-eabi/7.3.1/../../../../arm-none-eabi/lib/thumb/v7e-m/fpv4-sp/hard\libc_nano.a
LOAD c:/st/stm32cubeide_1.3.0/stm32cubeide/plugins/com.st.stm32cube.ide.mcu.externaltools.gnu-tools-for-stm32.7-2018-q2-update.win32_1.0.0.201904181610/tools/bin/../lib/gcc/arm-none-eabi/7.3.1/../../../../arm-none-eabi/lib/thumb/v7e-m/fpv4-sp/hard\libnosys.a
END GROUP
LOAD c:/st/stm32cubeide_1.3.0/stm32cubeide/plugins/com.st.stm32cube.ide.mcu.externaltools.gnu-tools-for-stm32.7-2018-q2-update.win32_1.0.0.201904181610/tools/bin/../lib/gcc/arm-none-eabi/7.3.1/thumb/v7e-m/fpv4-sp/hard/crtend.o
LOAD c:/st/stm32cubeide_1.3.0/stm32cubeide/plugins/com.st.stm32cube.ide.mcu.externaltools.gnu-tools-for-stm32.7-2018-q2-update.win32_1.0.0.201904181610/tools/bin/../lib/gcc/arm-none-eabi/7.3.1/thumb/v7e-m/fpv4-sp/hard/crtn.o
                0x0000000020020000                _estack = (ORIGIN (RAM) + LENGTH (RAM))
                0x0000000000000400                _Min_Heap_Size = 0x400
                0x0000000000000200                _Min_Stack_Size = 0x200
                0x00000000000c0000                _LFS_SIZE = 0xc0000

.isr_vector     0x0000000008000000      0x188
                0x0000000008000000                . = ALIGN (0x4)
 *(.isr_vector)
 .isr_vector    0x0000000008000000      0x188 Core/Startup/startup_stm32f407vgtx.o
                0x0000000008000000                g_pfnVectors
                0x0000000008000188                . = ALIGN (0x4)

.text           0x0000000008000190     0x4994
                0x0000000008000190                . = ALIGN (0x4)
 *(.text)
 .text          0x0000000008000190       0x40 c:/st/stm32cubeide_1.3.0/stm32cubeide/plugins/com.st.stm32cube.ide.mcu.externaltools.gnu-tools-for-stm32.7-2018-q2-update.win32_1.0.0.201904181610/tools/bin/../lib/gcc/arm-none-eabi/7.3.1/thumb/v7e-m/fpv4-sp/hard/crtbegin.o
 .text          0x00000000080001d0       0x14 c:/st/stm32cubeide_1.3.0/stm32cubeide/plugins/com.st.stm32cube.ide.mcu.externaltools.gnu-tools-for-stm32.7-2018-q2-update.win32_1.0.0.201904181610/tools/bin/../lib/gcc/arm-none-eabi/7.3.1/../../../../arm-none-eabi/lib/thumb/v7e-m/fpv4-sp/hard\libc_nano.a(lib_a-strcmp.o)
                0x00000000080001d0                strcmp
 .text          0x00000000080001e4       0x10 c:/st/stm32cubeide_1.3.0/stm32cubeide/plugins/com.st.stm32cube.ide.mcu.externaltools.gnu-tools-for-stm32.7-2018-q2-update.win32_1.0.0.201904181610/tools/bin/../lib/gcc/arm-none-eabi/7.3.1/../../../../arm-none-eabi/lib/thumb/v7e-m/fpv4-sp/hard\libc_nano.a(lib_a-strlen.o)
                0x00000000080001e4                strlen
 *fill*         0x00000000080001f4        0xc 
 .text          0x0000000008000200       0xa0 c:/st/stm32cubeide_1.3.0/stm32cubeide/plugins/com.st.stm32cube.ide.mcu.externaltools.gnu-tools-for-stm32.7-2018-q2-update.win32_1.0.0.201904181610/tools/bin/../lib/gcc/arm-none-eabi/7.3.1/../../../../arm-none-eabi/lib/thumb/v7e-m/fpv4-sp/hard\libc_nano.a(lib_a-memchr.o)
                0x0000000008000200                memchr
 .text          0x00000000080002a0       0x30 c:/st/stm32cubeide_1.3.0/stm32cubeide/plugins/com.st.stm32cube.ide.mcu.externaltools.gnu-tools-for-stm32.7-2018-q2-update.win32_1.0.0.201904181610/tools/bin/../lib/gcc/arm-none-eabi/7.3.1/thumb/v7e-m/fpv4-sp/hard\libgcc.a(_aeabi_uldivmod.o)
                0x00000000080002a0                __aeabi_uldivmod
 .text          0x00000000080002d0      0x2cc c:/st/stm32cubeide_1.3.0/stm32cubeide/plugins/com.st.stm32cube.ide.mcu.externaltools.gnu-tools-for-stm32.7-2018-q2-update.win32_1.0.0.201904181610/tools/bin/../lib/gcc/arm-none-eabi/7.3.1/thumb/v7e-m/fpv4-sp/hard\libgcc.a(_udivmoddi4.o)
                0x00000000080002d0                __udivmoddi4
 .text          0x000000000800059c        0x4 c:/st/stm32cubeide_1.3.0/stm32cubeide/plugins/com.st.stm32cube.ide.mcu.externaltools.gnu-tools-for-stm32.7-2018-q2-update.win32_1.0.0.201904181610/tools/bin/../lib/gcc/arm-none-eabi/7.3.1/thumb/v7e-m/fpv4-sp/hard\libgcc.a(_dvmd_tls.o)
                0x000000000800059c                __aeabi_idiv0
                0x000000000800059c                __aeabi_ldiv0
 *(.text*)
 .text.cli_is_terminator
                0x00000000080005a0       0x24 Core/Src/OS/OS_CLI/cli_internal.o
 .text.cli_arg_str_len
                0x00000000080005c4       0x58 Core/Src/OS/OS_CLI/cli_internal.o
 .text.cli_go_to_next_argument
                0x000000000800061c       0x22 Core/Src/OS/OS_CLI/cli_internal.o
 .text.cli_buff_element_is_hex
                0x000000000800063e       0x6e Core/Src/OS/OS_CLI/cli_internal.o
 .text.cli_verify_int.isra.2
                0x00000000080006ac      0x104 Core/Src/OS/OS_CLI/cli_internal.o
 .text.cli_verify_buffer.isra.3
                0x00000000080007b0      0x10c Core/Src/OS/OS_CLI/cli_internal.o
 .text.cli_verify_args_str.isra.1.constprop.6
                0x00000000080008bc       0x60 Core/Src/OS/OS_CLI/cli_internal.o
 .text.cli_get_int_arg.constprop.5
                0x000000000800091c       0xc0 Core/Src/OS/OS_CLI/cli_internal.o
 .text.cli_get_buff_arg.constprop.4
                0x00000000080009dc      0x1bc Core/Src/OS/OS_CLI/cli_internal.o
 .text.cli_get_uint_argument
                0x0000000008000b98       0x20 Core/Src/OS/OS_CLI/cli_internal.o
                0x0000000008000b98                cli_get_uint_argument
 .text.cli_get_buffer_argument
                0x0000000008000bb8       0x1e Core/Src/OS/OS_CLI/cli_internal.o
                0x0000000008000bb8                cli_get_buffer_argument
 *fill*         0x0000000008000bd6        0x2 
 .text.cli_insert_char
                0x0000000008000bd8       0x54 Core/Src/OS/OS_CLI/cli_internal.o
                0x0000000008000bd8                cli_insert_char
 .text.cli_printf
                0x0000000008000c2c       0x1a Core/Src/OS/OS_CLI/cli_internal.o
                0x0000000008000c2c                cli_printf
 *fill*         0x0000000008000c46        0x2 
 .text.cli_treat_command
                0x0000000008000c48      0x4f0 Core/Src/OS/OS_CLI/cli_internal.o
                0x0000000008000c48                cli_treat_command
 .text.cli_rcv_char_cb_irq
                0x0000000008001138       0x28 Core/Src/OS/OS_CLI/cli_process.o
                0x0000000008001138                cli_rcv_char_cb_irq
 .text.cli_init
                0x0000000008001160       0x18 Core/Src/OS/OS_CLI/cli_process.o
                0x0000000008001160                cli_init
 .text.cli_process
                0x0000000008001178        0xc Core/Src/OS/OS_CLI/cli_process.o
                0x0000000008001178                cli_process
 .text.erase    0x0000000008001184       0x5c Core/Src/OS/OS_CLI/submenus/cli_flash.o
 .text.write    0x00000000080011e0       0x90 Core/Src/OS/OS_CLI/submenus/cli_flash.o
 .text.read     0x0000000008001270       0xb0 Core/Src/OS/OS_CLI/submenus/cli_flash.o
 .text.reset    0x0000000008001320       0x24 Core/Src/OS/OS_CLI/submenus/cli_system.o
 .text.os_init_get
                0x0000000008001344        0xc Core/Src/OS/OS_Core/OS.o
                0x0000000008001344                os_init_get
 .text.os_init  0x0000000008001350       0x98 Core/Src/OS/OS_Core/OS.o
                0x0000000008001350                os_init
 .text.os_idle_task_fn
                0x00000000080013e8        0x2 Core/Src/OS/OS_Core/OS_Callbacks.o
                0x00000000080013e8                os_idle_task_fn
 .text.os_no_task_ready_cb
                0x00000000080013ea        0x2 Core/Src/OS/OS_Core/OS_Callbacks.o
                0x00000000080013ea                os_no_task_ready_cb
 .text.os_insufficient_heap_cb
                0x00000000080013ec        0x2 Core/Src/OS/OS_Core/OS_Callbacks.o
                0x00000000080013ec                os_insufficient_heap_cb
 *fill*         0x00000000080013ee        0x2 
 .text.os_heap_BlockGetSize
                0x00000000080013f0       0x14 Core/Src/OS/OS_Core/OS_Heap.o
 .text.os_heap_clear
                0x0000000008001404       0x10 Core/Src/OS/OS_Core/OS_Heap.o
                0x0000000008001404                os_heap_clear
 .text.os_heap_alloc
                0x0000000008001414       0xc0 Core/Src/OS/OS_Core/OS_Heap.o
                0x0000000008001414                os_heap_alloc
 .text.os_heap_free
                0x00000000080014d4       0x90 Core/Src/OS/OS_Core/OS_Heap.o
                0x00000000080014d4                os_heap_free
 .text.os_list_init
                0x0000000008001564       0x1a Core/Src/OS/OS_Core/OS_Internal.o
                0x0000000008001564                os_list_init
 .text.os_list_search
                0x000000000800157e       0x2e Core/Src/OS/OS_Core/OS_Internal.o
                0x000000000800157e                os_list_search
 .text.os_handle_list_searchByName
                0x00000000080015ac       0x4c Core/Src/OS/OS_Core/OS_Internal.o
                0x00000000080015ac                os_handle_list_searchByName
 .text.os_list_add
                0x00000000080015f8       0x76 Core/Src/OS/OS_Core/OS_Internal.o
                0x00000000080015f8                os_list_add
 .text.os_list_remove
                0x000000000800166e       0x66 Core/Src/OS/OS_Core/OS_Internal.o
                0x000000000800166e                os_list_remove
 .text.os_list_clear
                0x00000000080016d4       0x32 Core/Src/OS/OS_Core/OS_Internal.o
                0x00000000080016d4                os_list_clear
 .text.os_task_list_sort
                0x0000000008001706       0x8a Core/Src/OS/OS_Core/OS_Internal.o
                0x0000000008001706                os_task_list_sort
 .text.os_handle_list_getObjToUpdate
                0x0000000008001790       0x18 Core/Src/OS/OS_Core/OS_Internal.o
                0x0000000008001790                os_handle_list_getObjToUpdate
 .text.os_task_list_isObjFreeOnTask
                0x00000000080017a8       0xca Core/Src/OS/OS_Core/OS_Internal.o
                0x00000000080017a8                os_task_list_isObjFreeOnTask
 *fill*         0x0000000008001872        0x2 
 .text.os_handle_list_updateAndCheck
                0x0000000008001874      0x1c0 Core/Src/OS/OS_Core/OS_Internal.o
                0x0000000008001874                os_handle_list_updateAndCheck
 .text.os_msgQ_updateAndCheck
                0x0000000008001a34       0xa0 Core/Src/OS/OS_Core/OS_Internal.o
                0x0000000008001a34                os_msgQ_updateAndCheck
 .text.os_obj_updatePrio
                0x0000000008001ad4       0xbc Core/Src/OS/OS_Core/OS_Internal.o
                0x0000000008001ad4                os_obj_updatePrio
 .text.os_scheduler
                0x0000000008001b90       0xd8 Core/Src/OS/OS_Core/OS_Scheduler.o
 .text.PendSV_Handler
                0x0000000008001c68       0x38 Core/Src/OS/OS_Core/OS_Scheduler.o
                0x0000000008001c68                PendSV_Handler
 .text.os_scheduler_start
                0x0000000008001ca0       0x4c Core/Src/OS/OS_Core/OS_Scheduler.o
                0x0000000008001ca0                os_scheduler_start
 .text.os_scheduler_state_get
                0x0000000008001cec        0xc Core/Src/OS/OS_Core/OS_Scheduler.o
                0x0000000008001cec                os_scheduler_state_get
 .text.os_task_objTake
                0x0000000008001cf8        0x2 Core/Src/OS/OS_Core/OS_Tasks.o
 *fill*         0x0000000008001cfa        0x2 
 .text.os_task_init
                0x0000000008001cfc       0xd4 Core/Src/OS/OS_Core/OS_Tasks.o
                0x0000000008001cfc                os_task_init
 .text.os_task_yeild
                0x0000000008001dd0       0x14 Core/Src/OS/OS_Core/OS_Tasks.o
                0x0000000008001dd0                os_task_yeild
 .text.os_task_return
                0x0000000008001de4       0x3c Core/Src/OS/OS_Core/OS_Tasks.o
                0x0000000008001de4                os_task_return
 .text.os_task_delete
                0x0000000008001e20       0xf4 Core/Src/OS/OS_Core/OS_Tasks.o
                0x0000000008001e20                os_task_delete
 .text.os_task_getPrio
                0x0000000008001f14       0x14 Core/Src/OS/OS_Core/OS_Tasks.o
                0x0000000008001f14                os_task_getPrio
 .text.os_task_must_yeild
                0x0000000008001f28       0x5c Core/Src/OS/OS_Core/OS_Tasks.o
                0x0000000008001f28                os_task_must_yeild
 .text.os_task_create
                0x0000000008001f84      0x158 Core/Src/OS/OS_Core/OS_Tasks.o
                0x0000000008001f84                os_task_create
 .text.os_task_getState
                0x00000000080020dc       0x34 Core/Src/OS/OS_Core/OS_Tasks.o
                0x00000000080020dc                os_task_getState
 .text.os_task_getFreeCount
                0x0000000008002110       0x22 Core/Src/OS/OS_Core/OS_Tasks.o
 *fill*         0x0000000008002132        0x2 
 .text.os_tick  0x0000000008002134       0xa4 Core/Src/OS/OS_Core/OS_Tick.o
                0x0000000008002134                os_tick
 .text.flash_write
                0x00000000080021d8       0xe4 Core/Src/OS/OS_Drivers/OS_flash.o
                0x00000000080021d8                flash_write
 .text.flash_read
                0x00000000080022bc       0x26 Core/Src/OS/OS_Drivers/OS_flash.o
                0x00000000080022bc                flash_read
 *fill*         0x00000000080022e2        0x2 
 .text.flash_erase
                0x00000000080022e4      0x144 Core/Src/OS/OS_Drivers/OS_flash.o
                0x00000000080022e4                flash_erase
 .text.MX_GPIO_Init
                0x0000000008002428      0x164 Core/Src/gpio.o
                0x0000000008002428                MX_GPIO_Init
 .text.SystemClock_Config
                0x000000000800258c       0x90 Core/Src/main.o
                0x000000000800258c                SystemClock_Config
 .text.startup.main
                0x000000000800261c       0x84 Core/Src/main.o
                0x000000000800261c                main
 .text.Error_Handler
                0x00000000080026a0        0x2 Core/Src/main.o
                0x00000000080026a0                Error_Handler
 *fill*         0x00000000080026a2        0x2 
 .text.HAL_MspInit
                0x00000000080026a4       0x80 Core/Src/stm32f4xx_hal_msp.o
                0x00000000080026a4                HAL_MspInit
 .text.NMI_Handler
                0x0000000008002724        0x2 Core/Src/stm32f4xx_it.o
                0x0000000008002724                NMI_Handler
 .text.HardFault_Handler
                0x0000000008002726        0x2 Core/Src/stm32f4xx_it.o
                0x0000000008002726                HardFault_Handler
 .text.MemManage_Handler
                0x0000000008002728        0x2 Core/Src/stm32f4xx_it.o
                0x0000000008002728                MemManage_Handler
 .text.BusFault_Handler
                0x000000000800272a        0x2 Core/Src/stm32f4xx_it.o
                0x000000000800272a                BusFault_Handler
 .text.UsageFault_Handler
                0x000000000800272c        0x2 Core/Src/stm32f4xx_it.o
                0x000000000800272c                UsageFault_Handler
 .text.SVC_Handler
                0x000000000800272e        0x2 Core/Src/stm32f4xx_it.o
                0x000000000800272e                SVC_Handler
 .text.DebugMon_Handler
                0x0000000008002730        0x2 Core/Src/stm32f4xx_it.o
                0x0000000008002730                DebugMon_Handler
 .text.SysTick_Handler
                0x0000000008002732       0x10 Core/Src/stm32f4xx_it.o
                0x0000000008002732                SysTick_Handler
 .text.EXTI0_IRQHandler
                0x0000000008002742        0x6 Core/Src/stm32f4xx_it.o
                0x0000000008002742                EXTI0_IRQHandler
 .text.USART3_IRQHandler
                0x0000000008002748        0xc Core/Src/stm32f4xx_it.o
                0x0000000008002748                USART3_IRQHandler
 .text.__io_putchar
                0x0000000008002754       0x20 Core/Src/syscalls.o
                0x0000000008002754                __io_putchar
 .text._read    0x0000000008002774       0x1c Core/Src/syscalls.o
                0x0000000008002774                _read
 .text._write   0x0000000008002790       0x1c Core/Src/syscalls.o
                0x0000000008002790                _write
 .text._close   0x00000000080027ac        0x6 Core/Src/syscalls.o
                0x00000000080027ac                _close
 .text._fstat   0x00000000080027b2        0xa Core/Src/syscalls.o
                0x00000000080027b2                _fstat
 .text._isatty  0x00000000080027bc        0x4 Core/Src/syscalls.o
                0x00000000080027bc                _isatty
 .text._lseek   0x00000000080027c0        0x4 Core/Src/syscalls.o
                0x00000000080027c0                _lseek
 .text._sbrk    0x00000000080027c4       0x34 Core/Src/sysmem.o
                0x00000000080027c4                _sbrk
 .text.SystemInit
                0x00000000080027f8       0x1c Core/Src/system_stm32f4xx.o
                0x00000000080027f8                SystemInit
 .text.MX_TIM13_Init
                0x0000000008002814       0x40 Core/Src/tim.o
                0x0000000008002814                MX_TIM13_Init
 .text.HAL_TIM_Base_MspInit
                0x0000000008002854       0x30 Core/Src/tim.o
                0x0000000008002854                HAL_TIM_Base_MspInit
 .text.HAL_UART_RxCpltCallback
                0x0000000008002884       0x10 Core/Src/usart.o
                0x0000000008002884                HAL_UART_RxCpltCallback
 .text.MX_USART3_UART_Init
                0x0000000008002894       0x38 Core/Src/usart.o
                0x0000000008002894                MX_USART3_UART_Init
 .text.HAL_UART_MspInit
                0x00000000080028cc       0x94 Core/Src/usart.o
                0x00000000080028cc                HAL_UART_MspInit
 .text.Reset_Handler
                0x0000000008002960       0x50 Core/Startup/startup_stm32f407vgtx.o
                0x0000000008002960                Reset_Handler
 .text.Default_Handler
                0x00000000080029b0        0x2 Core/Startup/startup_stm32f407vgtx.o
                0x00000000080029b0                RTC_Alarm_IRQHandler
                0x00000000080029b0                HASH_RNG_IRQHandler
                0x00000000080029b0                EXTI2_IRQHandler
                0x00000000080029b0                TIM8_CC_IRQHandler
                0x00000000080029b0                TIM1_CC_IRQHandler
                0x00000000080029b0                DMA2_Stream5_IRQHandler
                0x00000000080029b0                DMA1_Stream5_IRQHandler
                0x00000000080029b0                PVD_IRQHandler
                0x00000000080029b0                SDIO_IRQHandler
                0x00000000080029b0                TAMP_STAMP_IRQHandler
                0x00000000080029b0                CAN2_RX1_IRQHandler
                0x00000000080029b0                EXTI3_IRQHandler
                0x00000000080029b0                TIM8_TRG_COM_TIM14_IRQHandler
                0x00000000080029b0                TIM1_UP_TIM10_IRQHandler
                0x00000000080029b0                TIM8_UP_TIM13_IRQHandler
                0x00000000080029b0                I2C3_ER_IRQHandler
                0x00000000080029b0                I2C2_EV_IRQHandler
                0x00000000080029b0                DMA1_Stream2_IRQHandler
                0x00000000080029b0                CAN1_RX0_IRQHandler
                0x00000000080029b0                FPU_IRQHandler
                0x00000000080029b0                OTG_HS_WKUP_IRQHandler
                0x00000000080029b0                CAN2_SCE_IRQHandler
                0x00000000080029b0                DMA2_Stream2_IRQHandler
                0x00000000080029b0                SPI1_IRQHandler
                0x00000000080029b0                TIM6_DAC_IRQHandler
                0x00000000080029b0                TIM1_BRK_TIM9_IRQHandler
                0x00000000080029b0                DCMI_IRQHandler
                0x00000000080029b0                CAN2_RX0_IRQHandler
                0x00000000080029b0                DMA2_Stream3_IRQHandler
                0x00000000080029b0                USART6_IRQHandler
                0x00000000080029b0                CAN1_RX1_IRQHandler
                0x00000000080029b0                UART5_IRQHandler
                0x00000000080029b0                DMA2_Stream0_IRQHandler
                0x00000000080029b0                TIM4_IRQHandler
                0x00000000080029b0                I2C1_EV_IRQHandler
                0x00000000080029b0                DMA1_Stream6_IRQHandler
                0x00000000080029b0                DMA1_Stream1_IRQHandler
                0x00000000080029b0                UART4_IRQHandler
                0x00000000080029b0                TIM3_IRQHandler
                0x00000000080029b0                RCC_IRQHandler
                0x00000000080029b0                TIM8_BRK_TIM12_IRQHandler
                0x00000000080029b0                Default_Handler
                0x00000000080029b0                EXTI15_10_IRQHandler
                0x00000000080029b0                ADC_IRQHandler
                0x00000000080029b0                DMA1_Stream7_IRQHandler
                0x00000000080029b0                TIM7_IRQHandler
                0x00000000080029b0                CAN2_TX_IRQHandler
                0x00000000080029b0                TIM5_IRQHandler
                0x00000000080029b0                DMA2_Stream7_IRQHandler
                0x00000000080029b0                I2C3_EV_IRQHandler
                0x00000000080029b0                EXTI9_5_IRQHandler
                0x00000000080029b0                RTC_WKUP_IRQHandler
                0x00000000080029b0                ETH_WKUP_IRQHandler
                0x00000000080029b0                SPI2_IRQHandler
                0x00000000080029b0                OTG_HS_EP1_IN_IRQHandler
                0x00000000080029b0                DMA1_Stream0_IRQHandler
                0x00000000080029b0                CAN1_TX_IRQHandler
                0x00000000080029b0                EXTI4_IRQHandler
                0x00000000080029b0                FSMC_IRQHandler
                0x00000000080029b0                ETH_IRQHandler
                0x00000000080029b0                OTG_HS_EP1_OUT_IRQHandler
                0x00000000080029b0                WWDG_IRQHandler
                0x00000000080029b0                TIM2_IRQHandler
                0x00000000080029b0                OTG_FS_WKUP_IRQHandler
                0x00000000080029b0                TIM1_TRG_COM_TIM11_IRQHandler
                0x00000000080029b0                OTG_HS_IRQHandler
                0x00000000080029b0                EXTI1_IRQHandler
                0x00000000080029b0                USART2_IRQHandler
                0x00000000080029b0                I2C2_ER_IRQHandler
                0x00000000080029b0                DMA2_Stream1_IRQHandler
                0x00000000080029b0                CAN1_SCE_IRQHandler
                0x00000000080029b0                FLASH_IRQHandler
                0x00000000080029b0                DMA2_Stream4_IRQHandler
                0x00000000080029b0                USART1_IRQHandler
                0x00000000080029b0                OTG_FS_IRQHandler
                0x00000000080029b0                SPI3_IRQHandler
                0x00000000080029b0                DMA1_Stream4_IRQHandler
                0x00000000080029b0                I2C1_ER_IRQHandler
                0x00000000080029b0                DMA2_Stream6_IRQHandler
                0x00000000080029b0                DMA1_Stream3_IRQHandler
 *fill*         0x00000000080029b2        0x2 
 .text.HAL_InitTick
                0x00000000080029b4       0x48 Drivers/STM32F4xx_HAL_Driver/Src/stm32f4xx_hal.o
                0x00000000080029b4                HAL_InitTick
 .text.HAL_Init
                0x00000000080029fc       0x34 Drivers/STM32F4xx_HAL_Driver/Src/stm32f4xx_hal.o
                0x00000000080029fc                HAL_Init
 .text.HAL_IncTick
                0x0000000008002a30       0x18 Drivers/STM32F4xx_HAL_Driver/Src/stm32f4xx_hal.o
                0x0000000008002a30                HAL_IncTick
 .text.HAL_GetTick
                0x0000000008002a48        0xc Drivers/STM32F4xx_HAL_Driver/Src/stm32f4xx_hal.o
                0x0000000008002a48                HAL_GetTick
 .text.HAL_NVIC_SetPriorityGrouping
                0x0000000008002a54       0x24 Drivers/STM32F4xx_HAL_Driver/Src/stm32f4xx_hal_cortex.o
                0x0000000008002a54                HAL_NVIC_SetPriorityGrouping
 .text.HAL_NVIC_SetPriority
                0x0000000008002a78       0x68 Drivers/STM32F4xx_HAL_Driver/Src/stm32f4xx_hal_cortex.o
                0x0000000008002a78                HAL_NVIC_SetPriority
 .text.HAL_NVIC_EnableIRQ
                0x0000000008002ae0       0x1c Drivers/STM32F4xx_HAL_Driver/Src/stm32f4xx_hal_cortex.o
                0x0000000008002ae0                HAL_NVIC_EnableIRQ
 .text.HAL_SYSTICK_Config
                0x0000000008002afc       0x2c Drivers/STM32F4xx_HAL_Driver/Src/stm32f4xx_hal_cortex.o
                0x0000000008002afc                HAL_SYSTICK_Config
 .text.HAL_DMA_Abort_IT
                0x0000000008002b28       0x24 Drivers/STM32F4xx_HAL_Driver/Src/stm32f4xx_hal_dma.o
                0x0000000008002b28                HAL_DMA_Abort_IT
 .text.FLASH_Program_DoubleWord
                0x0000000008002b4c       0x2c Drivers/STM32F4xx_HAL_Driver/Src/stm32f4xx_hal_flash.o
 .text.FLASH_Program_Word
                0x0000000008002b78       0x24 Drivers/STM32F4xx_HAL_Driver/Src/stm32f4xx_hal_flash.o
 .text.FLASH_Program_HalfWord
                0x0000000008002b9c       0x24 Drivers/STM32F4xx_HAL_Driver/Src/stm32f4xx_hal_flash.o
 .text.FLASH_SetErrorCode
                0x0000000008002bc0       0x74 Drivers/STM32F4xx_HAL_Driver/Src/stm32f4xx_hal_flash.o
 .text.HAL_FLASH_Unlock
                0x0000000008002c34       0x24 Drivers/STM32F4xx_HAL_Driver/Src/stm32f4xx_hal_flash.o
                0x0000000008002c34                HAL_FLASH_Unlock
 .text.HAL_FLASH_Lock
                0x0000000008002c58       0x14 Drivers/STM32F4xx_HAL_Driver/Src/stm32f4xx_hal_flash.o
                0x0000000008002c58                HAL_FLASH_Lock
 .text.FLASH_WaitForLastOperation
                0x0000000008002c6c       0x54 Drivers/STM32F4xx_HAL_Driver/Src/stm32f4xx_hal_flash.o
                0x0000000008002c6c                FLASH_WaitForLastOperation
 .text.HAL_FLASH_Program
                0x0000000008002cc0       0x8c Drivers/STM32F4xx_HAL_Driver/Src/stm32f4xx_hal_flash.o
                0x0000000008002cc0                HAL_FLASH_Program
 .text.FLASH_Erase_Sector
                0x0000000008002d4c       0x4c Drivers/STM32F4xx_HAL_Driver/Src/stm32f4xx_hal_flash_ex.o
                0x0000000008002d4c                FLASH_Erase_Sector
 .text.HAL_GPIO_Init
                0x0000000008002d98      0x1c0 Drivers/STM32F4xx_HAL_Driver/Src/stm32f4xx_hal_gpio.o
                0x0000000008002d98                HAL_GPIO_Init
 .text.HAL_GPIO_WritePin
                0x0000000008002f58        0xa Drivers/STM32F4xx_HAL_Driver/Src/stm32f4xx_hal_gpio.o
                0x0000000008002f58                HAL_GPIO_WritePin
 .text.HAL_GPIO_EXTI_Callback
                0x0000000008002f62        0x2 Drivers/STM32F4xx_HAL_Driver/Src/stm32f4xx_hal_gpio.o
                0x0000000008002f62                HAL_GPIO_EXTI_Callback
 .text.HAL_GPIO_EXTI_IRQHandler
                0x0000000008002f64       0x18 Drivers/STM32F4xx_HAL_Driver/Src/stm32f4xx_hal_gpio.o
                0x0000000008002f64                HAL_GPIO_EXTI_IRQHandler
 .text.HAL_RCC_OscConfig
                0x0000000008002f7c      0x34c Drivers/STM32F4xx_HAL_Driver/Src/stm32f4xx_hal_rcc.o
                0x0000000008002f7c                HAL_RCC_OscConfig
 .text.HAL_RCC_GetSysClockFreq
                0x00000000080032c8       0x5c Drivers/STM32F4xx_HAL_Driver/Src/stm32f4xx_hal_rcc.o
                0x00000000080032c8                HAL_RCC_GetSysClockFreq
 .text.HAL_RCC_ClockConfig
                0x0000000008003324      0x134 Drivers/STM32F4xx_HAL_Driver/Src/stm32f4xx_hal_rcc.o
                0x0000000008003324                HAL_RCC_ClockConfig
 .text.HAL_RCC_GetPCLK1Freq
                0x0000000008003458       0x20 Drivers/STM32F4xx_HAL_Driver/Src/stm32f4xx_hal_rcc.o
                0x0000000008003458                HAL_RCC_GetPCLK1Freq
 .text.HAL_RCC_GetPCLK2Freq
                0x0000000008003478       0x20 Drivers/STM32F4xx_HAL_Driver/Src/stm32f4xx_hal_rcc.o
                0x0000000008003478                HAL_RCC_GetPCLK2Freq
 .text.HAL_TIM_OnePulse_MspInit
                0x0000000008003498        0x2 Drivers/STM32F4xx_HAL_Driver/Src/stm32f4xx_hal_tim.o
                0x0000000008003498                HAL_TIM_OnePulse_MspInit
 *fill*         0x000000000800349a        0x2 
 .text.TIM_Base_SetConfig
                0x000000000800349c       0xcc Drivers/STM32F4xx_HAL_Driver/Src/stm32f4xx_hal_tim.o
                0x000000000800349c                TIM_Base_SetConfig
 .text.HAL_TIM_Base_Init
                0x0000000008003568       0x34 Drivers/STM32F4xx_HAL_Driver/Src/stm32f4xx_hal_tim.o
                0x0000000008003568                HAL_TIM_Base_Init
 .text.HAL_TIM_OnePulse_Init
                0x000000000800359c       0x46 Drivers/STM32F4xx_HAL_Driver/Src/stm32f4xx_hal_tim.o
                0x000000000800359c                HAL_TIM_OnePulse_Init
 .text.UART_EndRxTransfer
                0x00000000080035e2       0x1a Drivers/STM32F4xx_HAL_Driver/Src/stm32f4xx_hal_uart.o
 .text.UART_SetConfig
                0x00000000080035fc       0xe0 Drivers/STM32F4xx_HAL_Driver/Src/stm32f4xx_hal_uart.o
 .text.UART_WaitOnFlagUntilTimeout.constprop.3
                0x00000000080036dc       0x50 Drivers/STM32F4xx_HAL_Driver/Src/stm32f4xx_hal_uart.o
 .text.HAL_UART_Init
                0x000000000800372c       0x5c Drivers/STM32F4xx_HAL_Driver/Src/stm32f4xx_hal_uart.o
                0x000000000800372c                HAL_UART_Init
 .text.HAL_UART_Transmit
                0x0000000008003788       0xb8 Drivers/STM32F4xx_HAL_Driver/Src/stm32f4xx_hal_uart.o
                0x0000000008003788                HAL_UART_Transmit
 .text.HAL_UART_Receive_IT
                0x0000000008003840       0x4e Drivers/STM32F4xx_HAL_Driver/Src/stm32f4xx_hal_uart.o
                0x0000000008003840                HAL_UART_Receive_IT
 .text.HAL_UART_TxCpltCallback
                0x000000000800388e        0x2 Drivers/STM32F4xx_HAL_Driver/Src/stm32f4xx_hal_uart.o
                0x000000000800388e                HAL_UART_TxCpltCallback
 .text.UART_Receive_IT
                0x0000000008003890       0x76 Drivers/STM32F4xx_HAL_Driver/Src/stm32f4xx_hal_uart.o
 .text.HAL_UART_ErrorCallback
                0x0000000008003906        0x2 Drivers/STM32F4xx_HAL_Driver/Src/stm32f4xx_hal_uart.o
                0x0000000008003906                HAL_UART_ErrorCallback
 .text.HAL_UART_IRQHandler
                0x0000000008003908      0x144 Drivers/STM32F4xx_HAL_Driver/Src/stm32f4xx_hal_uart.o
                0x0000000008003908                HAL_UART_IRQHandler
 .text.UART_DMAAbortOnError
                0x0000000008003a4c       0x10 Drivers/STM32F4xx_HAL_Driver/Src/stm32f4xx_hal_uart.o
 .text.__errno  0x0000000008003a5c        0xc c:/st/stm32cubeide_1.3.0/stm32cubeide/plugins/com.st.stm32cube.ide.mcu.externaltools.gnu-tools-for-stm32.7-2018-q2-update.win32_1.0.0.201904181610/tools/bin/../lib/gcc/arm-none-eabi/7.3.1/../../../../arm-none-eabi/lib/thumb/v7e-m/fpv4-sp/hard\libc_nano.a(lib_a-errno.o)
                0x0000000008003a5c                __errno
 .text.__libc_init_array
                0x0000000008003a68       0x48 c:/st/stm32cubeide_1.3.0/stm32cubeide/plugins/com.st.stm32cube.ide.mcu.externaltools.gnu-tools-for-stm32.7-2018-q2-update.win32_1.0.0.201904181610/tools/bin/../lib/gcc/arm-none-eabi/7.3.1/../../../../arm-none-eabi/lib/thumb/v7e-m/fpv4-sp/hard\libc_nano.a(lib_a-init.o)
                0x0000000008003a68                __libc_init_array
 .text.__locale_ctype_ptr_l
                0x0000000008003ab0        0x6 c:/st/stm32cubeide_1.3.0/stm32cubeide/plugins/com.st.stm32cube.ide.mcu.externaltools.gnu-tools-for-stm32.7-2018-q2-update.win32_1.0.0.201904181610/tools/bin/../lib/gcc/arm-none-eabi/7.3.1/../../../../arm-none-eabi/lib/thumb/v7e-m/fpv4-sp/hard\libc_nano.a(lib_a-locale.o)
                0x0000000008003ab0                __locale_ctype_ptr_l
 *fill*         0x0000000008003ab6        0x2 
 .text.__locale_ctype_ptr
                0x0000000008003ab8       0x1c c:/st/stm32cubeide_1.3.0/stm32cubeide/plugins/com.st.stm32cube.ide.mcu.externaltools.gnu-tools-for-stm32.7-2018-q2-update.win32_1.0.0.201904181610/tools/bin/../lib/gcc/arm-none-eabi/7.3.1/../../../../arm-none-eabi/lib/thumb/v7e-m/fpv4-sp/hard\libc_nano.a(lib_a-locale.o)
                0x0000000008003ab8                __locale_ctype_ptr
 .text.malloc   0x0000000008003ad4       0x10 c:/st/stm32cubeide_1.3.0/stm32cubeide/plugins/com.st.stm32cube.ide.mcu.externaltools.gnu-tools-for-stm32.7-2018-q2-update.win32_1.0.0.201904181610/tools/bin/../lib/gcc/arm-none-eabi/7.3.1/../../../../arm-none-eabi/lib/thumb/v7e-m/fpv4-sp/hard\libc_nano.a(lib_a-malloc.o)
                0x0000000008003ad4                malloc
 .text.__ascii_mbtowc
                0x0000000008003ae4       0x24 c:/st/stm32cubeide_1.3.0/stm32cubeide/plugins/com.st.stm32cube.ide.mcu.externaltools.gnu-tools-for-stm32.7-2018-q2-update.win32_1.0.0.201904181610/tools/bin/../lib/gcc/arm-none-eabi/7.3.1/../../../../arm-none-eabi/lib/thumb/v7e-m/fpv4-sp/hard\libc_nano.a(lib_a-mbtowc_r.o)
                0x0000000008003ae4                __ascii_mbtowc
 .text.memcpy   0x0000000008003b08       0x16 c:/st/stm32cubeide_1.3.0/stm32cubeide/plugins/com.st.stm32cube.ide.mcu.externaltools.gnu-tools-for-stm32.7-2018-q2-update.win32_1.0.0.201904181610/tools/bin/../lib/gcc/arm-none-eabi/7.3.1/../../../../arm-none-eabi/lib/thumb/v7e-m/fpv4-sp/hard\libc_nano.a(lib_a-memcpy-stub.o)
                0x0000000008003b08                memcpy
 .text.memset   0x0000000008003b1e       0x10 c:/st/stm32cubeide_1.3.0/stm32cubeide/plugins/com.st.stm32cube.ide.mcu.externaltools.gnu-tools-for-stm32.7-2018-q2-update.win32_1.0.0.201904181610/tools/bin/../lib/gcc/arm-none-eabi/7.3.1/../../../../arm-none-eabi/lib/thumb/v7e-m/fpv4-sp/hard\libc_nano.a(lib_a-memset.o)
                0x0000000008003b1e                memset
 *fill*         0x0000000008003b2e        0x2 
 .text._free_r  0x0000000008003b30       0x9c c:/st/stm32cubeide_1.3.0/stm32cubeide/plugins/com.st.stm32cube.ide.mcu.externaltools.gnu-tools-for-stm32.7-2018-q2-update.win32_1.0.0.201904181610/tools/bin/../lib/gcc/arm-none-eabi/7.3.1/../../../../arm-none-eabi/lib/thumb/v7e-m/fpv4-sp/hard\libc_nano.a(lib_a-nano-freer.o)
                0x0000000008003b30                _free_r
 .text._malloc_r
                0x0000000008003bcc       0xb4 c:/st/stm32cubeide_1.3.0/stm32cubeide/plugins/com.st.stm32cube.ide.mcu.externaltools.gnu-tools-for-stm32.7-2018-q2-update.win32_1.0.0.201904181610/tools/bin/../lib/gcc/arm-none-eabi/7.3.1/../../../../arm-none-eabi/lib/thumb/v7e-m/fpv4-sp/hard\libc_nano.a(lib_a-nano-mallocr.o)
                0x0000000008003bcc                _malloc_r
 .text.__sfputc_r
                0x0000000008003c80       0x2e c:/st/stm32cubeide_1.3.0/stm32cubeide/plugins/com.st.stm32cube.ide.mcu.externaltools.gnu-tools-for-stm32.7-2018-q2-update.win32_1.0.0.201904181610/tools/bin/../lib/gcc/arm-none-eabi/7.3.1/../../../../arm-none-eabi/lib/thumb/v7e-m/fpv4-sp/hard\libc_nano.a(lib_a-nano-vfprintf.o)
 .text.__sfputs_r
                0x0000000008003cae       0x24 c:/st/stm32cubeide_1.3.0/stm32cubeide/plugins/com.st.stm32cube.ide.mcu.externaltools.gnu-tools-for-stm32.7-2018-q2-update.win32_1.0.0.201904181610/tools/bin/../lib/gcc/arm-none-eabi/7.3.1/../../../../arm-none-eabi/lib/thumb/v7e-m/fpv4-sp/hard\libc_nano.a(lib_a-nano-vfprintf.o)
                0x0000000008003cae                __sfputs_r
 *fill*         0x0000000008003cd2        0x2 
 .text._vfprintf_r
                0x0000000008003cd4      0x22c c:/st/stm32cubeide_1.3.0/stm32cubeide/plugins/com.st.stm32cube.ide.mcu.externaltools.gnu-tools-for-stm32.7-2018-q2-update.win32_1.0.0.201904181610/tools/bin/../lib/gcc/arm-none-eabi/7.3.1/../../../../arm-none-eabi/lib/thumb/v7e-m/fpv4-sp/hard\libc_nano.a(lib_a-nano-vfprintf.o)
                0x0000000008003cd4                _vfprintf_r
                0x0000000008003cd4                _vfiprintf_r
 .text._printf_common
                0x0000000008003f00       0xea c:/st/stm32cubeide_1.3.0/stm32cubeide/plugins/com.st.stm32cube.ide.mcu.externaltools.gnu-tools-for-stm32.7-2018-q2-update.win32_1.0.0.201904181610/tools/bin/../lib/gcc/arm-none-eabi/7.3.1/../../../../arm-none-eabi/lib/thumb/v7e-m/fpv4-sp/hard\libc_nano.a(lib_a-nano-vfprintf_i.o)
                0x0000000008003f00                _printf_common
 *fill*         0x0000000008003fea        0x2 
 .text._printf_i
                0x0000000008003fec      0x224 c:/st/stm32cubeide_1.3.0/stm32cubeide/plugins/com.st.stm32cube.ide.mcu.externaltools.gnu-tools-for-stm32.7-2018-q2-update.win32_1.0.0.201904181610/tools/bin/../lib/gcc/arm-none-eabi/7.3.1/../../../../arm-none-eabi/lib/thumb/v7e-m/fpv4-sp/hard\libc_nano.a(lib_a-nano-vfprintf_i.o)
                0x0000000008003fec                _printf_i
 .text.printf   0x0000000008004210       0x30 c:/st/stm32cubeide_1.3.0/stm32cubeide/plugins/com.st.stm32cube.ide.mcu.externaltools.gnu-tools-for-stm32.7-2018-q2-update.win32_1.0.0.201904181610/tools/bin/../lib/gcc/arm-none-eabi/7.3.1/../../../../arm-none-eabi/lib/thumb/v7e-m/fpv4-sp/hard\libc_nano.a(lib_a-printf.o)
                0x0000000008004210                iprintf
                0x0000000008004210                printf
 .text._sbrk_r  0x0000000008004240       0x20 c:/st/stm32cubeide_1.3.0/stm32cubeide/plugins/com.st.stm32cube.ide.mcu.externaltools.gnu-tools-for-stm32.7-2018-q2-update.win32_1.0.0.201904181610/tools/bin/../lib/gcc/arm-none-eabi/7.3.1/../../../../arm-none-eabi/lib/thumb/v7e-m/fpv4-sp/hard\libc_nano.a(lib_a-sbrkr.o)
                0x0000000008004240                _sbrk_r
 .text.strtok   0x0000000008004260       0x54 c:/st/stm32cubeide_1.3.0/stm32cubeide/plugins/com.st.stm32cube.ide.mcu.externaltools.gnu-tools-for-stm32.7-2018-q2-update.win32_1.0.0.201904181610/tools/bin/../lib/gcc/arm-none-eabi/7.3.1/../../../../arm-none-eabi/lib/thumb/v7e-m/fpv4-sp/hard\libc_nano.a(lib_a-strtok.o)
                0x0000000008004260                strtok
 .text.__strtok_r
                0x00000000080042b4       0x54 c:/st/stm32cubeide_1.3.0/stm32cubeide/plugins/com.st.stm32cube.ide.mcu.externaltools.gnu-tools-for-stm32.7-2018-q2-update.win32_1.0.0.201904181610/tools/bin/../lib/gcc/arm-none-eabi/7.3.1/../../../../arm-none-eabi/lib/thumb/v7e-m/fpv4-sp/hard\libc_nano.a(lib_a-strtok_r.o)
                0x00000000080042b4                __strtok_r
 .text._strtol_l.isra.0
                0x0000000008004308       0xf6 c:/st/stm32cubeide_1.3.0/stm32cubeide/plugins/com.st.stm32cube.ide.mcu.externaltools.gnu-tools-for-stm32.7-2018-q2-update.win32_1.0.0.201904181610/tools/bin/../lib/gcc/arm-none-eabi/7.3.1/../../../../arm-none-eabi/lib/thumb/v7e-m/fpv4-sp/hard\libc_nano.a(lib_a-strtol.o)
 *fill*         0x00000000080043fe        0x2 
 .text.strtol   0x0000000008004400       0x2c c:/st/stm32cubeide_1.3.0/stm32cubeide/plugins/com.st.stm32cube.ide.mcu.externaltools.gnu-tools-for-stm32.7-2018-q2-update.win32_1.0.0.201904181610/tools/bin/../lib/gcc/arm-none-eabi/7.3.1/../../../../arm-none-eabi/lib/thumb/v7e-m/fpv4-sp/hard\libc_nano.a(lib_a-strtol.o)
                0x0000000008004400                strtol
 .text.vprintf  0x000000000800442c       0x2c c:/st/stm32cubeide_1.3.0/stm32cubeide/plugins/com.st.stm32cube.ide.mcu.externaltools.gnu-tools-for-stm32.7-2018-q2-update.win32_1.0.0.201904181610/tools/bin/../lib/gcc/arm-none-eabi/7.3.1/../../../../arm-none-eabi/lib/thumb/v7e-m/fpv4-sp/hard\libc_nano.a(lib_a-vprintf.o)
                0x000000000800442c                viprintf
                0x000000000800442c                vprintf
 .text.__swbuf_r
                0x0000000008004458       0xa4 c:/st/stm32cubeide_1.3.0/stm32cubeide/plugins/com.st.stm32cube.ide.mcu.externaltools.gnu-tools-for-stm32.7-2018-q2-update.win32_1.0.0.201904181610/tools/bin/../lib/gcc/arm-none-eabi/7.3.1/../../../../arm-none-eabi/lib/thumb/v7e-m/fpv4-sp/hard\libc_nano.a(lib_a-wbuf.o)
                0x0000000008004458                __swbuf_r
 .text.__ascii_wctomb
                0x00000000080044fc       0x1a c:/st/stm32cubeide_1.3.0/stm32cubeide/plugins/com.st.stm32cube.ide.mcu.externaltools.gnu-tools-for-stm32.7-2018-q2-update.win32_1.0.0.201904181610/tools/bin/../lib/gcc/arm-none-eabi/7.3.1/../../../../arm-none-eabi/lib/thumb/v7e-m/fpv4-sp/hard\libc_nano.a(lib_a-wctomb_r.o)
                0x00000000080044fc                __ascii_wctomb
 *fill*         0x0000000008004516        0x2 
 .text.__swsetup_r
                0x0000000008004518       0xdc c:/st/stm32cubeide_1.3.0/stm32cubeide/plugins/com.st.stm32cube.ide.mcu.externaltools.gnu-tools-for-stm32.7-2018-q2-update.win32_1.0.0.201904181610/tools/bin/../lib/gcc/arm-none-eabi/7.3.1/../../../../arm-none-eabi/lib/thumb/v7e-m/fpv4-sp/hard\libc_nano.a(lib_a-wsetup.o)
                0x0000000008004518                __swsetup_r
 .text.__sflush_r
                0x00000000080045f4      0x10c c:/st/stm32cubeide_1.3.0/stm32cubeide/plugins/com.st.stm32cube.ide.mcu.externaltools.gnu-tools-for-stm32.7-2018-q2-update.win32_1.0.0.201904181610/tools/bin/../lib/gcc/arm-none-eabi/7.3.1/../../../../arm-none-eabi/lib/thumb/v7e-m/fpv4-sp/hard\libc_nano.a(lib_a-fflush.o)
                0x00000000080045f4                __sflush_r
 .text._fflush_r
                0x0000000008004700       0x54 c:/st/stm32cubeide_1.3.0/stm32cubeide/plugins/com.st.stm32cube.ide.mcu.externaltools.gnu-tools-for-stm32.7-2018-q2-update.win32_1.0.0.201904181610/tools/bin/../lib/gcc/arm-none-eabi/7.3.1/../../../../arm-none-eabi/lib/thumb/v7e-m/fpv4-sp/hard\libc_nano.a(lib_a-fflush.o)
                0x0000000008004700                _fflush_r
 .text.std      0x0000000008004754       0x48 c:/st/stm32cubeide_1.3.0/stm32cubeide/plugins/com.st.stm32cube.ide.mcu.externaltools.gnu-tools-for-stm32.7-2018-q2-update.win32_1.0.0.201904181610/tools/bin/../lib/gcc/arm-none-eabi/7.3.1/../../../../arm-none-eabi/lib/thumb/v7e-m/fpv4-sp/hard\libc_nano.a(lib_a-findfp.o)
 .text._cleanup_r
                0x000000000800479c        0xc c:/st/stm32cubeide_1.3.0/stm32cubeide/plugins/com.st.stm32cube.ide.mcu.externaltools.gnu-tools-for-stm32.7-2018-q2-update.win32_1.0.0.201904181610/tools/bin/../lib/gcc/arm-none-eabi/7.3.1/../../../../arm-none-eabi/lib/thumb/v7e-m/fpv4-sp/hard\libc_nano.a(lib_a-findfp.o)
                0x000000000800479c                _cleanup_r
 .text.__sfmoreglue
                0x00000000080047a8       0x2c c:/st/stm32cubeide_1.3.0/stm32cubeide/plugins/com.st.stm32cube.ide.mcu.externaltools.gnu-tools-for-stm32.7-2018-q2-update.win32_1.0.0.201904181610/tools/bin/../lib/gcc/arm-none-eabi/7.3.1/../../../../arm-none-eabi/lib/thumb/v7e-m/fpv4-sp/hard\libc_nano.a(lib_a-findfp.o)
                0x00000000080047a8                __sfmoreglue
 .text.__sinit  0x00000000080047d4       0x60 c:/st/stm32cubeide_1.3.0/stm32cubeide/plugins/com.st.stm32cube.ide.mcu.externaltools.gnu-tools-for-stm32.7-2018-q2-update.win32_1.0.0.201904181610/tools/bin/../lib/gcc/arm-none-eabi/7.3.1/../../../../arm-none-eabi/lib/thumb/v7e-m/fpv4-sp/hard\libc_nano.a(lib_a-findfp.o)
                0x00000000080047d4                __sinit
 .text.__sfp    0x0000000008004834       0x78 c:/st/stm32cubeide_1.3.0/stm32cubeide/plugins/com.st.stm32cube.ide.mcu.externaltools.gnu-tools-for-stm32.7-2018-q2-update.win32_1.0.0.201904181610/tools/bin/../lib/gcc/arm-none-eabi/7.3.1/../../../../arm-none-eabi/lib/thumb/v7e-m/fpv4-sp/hard\libc_nano.a(lib_a-findfp.o)
                0x0000000008004834                __sfp
 .text._fwalk_reent
                0x00000000080048ac       0x3c c:/st/stm32cubeide_1.3.0/stm32cubeide/plugins/com.st.stm32cube.ide.mcu.externaltools.gnu-tools-for-stm32.7-2018-q2-update.win32_1.0.0.201904181610/tools/bin/../lib/gcc/arm-none-eabi/7.3.1/../../../../arm-none-eabi/lib/thumb/v7e-m/fpv4-sp/hard\libc_nano.a(lib_a-fwalk.o)
                0x00000000080048ac                _fwalk_reent
 .text.__swhatbuf_r
                0x00000000080048e8       0x48 c:/st/stm32cubeide_1.3.0/stm32cubeide/plugins/com.st.stm32cube.ide.mcu.externaltools.gnu-tools-for-stm32.7-2018-q2-update.win32_1.0.0.201904181610/tools/bin/../lib/gcc/arm-none-eabi/7.3.1/../../../../arm-none-eabi/lib/thumb/v7e-m/fpv4-sp/hard\libc_nano.a(lib_a-makebuf.o)
                0x00000000080048e8                __swhatbuf_r
 .text.__smakebuf_r
                0x0000000008004930       0x80 c:/st/stm32cubeide_1.3.0/stm32cubeide/plugins/com.st.stm32cube.ide.mcu.externaltools.gnu-tools-for-stm32.7-2018-q2-update.win32_1.0.0.201904181610/tools/bin/../lib/gcc/arm-none-eabi/7.3.1/../../../../arm-none-eabi/lib/thumb/v7e-m/fpv4-sp/hard\libc_nano.a(lib_a-makebuf.o)
                0x0000000008004930                __smakebuf_r
 .text.__malloc_lock
                0x00000000080049b0        0x2 c:/st/stm32cubeide_1.3.0/stm32cubeide/plugins/com.st.stm32cube.ide.mcu.externaltools.gnu-tools-for-stm32.7-2018-q2-update.win32_1.0.0.201904181610/tools/bin/../lib/gcc/arm-none-eabi/7.3.1/../../../../arm-none-eabi/lib/thumb/v7e-m/fpv4-sp/hard\libc_nano.a(lib_a-mlock.o)
                0x00000000080049b0                __malloc_lock
 .text.__malloc_unlock
                0x00000000080049b2        0x2 c:/st/stm32cubeide_1.3.0/stm32cubeide/plugins/com.st.stm32cube.ide.mcu.externaltools.gnu-tools-for-stm32.7-2018-q2-update.win32_1.0.0.201904181610/tools/bin/../lib/gcc/arm-none-eabi/7.3.1/../../../../arm-none-eabi/lib/thumb/v7e-m/fpv4-sp/hard\libc_nano.a(lib_a-mlock.o)
                0x00000000080049b2                __malloc_unlock
 .text.__sread  0x00000000080049b4       0x22 c:/st/stm32cubeide_1.3.0/stm32cubeide/plugins/com.st.stm32cube.ide.mcu.externaltools.gnu-tools-for-stm32.7-2018-q2-update.win32_1.0.0.201904181610/tools/bin/../lib/gcc/arm-none-eabi/7.3.1/../../../../arm-none-eabi/lib/thumb/v7e-m/fpv4-sp/hard\libc_nano.a(lib_a-stdio.o)
                0x00000000080049b4                __sread
 .text.__swrite
                0x00000000080049d6       0x38 c:/st/stm32cubeide_1.3.0/stm32cubeide/plugins/com.st.stm32cube.ide.mcu.externaltools.gnu-tools-for-stm32.7-2018-q2-update.win32_1.0.0.201904181610/tools/bin/../lib/gcc/arm-none-eabi/7.3.1/../../../../arm-none-eabi/lib/thumb/v7e-m/fpv4-sp/hard\libc_nano.a(lib_a-stdio.o)
                0x00000000080049d6                __swrite
 .text.__sseek  0x0000000008004a0e       0x24 c:/st/stm32cubeide_1.3.0/stm32cubeide/plugins/com.st.stm32cube.ide.mcu.externaltools.gnu-tools-for-stm32.7-2018-q2-update.win32_1.0.0.201904181610/tools/bin/../lib/gcc/arm-none-eabi/7.3.1/../../../../arm-none-eabi/lib/thumb/v7e-m/fpv4-sp/hard\libc_nano.a(lib_a-stdio.o)
                0x0000000008004a0e                __sseek
 .text.__sclose
                0x0000000008004a32        0x8 c:/st/stm32cubeide_1.3.0/stm32cubeide/plugins/com.st.stm32cube.ide.mcu.externaltools.gnu-tools-for-stm32.7-2018-q2-update.win32_1.0.0.201904181610/tools/bin/../lib/gcc/arm-none-eabi/7.3.1/../../../../arm-none-eabi/lib/thumb/v7e-m/fpv4-sp/hard\libc_nano.a(lib_a-stdio.o)
                0x0000000008004a32                __sclose
 *fill*         0x0000000008004a3a        0x2 
 .text._write_r
                0x0000000008004a3c       0x24 c:/st/stm32cubeide_1.3.0/stm32cubeide/plugins/com.st.stm32cube.ide.mcu.externaltools.gnu-tools-for-stm32.7-2018-q2-update.win32_1.0.0.201904181610/tools/bin/../lib/gcc/arm-none-eabi/7.3.1/../../../../arm-none-eabi/lib/thumb/v7e-m/fpv4-sp/hard\libc_nano.a(lib_a-writer.o)
                0x0000000008004a3c                _write_r
 .text._close_r
                0x0000000008004a60       0x20 c:/st/stm32cubeide_1.3.0/stm32cubeide/plugins/com.st.stm32cube.ide.mcu.externaltools.gnu-tools-for-stm32.7-2018-q2-update.win32_1.0.0.201904181610/tools/bin/../lib/gcc/arm-none-eabi/7.3.1/../../../../arm-none-eabi/lib/thumb/v7e-m/fpv4-sp/hard\libc_nano.a(lib_a-closer.o)
                0x0000000008004a60                _close_r
 .text._fstat_r
                0x0000000008004a80       0x24 c:/st/stm32cubeide_1.3.0/stm32cubeide/plugins/com.st.stm32cube.ide.mcu.externaltools.gnu-tools-for-stm32.7-2018-q2-update.win32_1.0.0.201904181610/tools/bin/../lib/gcc/arm-none-eabi/7.3.1/../../../../arm-none-eabi/lib/thumb/v7e-m/fpv4-sp/hard\libc_nano.a(lib_a-fstatr.o)
                0x0000000008004a80                _fstat_r
 .text._isatty_r
                0x0000000008004aa4       0x20 c:/st/stm32cubeide_1.3.0/stm32cubeide/plugins/com.st.stm32cube.ide.mcu.externaltools.gnu-tools-for-stm32.7-2018-q2-update.win32_1.0.0.201904181610/tools/bin/../lib/gcc/arm-none-eabi/7.3.1/../../../../arm-none-eabi/lib/thumb/v7e-m/fpv4-sp/hard\libc_nano.a(lib_a-isattyr.o)
                0x0000000008004aa4                _isatty_r
 .text._lseek_r
                0x0000000008004ac4       0x24 c:/st/stm32cubeide_1.3.0/stm32cubeide/plugins/com.st.stm32cube.ide.mcu.externaltools.gnu-tools-for-stm32.7-2018-q2-update.win32_1.0.0.201904181610/tools/bin/../lib/gcc/arm-none-eabi/7.3.1/../../../../arm-none-eabi/lib/thumb/v7e-m/fpv4-sp/hard\libc_nano.a(lib_a-lseekr.o)
                0x0000000008004ac4                _lseek_r
 .text._read_r  0x0000000008004ae8       0x24 c:/st/stm32cubeide_1.3.0/stm32cubeide/plugins/com.st.stm32cube.ide.mcu.externaltools.gnu-tools-for-stm32.7-2018-q2-update.win32_1.0.0.201904181610/tools/bin/../lib/gcc/arm-none-eabi/7.3.1/../../../../arm-none-eabi/lib/thumb/v7e-m/fpv4-sp/hard\libc_nano.a(lib_a-readr.o)
                0x0000000008004ae8                _read_r
 *(.glue_7)
 .glue_7        0x0000000008004b0c        0x0 linker stubs
 *(.glue_7t)
 .glue_7t       0x0000000008004b0c        0x0 linker stubs
 *(.eh_frame)
 .eh_frame      0x0000000008004b0c        0x0 c:/st/stm32cubeide_1.3.0/stm32cubeide/plugins/com.st.stm32cube.ide.mcu.externaltools.gnu-tools-for-stm32.7-2018-q2-update.win32_1.0.0.201904181610/tools/bin/../lib/gcc/arm-none-eabi/7.3.1/thumb/v7e-m/fpv4-sp/hard/crtbegin.o
 *(.init)
 .init          0x0000000008004b0c        0x4 c:/st/stm32cubeide_1.3.0/stm32cubeide/plugins/com.st.stm32cube.ide.mcu.externaltools.gnu-tools-for-stm32.7-2018-q2-update.win32_1.0.0.201904181610/tools/bin/../lib/gcc/arm-none-eabi/7.3.1/thumb/v7e-m/fpv4-sp/hard/crti.o
                0x0000000008004b0c                _init
 .init          0x0000000008004b10        0x8 c:/st/stm32cubeide_1.3.0/stm32cubeide/plugins/com.st.stm32cube.ide.mcu.externaltools.gnu-tools-for-stm32.7-2018-q2-update.win32_1.0.0.201904181610/tools/bin/../lib/gcc/arm-none-eabi/7.3.1/thumb/v7e-m/fpv4-sp/hard/crtn.o
 *(.fini)
 .fini          0x0000000008004b18        0x4 c:/st/stm32cubeide_1.3.0/stm32cubeide/plugins/com.st.stm32cube.ide.mcu.externaltools.gnu-tools-for-stm32.7-2018-q2-update.win32_1.0.0.201904181610/tools/bin/../lib/gcc/arm-none-eabi/7.3.1/thumb/v7e-m/fpv4-sp/hard/crti.o
                0x0000000008004b18                _fini
 .fini          0x0000000008004b1c        0x8 c:/st/stm32cubeide_1.3.0/stm32cubeide/plugins/com.st.stm32cube.ide.mcu.externaltools.gnu-tools-for-stm32.7-2018-q2-update.win32_1.0.0.201904181610/tools/bin/../lib/gcc/arm-none-eabi/7.3.1/thumb/v7e-m/fpv4-sp/hard/crtn.o
                0x0000000008004b24                . = ALIGN (0x4)
                0x0000000008004b24                _etext = .

.vfp11_veneer   0x0000000008004b24        0x0
 .vfp11_veneer  0x0000000008004b24        0x0 linker stubs

.v4_bx          0x0000000008004b24        0x0
 .v4_bx         0x0000000008004b24        0x0 linker stubs

.iplt           0x0000000008004b24        0x0
 .iplt          0x0000000008004b24        0x0 c:/st/stm32cubeide_1.3.0/stm32cubeide/plugins/com.st.stm32cube.ide.mcu.externaltools.gnu-tools-for-stm32.7-2018-q2-update.win32_1.0.0.201904181610/tools/bin/../lib/gcc/arm-none-eabi/7.3.1/thumb/v7e-m/fpv4-sp/hard/crtbegin.o

.rodata         0x0000000008004b24      0x570
                0x0000000008004b24                . = ALIGN (0x4)
 *(.rodata)
 .rodata        0x0000000008004b24       0x1a Core/Src/OS/OS_CLI/cli_internal.o
 *(.rodata*)
 .rodata.str1.1
                0x0000000008004b3e       0x26 Core/Src/OS/OS_CLI/cli.o
                                         0x2c (size before relaxing)
 .rodata.cli_treat_command.str1.1
                0x0000000008004b64      0x15d Core/Src/OS/OS_CLI/cli_internal.o
                                        0x16f (size before relaxing)
 .rodata.str1.1
                0x0000000008004cc1        0xf Core/Src/OS/OS_CLI/cli_internal.o
 .rodata.erase.str1.1
                0x0000000008004cd0       0x4e Core/Src/OS/OS_CLI/submenus/cli_flash.o
 *fill*         0x0000000008004d1e        0x2 
 .rodata.eraseArgs
                0x0000000008004d20        0xc Core/Src/OS/OS_CLI/submenus/cli_flash.o
 .rodata.read.str1.1
                0x0000000008004d2c       0x25 Core/Src/OS/OS_CLI/submenus/cli_flash.o
 *fill*         0x0000000008004d51        0x3 
 .rodata.readWriteArgs
                0x0000000008004d54        0xc Core/Src/OS/OS_CLI/submenus/cli_flash.o
 .rodata.str1.1
                0x0000000008004d60       0xb2 Core/Src/OS/OS_CLI/submenus/cli_flash.o
                                         0xb8 (size before relaxing)
 .rodata.write.str1.1
                0x0000000008004e12       0x45 Core/Src/OS/OS_CLI/submenus/cli_flash.o
 .rodata.str1.1
                0x0000000008004e57       0x13 Core/Src/OS/OS_CLI/submenus/cli_system.o
                                         0x14 (size before relaxing)
 .rodata.flash_write.str1.1
                0x0000000008004e6a        0xb Core/Src/OS/OS_Drivers/OS_flash.o
                                         0x25 (size before relaxing)
 .rodata.main.str1.1
                0x0000000008004e75       0x65 Core/Src/main.o
                                         0x84 (size before relaxing)
 .rodata.AHBPrescTable
                0x0000000008004eda       0x10 Core/Src/system_stm32f4xx.o
                0x0000000008004eda                AHBPrescTable
 .rodata.APBPrescTable
                0x0000000008004eea        0x8 Core/Src/system_stm32f4xx.o
                0x0000000008004eea                APBPrescTable
 *fill*         0x0000000008004ef2        0x2 
 .rodata._global_impure_ptr
                0x0000000008004ef4        0x4 c:/st/stm32cubeide_1.3.0/stm32cubeide/plugins/com.st.stm32cube.ide.mcu.externaltools.gnu-tools-for-stm32.7-2018-q2-update.win32_1.0.0.201904181610/tools/bin/../lib/gcc/arm-none-eabi/7.3.1/../../../../arm-none-eabi/lib/thumb/v7e-m/fpv4-sp/hard\libc_nano.a(lib_a-impure.o)
                0x0000000008004ef4                _global_impure_ptr
 .rodata._setlocale_r.str1.1
                0x0000000008004ef8        0x6 c:/st/stm32cubeide_1.3.0/stm32cubeide/plugins/com.st.stm32cube.ide.mcu.externaltools.gnu-tools-for-stm32.7-2018-q2-update.win32_1.0.0.201904181610/tools/bin/../lib/gcc/arm-none-eabi/7.3.1/../../../../arm-none-eabi/lib/thumb/v7e-m/fpv4-sp/hard\libc_nano.a(lib_a-locale.o)
                                          0x9 (size before relaxing)
 .rodata.str1.1
                0x0000000008004efe        0x2 c:/st/stm32cubeide_1.3.0/stm32cubeide/plugins/com.st.stm32cube.ide.mcu.externaltools.gnu-tools-for-stm32.7-2018-q2-update.win32_1.0.0.201904181610/tools/bin/../lib/gcc/arm-none-eabi/7.3.1/../../../../arm-none-eabi/lib/thumb/v7e-m/fpv4-sp/hard\libc_nano.a(lib_a-locale.o)
 .rodata._vfprintf_r.str1.1
                0x0000000008004f00       0x11 c:/st/stm32cubeide_1.3.0/stm32cubeide/plugins/com.st.stm32cube.ide.mcu.externaltools.gnu-tools-for-stm32.7-2018-q2-update.win32_1.0.0.201904181610/tools/bin/../lib/gcc/arm-none-eabi/7.3.1/../../../../arm-none-eabi/lib/thumb/v7e-m/fpv4-sp/hard\libc_nano.a(lib_a-nano-vfprintf.o)
 .rodata._printf_i.str1.1
                0x0000000008004f11       0x22 c:/st/stm32cubeide_1.3.0/stm32cubeide/plugins/com.st.stm32cube.ide.mcu.externaltools.gnu-tools-for-stm32.7-2018-q2-update.win32_1.0.0.201904181610/tools/bin/../lib/gcc/arm-none-eabi/7.3.1/../../../../arm-none-eabi/lib/thumb/v7e-m/fpv4-sp/hard\libc_nano.a(lib_a-nano-vfprintf_i.o)
 .rodata._ctype_
                0x0000000008004f33      0x101 c:/st/stm32cubeide_1.3.0/stm32cubeide/plugins/com.st.stm32cube.ide.mcu.externaltools.gnu-tools-for-stm32.7-2018-q2-update.win32_1.0.0.201904181610/tools/bin/../lib/gcc/arm-none-eabi/7.3.1/../../../../arm-none-eabi/lib/thumb/v7e-m/fpv4-sp/hard\libc_nano.a(lib_a-ctype_.o)
                0x0000000008004f33                _ctype_
 .rodata.__sf_fake_stderr
                0x0000000008005034       0x20 c:/st/stm32cubeide_1.3.0/stm32cubeide/plugins/com.st.stm32cube.ide.mcu.externaltools.gnu-tools-for-stm32.7-2018-q2-update.win32_1.0.0.201904181610/tools/bin/../lib/gcc/arm-none-eabi/7.3.1/../../../../arm-none-eabi/lib/thumb/v7e-m/fpv4-sp/hard\libc_nano.a(lib_a-findfp.o)
                0x0000000008005034                __sf_fake_stderr
 .rodata.__sf_fake_stdin
                0x0000000008005054       0x20 c:/st/stm32cubeide_1.3.0/stm32cubeide/plugins/com.st.stm32cube.ide.mcu.externaltools.gnu-tools-for-stm32.7-2018-q2-update.win32_1.0.0.201904181610/tools/bin/../lib/gcc/arm-none-eabi/7.3.1/../../../../arm-none-eabi/lib/thumb/v7e-m/fpv4-sp/hard\libc_nano.a(lib_a-findfp.o)
                0x0000000008005054                __sf_fake_stdin
 .rodata.__sf_fake_stdout
                0x0000000008005074       0x20 c:/st/stm32cubeide_1.3.0/stm32cubeide/plugins/com.st.stm32cube.ide.mcu.externaltools.gnu-tools-for-stm32.7-2018-q2-update.win32_1.0.0.201904181610/tools/bin/../lib/gcc/arm-none-eabi/7.3.1/../../../../arm-none-eabi/lib/thumb/v7e-m/fpv4-sp/hard\libc_nano.a(lib_a-findfp.o)
                0x0000000008005074                __sf_fake_stdout
                0x0000000008005094                . = ALIGN (0x4)

.ARM.extab      0x0000000008005094        0x0
                0x0000000008005094                . = ALIGN (0x4)
 *(.ARM.extab* .gnu.linkonce.armextab.*)
                0x0000000008005094                . = ALIGN (0x4)

.ARM            0x0000000008005094        0x8
                0x0000000008005094                . = ALIGN (0x4)
                0x0000000008005094                __exidx_start = .
 *(.ARM.exidx*)
 .ARM.exidx     0x0000000008005094        0x8 c:/st/stm32cubeide_1.3.0/stm32cubeide/plugins/com.st.stm32cube.ide.mcu.externaltools.gnu-tools-for-stm32.7-2018-q2-update.win32_1.0.0.201904181610/tools/bin/../lib/gcc/arm-none-eabi/7.3.1/thumb/v7e-m/fpv4-sp/hard\libgcc.a(_udivmoddi4.o)
                0x000000000800509c                __exidx_end = .
                0x000000000800509c                . = ALIGN (0x4)

.rel.dyn        0x000000000800509c        0x0
 .rel.iplt      0x000000000800509c        0x0 c:/st/stm32cubeide_1.3.0/stm32cubeide/plugins/com.st.stm32cube.ide.mcu.externaltools.gnu-tools-for-stm32.7-2018-q2-update.win32_1.0.0.201904181610/tools/bin/../lib/gcc/arm-none-eabi/7.3.1/thumb/v7e-m/fpv4-sp/hard/crtbegin.o

.preinit_array  0x000000000800509c        0x0
                0x000000000800509c                . = ALIGN (0x4)
                0x000000000800509c                PROVIDE (__preinit_array_start = .)
 *(.preinit_array*)
                0x000000000800509c                PROVIDE (__preinit_array_end = .)
                0x000000000800509c                . = ALIGN (0x4)

.init_array     0x000000000800509c        0x4
                0x000000000800509c                . = ALIGN (0x4)
                0x000000000800509c                PROVIDE (__init_array_start = .)
 *(SORT_BY_NAME(.init_array.*))
 *(.init_array*)
 .init_array    0x000000000800509c        0x4 c:/st/stm32cubeide_1.3.0/stm32cubeide/plugins/com.st.stm32cube.ide.mcu.externaltools.gnu-tools-for-stm32.7-2018-q2-update.win32_1.0.0.201904181610/tools/bin/../lib/gcc/arm-none-eabi/7.3.1/thumb/v7e-m/fpv4-sp/hard/crtbegin.o
                0x00000000080050a0                PROVIDE (__init_array_end = .)
                0x00000000080050a0                . = ALIGN (0x4)

.fini_array     0x00000000080050a0        0x4
                0x00000000080050a0                . = ALIGN (0x4)
                [!provide]                        PROVIDE (__fini_array_start = .)
 *(SORT_BY_NAME(.fini_array.*))
 *(.fini_array*)
 .fini_array    0x00000000080050a0        0x4 c:/st/stm32cubeide_1.3.0/stm32cubeide/plugins/com.st.stm32cube.ide.mcu.externaltools.gnu-tools-for-stm32.7-2018-q2-update.win32_1.0.0.201904181610/tools/bin/../lib/gcc/arm-none-eabi/7.3.1/thumb/v7e-m/fpv4-sp/hard/crtbegin.o
                [!provide]                        PROVIDE (__fini_array_end = .)
                0x00000000080050a4                . = ALIGN (0x4)
                0x00000000080050a4                _sidata = LOADADDR (.data)

.data           0x0000000020000000      0x2b4 load address 0x00000000080050a4
                0x0000000020000000                . = ALIGN (0x4)
                0x0000000020000000                _sdata = .
 *(.data)
 *(.data*)
 .data.cliMainMenu
                0x0000000020000000       0x48 Core/Src/OS/OS_CLI/cli.o
                0x0000000020000000                cliMainMenu
 .data.cliFlash
                0x0000000020000048       0x60 Core/Src/OS/OS_CLI/submenus/cli_flash.o
                0x0000000020000048                cliFlash
 .data.cliSystem
                0x00000000200000a8       0x30 Core/Src/OS/OS_CLI/submenus/cli_system.o
                0x00000000200000a8                cliSystem
 .data.SystemCoreClock
                0x00000000200000d8        0x4 Core/Src/system_stm32f4xx.o
                0x00000000200000d8                SystemCoreClock
 .data.uwTickFreq
                0x00000000200000dc        0x1 Drivers/STM32F4xx_HAL_Driver/Src/stm32f4xx_hal.o
                0x00000000200000dc                uwTickFreq
 *fill*         0x00000000200000dd        0x3 
 .data.uwTickPrio
                0x00000000200000e0        0x4 Drivers/STM32F4xx_HAL_Driver/Src/stm32f4xx_hal.o
                0x00000000200000e0                uwTickPrio
 .data._impure_ptr
                0x00000000200000e4        0x4 c:/st/stm32cubeide_1.3.0/stm32cubeide/plugins/com.st.stm32cube.ide.mcu.externaltools.gnu-tools-for-stm32.7-2018-q2-update.win32_1.0.0.201904181610/tools/bin/../lib/gcc/arm-none-eabi/7.3.1/../../../../arm-none-eabi/lib/thumb/v7e-m/fpv4-sp/hard\libc_nano.a(lib_a-impure.o)
                0x00000000200000e4                _impure_ptr
 .data.impure_data
                0x00000000200000e8       0x60 c:/st/stm32cubeide_1.3.0/stm32cubeide/plugins/com.st.stm32cube.ide.mcu.externaltools.gnu-tools-for-stm32.7-2018-q2-update.win32_1.0.0.201904181610/tools/bin/../lib/gcc/arm-none-eabi/7.3.1/../../../../arm-none-eabi/lib/thumb/v7e-m/fpv4-sp/hard\libc_nano.a(lib_a-impure.o)
 .data.__global_locale
                0x0000000020000148      0x16c c:/st/stm32cubeide_1.3.0/stm32cubeide/plugins/com.st.stm32cube.ide.mcu.externaltools.gnu-tools-for-stm32.7-2018-q2-update.win32_1.0.0.201904181610/tools/bin/../lib/gcc/arm-none-eabi/7.3.1/../../../../arm-none-eabi/lib/thumb/v7e-m/fpv4-sp/hard\libc_nano.a(lib_a-locale.o)
                0x0000000020000148                __global_locale
                0x00000000200002b4                . = ALIGN (0x4)
                0x00000000200002b4                _edata = .

.igot.plt       0x00000000200002b4        0x0 load address 0x0000000008005358
 .igot.plt      0x00000000200002b4        0x0 c:/st/stm32cubeide_1.3.0/stm32cubeide/plugins/com.st.stm32cube.ide.mcu.externaltools.gnu-tools-for-stm32.7-2018-q2-update.win32_1.0.0.201904181610/tools/bin/../lib/gcc/arm-none-eabi/7.3.1/thumb/v7e-m/fpv4-sp/hard/crtbegin.o
                0x00000000200002b4                . = ALIGN (0x4)

.bss            0x00000000200002b8    0x141b0 load address 0x0000000008005358
                0x00000000200002b8                _sbss = .
                0x00000000200002b8                __bss_start__ = _sbss
 *(.bss)
 .bss           0x00000000200002b8       0x1c c:/st/stm32cubeide_1.3.0/stm32cubeide/plugins/com.st.stm32cube.ide.mcu.externaltools.gnu-tools-for-stm32.7-2018-q2-update.win32_1.0.0.201904181610/tools/bin/../lib/gcc/arm-none-eabi/7.3.1/thumb/v7e-m/fpv4-sp/hard/crtbegin.o
 *(.bss*)
 .bss.argsStr   0x00000000200002d4        0x4 Core/Src/OS/OS_CLI/cli_internal.o
 .bss.cli_cmd_waiting_treatment
                0x00000000200002d8        0x1 Core/Src/OS/OS_CLI/cli_internal.o
                0x00000000200002d8                cli_cmd_waiting_treatment
 *fill*         0x00000000200002d9        0x3 
 .bss.currEl    0x00000000200002dc        0x4 Core/Src/OS/OS_CLI/cli_internal.o
 .bss.len       0x00000000200002e0        0x4 Core/Src/OS/OS_CLI/cli_internal.o
 .bss.c         0x00000000200002e4        0x1 Core/Src/OS/OS_CLI/cli_process.o
 .bss.cliBuffer
                0x00000000200002e5       0x80 Core/Src/OS/OS_CLI/cli_process.o
 .bss.os_init_done
                0x0000000020000365        0x1 Core/Src/OS/OS_Core/OS.o
 *fill*         0x0000000020000366        0x2 
 .bss.os_heap   0x0000000020000368    0x14000 Core/Src/OS/OS_Core/OS_Heap.o
 .bss.state     0x0000000020014368        0x1 Core/Src/OS/OS_Core/OS_Scheduler.o
 *fill*         0x0000000020014369        0x3 
 .bss.os_cur_task
                0x000000002001436c        0x4 Core/Src/OS/OS_Core/OS_Tasks.o
                0x000000002001436c                os_cur_task
 .bss.os_ticks_ms
                0x0000000020014370        0x4 Core/Src/OS/OS_Core/OS_Tick.o
 .bss.heap_end.6424
                0x0000000020014374        0x4 Core/Src/sysmem.o
 .bss.__malloc_free_list
                0x0000000020014378        0x4 c:/st/stm32cubeide_1.3.0/stm32cubeide/plugins/com.st.stm32cube.ide.mcu.externaltools.gnu-tools-for-stm32.7-2018-q2-update.win32_1.0.0.201904181610/tools/bin/../lib/gcc/arm-none-eabi/7.3.1/../../../../arm-none-eabi/lib/thumb/v7e-m/fpv4-sp/hard\libc_nano.a(lib_a-nano-mallocr.o)
                0x0000000020014378                __malloc_free_list
 .bss.__malloc_sbrk_start
                0x000000002001437c        0x4 c:/st/stm32cubeide_1.3.0/stm32cubeide/plugins/com.st.stm32cube.ide.mcu.externaltools.gnu-tools-for-stm32.7-2018-q2-update.win32_1.0.0.201904181610/tools/bin/../lib/gcc/arm-none-eabi/7.3.1/../../../../arm-none-eabi/lib/thumb/v7e-m/fpv4-sp/hard\libc_nano.a(lib_a-nano-mallocr.o)
                0x000000002001437c                __malloc_sbrk_start
 *(COMMON)
 COMMON         0x0000000020014380       0x1c Core/Src/OS/OS_Core/OS_Obj.o
                0x0000000020014380                os_obj_head
 COMMON         0x000000002001439c       0x24 Core/Src/OS/OS_Core/OS_Tasks.o
                0x000000002001439c                idle_task
                0x00000000200143a0                os_head
                0x00000000200143bc                main_task
 COMMON         0x00000000200143c0       0x40 Core/Src/tim.o
                0x00000000200143c0                htim13
 COMMON         0x0000000020014400       0x40 Core/Src/usart.o
                0x0000000020014400                huart3
 COMMON         0x0000000020014440        0x4 Drivers/STM32F4xx_HAL_Driver/Src/stm32f4xx_hal.o
                0x0000000020014440                uwTick
 COMMON         0x0000000020014444       0x20 Drivers/STM32F4xx_HAL_Driver/Src/stm32f4xx_hal_flash.o
                0x0000000020014444                pFlash
 COMMON         0x0000000020014464        0x4 c:/st/stm32cubeide_1.3.0/stm32cubeide/plugins/com.st.stm32cube.ide.mcu.externaltools.gnu-tools-for-stm32.7-2018-q2-update.win32_1.0.0.201904181610/tools/bin/../lib/gcc/arm-none-eabi/7.3.1/../../../../arm-none-eabi/lib/thumb/v7e-m/fpv4-sp/hard\libc_nano.a(lib_a-reent.o)
                0x0000000020014464                errno
                0x0000000020014468                . = ALIGN (0x4)
                0x0000000020014468                _ebss = .
                0x0000000020014468                __bss_end__ = _ebss

._user_heap_stack
                0x0000000020014468      0x600 load address 0x0000000008005358
                0x0000000020014468                . = ALIGN (0x8)
                0x0000000020014468                PROVIDE (end = .)
                [!provide]                        PROVIDE (_end = .)
                0x0000000020014868                . = (. + _Min_Heap_Size)
 *fill*         0x0000000020014468      0x400 
                0x0000000020014a68                . = (. + _Min_Stack_Size)
 *fill*         0x0000000020014868      0x200 
                0x0000000020014a68                . = ALIGN (0x8)

/DISCARD/
 libc.a(*)
 libm.a(*)
 libgcc.a(*)

.ARM.attributes
                0x0000000000000000       0x30
 *(.ARM.attributes)
 .ARM.attributes
                0x0000000000000000       0x22 c:/st/stm32cubeide_1.3.0/stm32cubeide/plugins/com.st.stm32cube.ide.mcu.externaltools.gnu-tools-for-stm32.7-2018-q2-update.win32_1.0.0.201904181610/tools/bin/../lib/gcc/arm-none-eabi/7.3.1/thumb/v7e-m/fpv4-sp/hard/crti.o
 .ARM.attributes
                0x0000000000000022       0x34 c:/st/stm32cubeide_1.3.0/stm32cubeide/plugins/com.st.stm32cube.ide.mcu.externaltools.gnu-tools-for-stm32.7-2018-q2-update.win32_1.0.0.201904181610/tools/bin/../lib/gcc/arm-none-eabi/7.3.1/thumb/v7e-m/fpv4-sp/hard/crtbegin.o
 .ARM.attributes
                0x0000000000000056       0x39 Core/Src/OS/OS_CLI/cli.o
 .ARM.attributes
                0x000000000000008f       0x39 Core/Src/OS/OS_CLI/cli_internal.o
 .ARM.attributes
                0x00000000000000c8       0x39 Core/Src/OS/OS_CLI/cli_process.o
 .ARM.attributes
                0x0000000000000101       0x39 Core/Src/OS/OS_CLI/submenus/cli_flash.o
 .ARM.attributes
                0x000000000000013a       0x39 Core/Src/OS/OS_CLI/submenus/cli_system.o
 .ARM.attributes
                0x0000000000000173       0x39 Core/Src/OS/OS_Core/OS.o
 .ARM.attributes
                0x00000000000001ac       0x39 Core/Src/OS/OS_Core/OS_Callbacks.o
 .ARM.attributes
                0x00000000000001e5       0x39 Core/Src/OS/OS_Core/OS_Heap.o
 .ARM.attributes
                0x000000000000021e       0x39 Core/Src/OS/OS_Core/OS_Internal.o
 .ARM.attributes
                0x0000000000000257       0x39 Core/Src/OS/OS_Core/OS_Obj.o
 .ARM.attributes
                0x0000000000000290       0x39 Core/Src/OS/OS_Core/OS_Scheduler.o
 .ARM.attributes
                0x00000000000002c9       0x39 Core/Src/OS/OS_Core/OS_Tasks.o
 .ARM.attributes
                0x0000000000000302       0x39 Core/Src/OS/OS_Core/OS_Tick.o
 .ARM.attributes
                0x000000000000033b       0x39 Core/Src/OS/OS_Drivers/OS_flash.o
 .ARM.attributes
                0x0000000000000374       0x39 Core/Src/gpio.o
 .ARM.attributes
                0x00000000000003ad       0x39 Core/Src/main.o
 .ARM.attributes
                0x00000000000003e6       0x39 Core/Src/stm32f4xx_hal_msp.o
 .ARM.attributes
                0x000000000000041f       0x39 Core/Src/stm32f4xx_it.o
 .ARM.attributes
                0x0000000000000458       0x39 Core/Src/syscalls.o
 .ARM.attributes
                0x0000000000000491       0x39 Core/Src/sysmem.o
 .ARM.attributes
                0x00000000000004ca       0x39 Core/Src/system_stm32f4xx.o
 .ARM.attributes
                0x0000000000000503       0x39 Core/Src/tim.o
 .ARM.attributes
                0x000000000000053c       0x39 Core/Src/usart.o
 .ARM.attributes
                0x0000000000000575       0x21 Core/Startup/startup_stm32f407vgtx.o
 .ARM.attributes
                0x0000000000000596       0x39 Drivers/STM32F4xx_HAL_Driver/Src/stm32f4xx_hal.o
 .ARM.attributes
                0x00000000000005cf       0x39 Drivers/STM32F4xx_HAL_Driver/Src/stm32f4xx_hal_cortex.o
 .ARM.attributes
                0x0000000000000608       0x39 Drivers/STM32F4xx_HAL_Driver/Src/stm32f4xx_hal_dma.o
 .ARM.attributes
                0x0000000000000641       0x39 Drivers/STM32F4xx_HAL_Driver/Src/stm32f4xx_hal_flash.o
 .ARM.attributes
                0x000000000000067a       0x39 Drivers/STM32F4xx_HAL_Driver/Src/stm32f4xx_hal_flash_ex.o
 .ARM.attributes
                0x00000000000006b3       0x39 Drivers/STM32F4xx_HAL_Driver/Src/stm32f4xx_hal_gpio.o
 .ARM.attributes
                0x00000000000006ec       0x39 Drivers/STM32F4xx_HAL_Driver/Src/stm32f4xx_hal_rcc.o
 .ARM.attributes
                0x0000000000000725       0x39 Drivers/STM32F4xx_HAL_Driver/Src/stm32f4xx_hal_tim.o
 .ARM.attributes
                0x000000000000075e       0x39 Drivers/STM32F4xx_HAL_Driver/Src/stm32f4xx_hal_uart.o
 .ARM.attributes
                0x0000000000000797       0x34 c:/st/stm32cubeide_1.3.0/stm32cubeide/plugins/com.st.stm32cube.ide.mcu.externaltools.gnu-tools-for-stm32.7-2018-q2-update.win32_1.0.0.201904181610/tools/bin/../lib/gcc/arm-none-eabi/7.3.1/../../../../arm-none-eabi/lib/thumb/v7e-m/fpv4-sp/hard\libc_nano.a(lib_a-errno.o)
 .ARM.attributes
                0x00000000000007cb       0x34 c:/st/stm32cubeide_1.3.0/stm32cubeide/plugins/com.st.stm32cube.ide.mcu.externaltools.gnu-tools-for-stm32.7-2018-q2-update.win32_1.0.0.201904181610/tools/bin/../lib/gcc/arm-none-eabi/7.3.1/../../../../arm-none-eabi/lib/thumb/v7e-m/fpv4-sp/hard\libc_nano.a(lib_a-impure.o)
 .ARM.attributes
                0x00000000000007ff       0x34 c:/st/stm32cubeide_1.3.0/stm32cubeide/plugins/com.st.stm32cube.ide.mcu.externaltools.gnu-tools-for-stm32.7-2018-q2-update.win32_1.0.0.201904181610/tools/bin/../lib/gcc/arm-none-eabi/7.3.1/../../../../arm-none-eabi/lib/thumb/v7e-m/fpv4-sp/hard\libc_nano.a(lib_a-init.o)
 .ARM.attributes
                0x0000000000000833       0x34 c:/st/stm32cubeide_1.3.0/stm32cubeide/plugins/com.st.stm32cube.ide.mcu.externaltools.gnu-tools-for-stm32.7-2018-q2-update.win32_1.0.0.201904181610/tools/bin/../lib/gcc/arm-none-eabi/7.3.1/../../../../arm-none-eabi/lib/thumb/v7e-m/fpv4-sp/hard\libc_nano.a(lib_a-locale.o)
 .ARM.attributes
                0x0000000000000867       0x34 c:/st/stm32cubeide_1.3.0/stm32cubeide/plugins/com.st.stm32cube.ide.mcu.externaltools.gnu-tools-for-stm32.7-2018-q2-update.win32_1.0.0.201904181610/tools/bin/../lib/gcc/arm-none-eabi/7.3.1/../../../../arm-none-eabi/lib/thumb/v7e-m/fpv4-sp/hard\libc_nano.a(lib_a-malloc.o)
 .ARM.attributes
                0x000000000000089b       0x34 c:/st/stm32cubeide_1.3.0/stm32cubeide/plugins/com.st.stm32cube.ide.mcu.externaltools.gnu-tools-for-stm32.7-2018-q2-update.win32_1.0.0.201904181610/tools/bin/../lib/gcc/arm-none-eabi/7.3.1/../../../../arm-none-eabi/lib/thumb/v7e-m/fpv4-sp/hard\libc_nano.a(lib_a-mbtowc_r.o)
 .ARM.attributes
                0x00000000000008cf       0x34 c:/st/stm32cubeide_1.3.0/stm32cubeide/plugins/com.st.stm32cube.ide.mcu.externaltools.gnu-tools-for-stm32.7-2018-q2-update.win32_1.0.0.201904181610/tools/bin/../lib/gcc/arm-none-eabi/7.3.1/../../../../arm-none-eabi/lib/thumb/v7e-m/fpv4-sp/hard\libc_nano.a(lib_a-memcpy-stub.o)
 .ARM.attributes
                0x0000000000000903       0x34 c:/st/stm32cubeide_1.3.0/stm32cubeide/plugins/com.st.stm32cube.ide.mcu.externaltools.gnu-tools-for-stm32.7-2018-q2-update.win32_1.0.0.201904181610/tools/bin/../lib/gcc/arm-none-eabi/7.3.1/../../../../arm-none-eabi/lib/thumb/v7e-m/fpv4-sp/hard\libc_nano.a(lib_a-memset.o)
 .ARM.attributes
                0x0000000000000937       0x34 c:/st/stm32cubeide_1.3.0/stm32cubeide/plugins/com.st.stm32cube.ide.mcu.externaltools.gnu-tools-for-stm32.7-2018-q2-update.win32_1.0.0.201904181610/tools/bin/../lib/gcc/arm-none-eabi/7.3.1/../../../../arm-none-eabi/lib/thumb/v7e-m/fpv4-sp/hard\libc_nano.a(lib_a-nano-freer.o)
 .ARM.attributes
                0x000000000000096b       0x34 c:/st/stm32cubeide_1.3.0/stm32cubeide/plugins/com.st.stm32cube.ide.mcu.externaltools.gnu-tools-for-stm32.7-2018-q2-update.win32_1.0.0.201904181610/tools/bin/../lib/gcc/arm-none-eabi/7.3.1/../../../../arm-none-eabi/lib/thumb/v7e-m/fpv4-sp/hard\libc_nano.a(lib_a-nano-mallocr.o)
 .ARM.attributes
                0x000000000000099f       0x34 c:/st/stm32cubeide_1.3.0/stm32cubeide/plugins/com.st.stm32cube.ide.mcu.externaltools.gnu-tools-for-stm32.7-2018-q2-update.win32_1.0.0.201904181610/tools/bin/../lib/gcc/arm-none-eabi/7.3.1/../../../../arm-none-eabi/lib/thumb/v7e-m/fpv4-sp/hard\libc_nano.a(lib_a-nano-vfprintf.o)
 .ARM.attributes
                0x00000000000009d3       0x34 c:/st/stm32cubeide_1.3.0/stm32cubeide/plugins/com.st.stm32cube.ide.mcu.externaltools.gnu-tools-for-stm32.7-2018-q2-update.win32_1.0.0.201904181610/tools/bin/../lib/gcc/arm-none-eabi/7.3.1/../../../../arm-none-eabi/lib/thumb/v7e-m/fpv4-sp/hard\libc_nano.a(lib_a-nano-vfprintf_i.o)
 .ARM.attributes
                0x0000000000000a07       0x34 c:/st/stm32cubeide_1.3.0/stm32cubeide/plugins/com.st.stm32cube.ide.mcu.externaltools.gnu-tools-for-stm32.7-2018-q2-update.win32_1.0.0.201904181610/tools/bin/../lib/gcc/arm-none-eabi/7.3.1/../../../../arm-none-eabi/lib/thumb/v7e-m/fpv4-sp/hard\libc_nano.a(lib_a-printf.o)
 .ARM.attributes
                0x0000000000000a3b       0x34 c:/st/stm32cubeide_1.3.0/stm32cubeide/plugins/com.st.stm32cube.ide.mcu.externaltools.gnu-tools-for-stm32.7-2018-q2-update.win32_1.0.0.201904181610/tools/bin/../lib/gcc/arm-none-eabi/7.3.1/../../../../arm-none-eabi/lib/thumb/v7e-m/fpv4-sp/hard\libc_nano.a(lib_a-sbrkr.o)
 .ARM.attributes
                0x0000000000000a6f       0x20 c:/st/stm32cubeide_1.3.0/stm32cubeide/plugins/com.st.stm32cube.ide.mcu.externaltools.gnu-tools-for-stm32.7-2018-q2-update.win32_1.0.0.201904181610/tools/bin/../lib/gcc/arm-none-eabi/7.3.1/../../../../arm-none-eabi/lib/thumb/v7e-m/fpv4-sp/hard\libc_nano.a(lib_a-strcmp.o)
 .ARM.attributes
                0x0000000000000a8f       0x1b c:/st/stm32cubeide_1.3.0/stm32cubeide/plugins/com.st.stm32cube.ide.mcu.externaltools.gnu-tools-for-stm32.7-2018-q2-update.win32_1.0.0.201904181610/tools/bin/../lib/gcc/arm-none-eabi/7.3.1/../../../../arm-none-eabi/lib/thumb/v7e-m/fpv4-sp/hard\libc_nano.a(lib_a-strlen.o)
 .ARM.attributes
                0x0000000000000aaa       0x34 c:/st/stm32cubeide_1.3.0/stm32cubeide/plugins/com.st.stm32cube.ide.mcu.externaltools.gnu-tools-for-stm32.7-2018-q2-update.win32_1.0.0.201904181610/tools/bin/../lib/gcc/arm-none-eabi/7.3.1/../../../../arm-none-eabi/lib/thumb/v7e-m/fpv4-sp/hard\libc_nano.a(lib_a-strtok.o)
 .ARM.attributes
                0x0000000000000ade       0x34 c:/st/stm32cubeide_1.3.0/stm32cubeide/plugins/com.st.stm32cube.ide.mcu.externaltools.gnu-tools-for-stm32.7-2018-q2-update.win32_1.0.0.201904181610/tools/bin/../lib/gcc/arm-none-eabi/7.3.1/../../../../arm-none-eabi/lib/thumb/v7e-m/fpv4-sp/hard\libc_nano.a(lib_a-strtok_r.o)
 .ARM.attributes
                0x0000000000000b12       0x34 c:/st/stm32cubeide_1.3.0/stm32cubeide/plugins/com.st.stm32cube.ide.mcu.externaltools.gnu-tools-for-stm32.7-2018-q2-update.win32_1.0.0.201904181610/tools/bin/../lib/gcc/arm-none-eabi/7.3.1/../../../../arm-none-eabi/lib/thumb/v7e-m/fpv4-sp/hard\libc_nano.a(lib_a-strtol.o)
 .ARM.attributes
                0x0000000000000b46       0x34 c:/st/stm32cubeide_1.3.0/stm32cubeide/plugins/com.st.stm32cube.ide.mcu.externaltools.gnu-tools-for-stm32.7-2018-q2-update.win32_1.0.0.201904181610/tools/bin/../lib/gcc/arm-none-eabi/7.3.1/../../../../arm-none-eabi/lib/thumb/v7e-m/fpv4-sp/hard\libc_nano.a(lib_a-vprintf.o)
 .ARM.attributes
                0x0000000000000b7a       0x34 c:/st/stm32cubeide_1.3.0/stm32cubeide/plugins/com.st.stm32cube.ide.mcu.externaltools.gnu-tools-for-stm32.7-2018-q2-update.win32_1.0.0.201904181610/tools/bin/../lib/gcc/arm-none-eabi/7.3.1/../../../../arm-none-eabi/lib/thumb/v7e-m/fpv4-sp/hard\libc_nano.a(lib_a-wbuf.o)
 .ARM.attributes
                0x0000000000000bae       0x34 c:/st/stm32cubeide_1.3.0/stm32cubeide/plugins/com.st.stm32cube.ide.mcu.externaltools.gnu-tools-for-stm32.7-2018-q2-update.win32_1.0.0.201904181610/tools/bin/../lib/gcc/arm-none-eabi/7.3.1/../../../../arm-none-eabi/lib/thumb/v7e-m/fpv4-sp/hard\libc_nano.a(lib_a-wctomb_r.o)
 .ARM.attributes
                0x0000000000000be2       0x34 c:/st/stm32cubeide_1.3.0/stm32cubeide/plugins/com.st.stm32cube.ide.mcu.externaltools.gnu-tools-for-stm32.7-2018-q2-update.win32_1.0.0.201904181610/tools/bin/../lib/gcc/arm-none-eabi/7.3.1/../../../../arm-none-eabi/lib/thumb/v7e-m/fpv4-sp/hard\libc_nano.a(lib_a-wsetup.o)
 .ARM.attributes
                0x0000000000000c16       0x34 c:/st/stm32cubeide_1.3.0/stm32cubeide/plugins/com.st.stm32cube.ide.mcu.externaltools.gnu-tools-for-stm32.7-2018-q2-update.win32_1.0.0.201904181610/tools/bin/../lib/gcc/arm-none-eabi/7.3.1/../../../../arm-none-eabi/lib/thumb/v7e-m/fpv4-sp/hard\libc_nano.a(lib_a-ctype_.o)
 .ARM.attributes
                0x0000000000000c4a       0x34 c:/st/stm32cubeide_1.3.0/stm32cubeide/plugins/com.st.stm32cube.ide.mcu.externaltools.gnu-tools-for-stm32.7-2018-q2-update.win32_1.0.0.201904181610/tools/bin/../lib/gcc/arm-none-eabi/7.3.1/../../../../arm-none-eabi/lib/thumb/v7e-m/fpv4-sp/hard\libc_nano.a(lib_a-fflush.o)
 .ARM.attributes
                0x0000000000000c7e       0x34 c:/st/stm32cubeide_1.3.0/stm32cubeide/plugins/com.st.stm32cube.ide.mcu.externaltools.gnu-tools-for-stm32.7-2018-q2-update.win32_1.0.0.201904181610/tools/bin/../lib/gcc/arm-none-eabi/7.3.1/../../../../arm-none-eabi/lib/thumb/v7e-m/fpv4-sp/hard\libc_nano.a(lib_a-findfp.o)
 .ARM.attributes
                0x0000000000000cb2       0x34 c:/st/stm32cubeide_1.3.0/stm32cubeide/plugins/com.st.stm32cube.ide.mcu.externaltools.gnu-tools-for-stm32.7-2018-q2-update.win32_1.0.0.201904181610/tools/bin/../lib/gcc/arm-none-eabi/7.3.1/../../../../arm-none-eabi/lib/thumb/v7e-m/fpv4-sp/hard\libc_nano.a(lib_a-fwalk.o)
 .ARM.attributes
                0x0000000000000ce6       0x34 c:/st/stm32cubeide_1.3.0/stm32cubeide/plugins/com.st.stm32cube.ide.mcu.externaltools.gnu-tools-for-stm32.7-2018-q2-update.win32_1.0.0.201904181610/tools/bin/../lib/gcc/arm-none-eabi/7.3.1/../../../../arm-none-eabi/lib/thumb/v7e-m/fpv4-sp/hard\libc_nano.a(lib_a-makebuf.o)
 .ARM.attributes
                0x0000000000000d1a       0x20 c:/st/stm32cubeide_1.3.0/stm32cubeide/plugins/com.st.stm32cube.ide.mcu.externaltools.gnu-tools-for-stm32.7-2018-q2-update.win32_1.0.0.201904181610/tools/bin/../lib/gcc/arm-none-eabi/7.3.1/../../../../arm-none-eabi/lib/thumb/v7e-m/fpv4-sp/hard\libc_nano.a(lib_a-memchr.o)
 .ARM.attributes
                0x0000000000000d3a       0x34 c:/st/stm32cubeide_1.3.0/stm32cubeide/plugins/com.st.stm32cube.ide.mcu.externaltools.gnu-tools-for-stm32.7-2018-q2-update.win32_1.0.0.201904181610/tools/bin/../lib/gcc/arm-none-eabi/7.3.1/../../../../arm-none-eabi/lib/thumb/v7e-m/fpv4-sp/hard\libc_nano.a(lib_a-mlock.o)
 .ARM.attributes
                0x0000000000000d6e       0x34 c:/st/stm32cubeide_1.3.0/stm32cubeide/plugins/com.st.stm32cube.ide.mcu.externaltools.gnu-tools-for-stm32.7-2018-q2-update.win32_1.0.0.201904181610/tools/bin/../lib/gcc/arm-none-eabi/7.3.1/../../../../arm-none-eabi/lib/thumb/v7e-m/fpv4-sp/hard\libc_nano.a(lib_a-reent.o)
 .ARM.attributes
                0x0000000000000da2       0x34 c:/st/stm32cubeide_1.3.0/stm32cubeide/plugins/com.st.stm32cube.ide.mcu.externaltools.gnu-tools-for-stm32.7-2018-q2-update.win32_1.0.0.201904181610/tools/bin/../lib/gcc/arm-none-eabi/7.3.1/../../../../arm-none-eabi/lib/thumb/v7e-m/fpv4-sp/hard\libc_nano.a(lib_a-stdio.o)
 .ARM.attributes
                0x0000000000000dd6       0x34 c:/st/stm32cubeide_1.3.0/stm32cubeide/plugins/com.st.stm32cube.ide.mcu.externaltools.gnu-tools-for-stm32.7-2018-q2-update.win32_1.0.0.201904181610/tools/bin/../lib/gcc/arm-none-eabi/7.3.1/../../../../arm-none-eabi/lib/thumb/v7e-m/fpv4-sp/hard\libc_nano.a(lib_a-writer.o)
 .ARM.attributes
                0x0000000000000e0a       0x34 c:/st/stm32cubeide_1.3.0/stm32cubeide/plugins/com.st.stm32cube.ide.mcu.externaltools.gnu-tools-for-stm32.7-2018-q2-update.win32_1.0.0.201904181610/tools/bin/../lib/gcc/arm-none-eabi/7.3.1/../../../../arm-none-eabi/lib/thumb/v7e-m/fpv4-sp/hard\libc_nano.a(lib_a-closer.o)
 .ARM.attributes
                0x0000000000000e3e       0x34 c:/st/stm32cubeide_1.3.0/stm32cubeide/plugins/com.st.stm32cube.ide.mcu.externaltools.gnu-tools-for-stm32.7-2018-q2-update.win32_1.0.0.201904181610/tools/bin/../lib/gcc/arm-none-eabi/7.3.1/../../../../arm-none-eabi/lib/thumb/v7e-m/fpv4-sp/hard\libc_nano.a(lib_a-fstatr.o)
 .ARM.attributes
                0x0000000000000e72       0x34 c:/st/stm32cubeide_1.3.0/stm32cubeide/plugins/com.st.stm32cube.ide.mcu.externaltools.gnu-tools-for-stm32.7-2018-q2-update.win32_1.0.0.201904181610/tools/bin/../lib/gcc/arm-none-eabi/7.3.1/../../../../arm-none-eabi/lib/thumb/v7e-m/fpv4-sp/hard\libc_nano.a(lib_a-isattyr.o)
 .ARM.attributes
                0x0000000000000ea6       0x34 c:/st/stm32cubeide_1.3.0/stm32cubeide/plugins/com.st.stm32cube.ide.mcu.externaltools.gnu-tools-for-stm32.7-2018-q2-update.win32_1.0.0.201904181610/tools/bin/../lib/gcc/arm-none-eabi/7.3.1/../../../../arm-none-eabi/lib/thumb/v7e-m/fpv4-sp/hard\libc_nano.a(lib_a-lseekr.o)
 .ARM.attributes
                0x0000000000000eda       0x34 c:/st/stm32cubeide_1.3.0/stm32cubeide/plugins/com.st.stm32cube.ide.mcu.externaltools.gnu-tools-for-stm32.7-2018-q2-update.win32_1.0.0.201904181610/tools/bin/../lib/gcc/arm-none-eabi/7.3.1/../../../../arm-none-eabi/lib/thumb/v7e-m/fpv4-sp/hard\libc_nano.a(lib_a-readr.o)
 .ARM.attributes
                0x0000000000000f0e       0x22 c:/st/stm32cubeide_1.3.0/stm32cubeide/plugins/com.st.stm32cube.ide.mcu.externaltools.gnu-tools-for-stm32.7-2018-q2-update.win32_1.0.0.201904181610/tools/bin/../lib/gcc/arm-none-eabi/7.3.1/thumb/v7e-m/fpv4-sp/hard\libgcc.a(_aeabi_uldivmod.o)
 .ARM.attributes
                0x0000000000000f30       0x34 c:/st/stm32cubeide_1.3.0/stm32cubeide/plugins/com.st.stm32cube.ide.mcu.externaltools.gnu-tools-for-stm32.7-2018-q2-update.win32_1.0.0.201904181610/tools/bin/../lib/gcc/arm-none-eabi/7.3.1/thumb/v7e-m/fpv4-sp/hard\libgcc.a(_udivmoddi4.o)
 .ARM.attributes
                0x0000000000000f64       0x22 c:/st/stm32cubeide_1.3.0/stm32cubeide/plugins/com.st.stm32cube.ide.mcu.externaltools.gnu-tools-for-stm32.7-2018-q2-update.win32_1.0.0.201904181610/tools/bin/../lib/gcc/arm-none-eabi/7.3.1/thumb/v7e-m/fpv4-sp/hard\libgcc.a(_dvmd_tls.o)
 .ARM.attributes
                0x0000000000000f86       0x22 c:/st/stm32cubeide_1.3.0/stm32cubeide/plugins/com.st.stm32cube.ide.mcu.externaltools.gnu-tools-for-stm32.7-2018-q2-update.win32_1.0.0.201904181610/tools/bin/../lib/gcc/arm-none-eabi/7.3.1/thumb/v7e-m/fpv4-sp/hard/crtn.o

.lfs            0x0000000008005358    0xfaca8
                0x0000000008040000                . = ((ORIGIN (FLASH) + LENGTH (FLASH)) - _LFS_SIZE)
 *fill*         0x0000000008005358    0x3aca8 
                0x0000000008040000                . = ALIGN (0x8)
                0x0000000008040000                _slfs = .
                0x0000000008040000                __lfs_start = _slfs
                0x0000000008100000                . = (. + _LFS_SIZE)
 *fill*         0x0000000008040000    0xc0000 
                0x0000000008100000                . = ALIGN (0x8)
                0x0000000008100000                _elfs = .
                0x0000000008100000                __lfs_end = .
OUTPUT(My_Kernel.elf elf32-littlearm)

.comment        0x0000000000000000       0x7b
 .comment       0x0000000000000000       0x7b Core/Src/OS/OS_CLI/cli.o
                                         0x7c (size before relaxing)
 .comment       0x000000000000007b       0x7c Core/Src/OS/OS_CLI/cli_internal.o
 .comment       0x000000000000007b       0x7c Core/Src/OS/OS_CLI/cli_process.o
 .comment       0x000000000000007b       0x7c Core/Src/OS/OS_CLI/submenus/cli_flash.o
 .comment       0x000000000000007b       0x7c Core/Src/OS/OS_CLI/submenus/cli_system.o
 .comment       0x000000000000007b       0x7c Core/Src/OS/OS_Core/OS.o
 .comment       0x000000000000007b       0x7c Core/Src/OS/OS_Core/OS_Callbacks.o
 .comment       0x000000000000007b       0x7c Core/Src/OS/OS_Core/OS_Heap.o
 .comment       0x000000000000007b       0x7c Core/Src/OS/OS_Core/OS_Internal.o
 .comment       0x000000000000007b       0x7c Core/Src/OS/OS_Core/OS_Obj.o
 .comment       0x000000000000007b       0x7c Core/Src/OS/OS_Core/OS_Scheduler.o
 .comment       0x000000000000007b       0x7c Core/Src/OS/OS_Core/OS_Tasks.o