lfs.c:270:20:lfs_pair_isnull	0	static
lfs.c:274:19:lfs_pair_cmp	8	static
lfs.c:347:26:lfs_tag_dsize	0	static
lfs.c:367:20:lfs_gstate_xor	8	static
lfs.c:373:20:lfs_gstate_iszero	0	static
lfs.c:396:20:lfs_gstate_hasmovehere	8	static
lfs.c:449:13:lfs_mlist_isopen	0	static
lfs.c:527:12:lfs_alloc_lookahead	8	static
lfs.c:735:12:lfs_dir_traverse_filter	12	static
lfs.c:1700:12:lfs_dir_commit_size	8	static
lfs.c:4623:12:lfs_fs_size_count	0	static
lfs.c:4014:12:lfs_deinit	8	static
lfs.c:37:20:lfs_cache_zero.isra.17	8	static
lfs.c:3905:12:lfs_init	16	static
lfs.c:253:12:lfs_bd_erase.isra.18	8	static
lfs.c:4428:12:lfs_fs_preporphans.isra.20	8	static
lfs.c:2642:12:lfs_ctz_index.isra.22	24	static
lfs.c:43:12:lfs_bd_read.isra.23	56	static
lfs.c:604:19:lfs_dir_getslice	72	static
lfs.c:666:19:lfs_dir_get	24	static
lfs.c:1240:12:lfs_dir_getgstate	40	static
lfs.c:4378:12:lfs_fs_parent_match	40	static
lfs.c:995:19:lfs_dir_fetchmatch	128	static
lfs.c:4399:19:lfs_fs_parent	64	static
lfs.c:1232:12:lfs_dir_fetch	24	static
lfs.c:4343:12:lfs_fs_pred	24	static
lfs.c:1322:19:lfs_dir_find	88	static
lfs.c:2789:12:lfs_ctz_traverse.part.25	64	static
lfs.c:1258:12:lfs_dir_getinfo.part.34	40	static
lfs.c:2655:12:lfs_ctz_find.constprop	72	static
lfs.c:673:12:lfs_dir_getread.part.26.constprop	64	static
lfs.c:3244:20:lfs_file_flushedread	56	static
lfs.c:795:12:lfs_dir_traverse.constprop	208	static
lfs.c:126:12:lfs_bd_cmp.constprop	64	static
lfs.c:1298:12:lfs_dir_find_match	32	static
lfs.c:154:12:lfs_bd_flush	48	static
lfs.c:205:12:lfs_bd_prog	48	static
lfs.c:1434:12:lfs_dir_commitprog	40	static
lfs.c:1451:12:lfs_dir_commitattr	72	static
lfs.c:1717:12:lfs_dir_commit_commit	0	static
lfs.c:1498:12:lfs_dir_commitcrc	88	static
lfs.c:4244:5:lfs_fs_rawtraverse	96	static
lfs.c:556:12:lfs_alloc	32	static
lfs.c:1600:12:lfs_dir_alloc	32	static
lfs.c:3027:12:lfs_file_relocate	64	static
lfs.c:1737:12:lfs_dir_compact	144	static
lfs.c:1665:12:lfs_dir_split	80	static
lfs.c:4630:20:lfs_fs_rawsize	16	static
lfs.c:2006:12:lfs_dir_relocatingcommit	128	static
lfs.c:3324:20:lfs_file_flushedwrite	96	static
lfs.c:3111:12:lfs_file_flush	128	static
lfs.c:3456:19:lfs_file_rawseek	32	static
lfs.c:2177:12:lfs_dir_orphaningcommit	184	static
lfs.c:4481:12:lfs_fs_deorphan.part.29	184	static
lfs.c:2370:12:lfs_dir_commit	8	static
lfs.c:4608:12:lfs_fs_forceconsistency	72	static
lfs.c:1644:12:lfs_dir_drop	24	static
lfs.c:3863:12:lfs_commitattr	72	static
lfs.c:3192:12:lfs_file_rawsync	40	static
lfs.c:3007:12:lfs_file_rawclose	16	static
lfs.c:2834:12:lfs_file_rawopencfg	72	static
lfs.c:3412:20:lfs_file_rawwrite	40	static
lfs.c:5302:5:lfs_format	104	static
lfs.c:5361:5:lfs_unmount	0	static
lfs.c:5332:5:lfs_mount	120	static
lfs.c:5376:5:lfs_remove	120	static
lfs.c:5392:5:lfs_rename	224	static
lfs.c:5407:5:lfs_stat	56	static
lfs.c:5421:13:lfs_getattr	64	static
lfs.c:5438:5:lfs_setattr	8	static
lfs.c:5456:5:lfs_removeattr	16	static
lfs.c:5472:5:lfs_file_open	24	static
lfs.c:5489:5:lfs_file_opencfg	16	static
lfs.c:5509:5:lfs_file_close	8	static
lfs.c:5525:5:lfs_file_sync	8	static
lfs.c:5541:13:lfs_file_read	24	static
lfs.c:5559:13:lfs_file_write	16	static
lfs.c:5577:12:lfs_file_seek	16	static
lfs.c:5595:5:lfs_file_truncate	48	static
lfs.c:5612:12:lfs_file_tell	8	static
lfs.c:5627:5:lfs_file_rewind	8	static
lfs.c:5641:12:lfs_file_size	8	static
lfs.c:5657:5:lfs_mkdir	184	static
lfs.c:5672:5:lfs_dir_open	48	static
lfs.c:5687:5:lfs_dir_close	0	static
lfs.c:5701:5:lfs_dir_read	32	static
lfs.c:5716:5:lfs_dir_seek	32	static
lfs.c:5731:12:lfs_dir_tell	0	static
lfs.c:5745:5:lfs_dir_rewind	8	static
lfs.c:5759:13:lfs_fs_size	0	static
lfs.c:5773:5:lfs_fs_traverse	0	static
