lfs_util.h:108:24:lfs_max	16	static
lfs_util.h:112:24:lfs_min	16	static
lfs_util.h:117:24:lfs_aligndown	16	static
lfs_util.h:121:24:lfs_alignup	16	static
lfs_util.h:126:24:lfs_npw2	16	static
lfs_util.h:143:24:lfs_ctz	16	static
lfs_util.h:152:24:lfs_popc	16	static
lfs_util.h:164:19:lfs_scmp	16	static
lfs_util.h:169:24:lfs_fromle32	16	static
lfs_util.h:188:24:lfs_tole32	16	static
lfs_util.h:193:24:lfs_frombe32	16	static
lfs_util.h:212:24:lfs_tobe32	16	static
lfs_util.h:221:21:lfs_malloc	16	static
lfs_util.h:231:20:lfs_free	16	static
lfs.c:30:20:lfs_cache_drop	16	static
lfs.c:37:20:lfs_cache_zero	16	static
lfs.c:43:12:lfs_bd_read	56	static
lfs.c:126:12:lfs_bd_cmp	64	static
lfs.c:154:12:lfs_bd_flush	64	static
lfs.c:189:12:lfs_bd_sync	32	static
lfs.c:205:12:lfs_bd_prog	40	static
lfs.c:253:12:lfs_bd_erase	24	static
lfs.c:264:20:lfs_pair_swap	24	static
lfs.c:270:20:lfs_pair_isnull	16	static
lfs.c:274:19:lfs_pair_cmp	16	static
lfs.c:282:20:lfs_pair_sync	16	static
lfs.c:290:20:lfs_pair_fromle32	24	static
lfs.c:296:20:lfs_pair_tole32	24	static
lfs.c:315:20:lfs_tag_isvalid	16	static
lfs.c:319:20:lfs_tag_isdelete	16	static
lfs.c:323:24:lfs_tag_type1	16	static
lfs.c:327:24:lfs_tag_type3	16	static
lfs.c:331:23:lfs_tag_chunk	16	static
lfs.c:335:22:lfs_tag_splice	16	static
lfs.c:339:24:lfs_tag_id	16	static
lfs.c:343:26:lfs_tag_size	16	static
lfs.c:347:26:lfs_tag_dsize	16	static
lfs.c:367:20:lfs_gstate_xor	24	static
lfs.c:373:20:lfs_gstate_iszero	24	static
lfs.c:383:20:lfs_gstate_hasorphans	16	static
lfs.c:387:23:lfs_gstate_getorphans	16	static
lfs.c:391:20:lfs_gstate_hasmove	16	static
lfs.c:396:20:lfs_gstate_hasmovehere	16	static
lfs.c:401:20:lfs_gstate_fromle32	16	static
lfs.c:408:20:lfs_gstate_tole32	16	static
lfs.c:416:13:lfs_ctz_fromle32	16	static
lfs.c:422:13:lfs_ctz_tole32	16	static
lfs.c:428:20:lfs_superblock_fromle32	16	static
lfs.c:438:20:lfs_superblock_tole32	16	static
lfs.c:449:13:lfs_mlist_isopen	24	static
lfs.c:461:13:lfs_mlist_remove	24	static
lfs.c:470:13:lfs_mlist_append	16	static
lfs.c:527:12:lfs_alloc_lookahead	24	static
lfs.c:543:13:lfs_alloc_ack	16	static
lfs.c:549:13:lfs_alloc_drop	16	static
lfs.c:556:12:lfs_alloc	32	static
lfs.c:604:19:lfs_dir_getslice	72	static
lfs.c:666:19:lfs_dir_get	40	static
lfs.c:673:12:lfs_dir_getread	56	static
lfs.c:735:12:lfs_dir_traverse_filter	40	static
lfs.c:795:12:lfs_dir_traverse	216	static
lfs.c:995:19:lfs_dir_fetchmatch	136	static
lfs.c:1232:12:lfs_dir_fetch	40	static
lfs.c:1240:12:lfs_dir_getgstate	48	static
lfs.c:1258:12:lfs_dir_getinfo	48	static
lfs.c:1298:12:lfs_dir_find_match	72	static
lfs.c:1322:19:lfs_dir_find	88	static
lfs.c:1434:12:lfs_dir_commitprog	56	static
lfs.c:1451:12:lfs_dir_commitattr	72	static
lfs.c:1498:12:lfs_dir_commitcrc	104	static
lfs.c:1600:12:lfs_dir_alloc	48	static
lfs.c:1644:12:lfs_dir_drop	40	static
lfs.c:1665:12:lfs_dir_split	80	static
lfs.c:1700:12:lfs_dir_commit_size	32	static
lfs.c:1717:12:lfs_dir_commit_commit	32	static
lfs.c:1724:13:lfs_dir_needsrelocation	16	static
lfs.c:1737:12:lfs_dir_compact	136	static
lfs.c:1910:12:lfs_dir_splittingcompact	104	static
lfs.c:2006:12:lfs_dir_relocatingcommit	160	static
lfs.c:2177:12:lfs_dir_orphaningcommit	216	static
lfs.c:2370:12:lfs_dir_commit	32	static
lfs.c:2394:12:lfs_rawmkdir	192	static
lfs.c:2490:12:lfs_dir_rawopen	64	static
lfs.c:2534:12:lfs_dir_rawclose	16	static
lfs.c:2541:12:lfs_dir_rawread	32	static
lfs.c:2586:12:lfs_dir_rawseek	32	static
lfs.c:2623:19:lfs_dir_rawtell	16	static
lfs.c:2628:12:lfs_dir_rawrewind	24	static
lfs.c:2642:12:lfs_ctz_index	40	static
lfs.c:2655:12:lfs_ctz_find	72	static
lfs.c:2690:12:lfs_ctz_extend	80	static
lfs.c:2789:12:lfs_ctz_traverse	72	static
lfs.c:2834:12:lfs_file_rawopencfg	96	static
lfs.c:3000:12:lfs_file_rawopen	40	static
lfs.c:3007:12:lfs_file_rawclose	24	static
lfs.c:3027:12:lfs_file_relocate	64	static
lfs.c:3098:12:lfs_file_outline	24	static
lfs.c:3111:12:lfs_file_flush	136	static
lfs.c:3192:12:lfs_file_rawsync	56	static
lfs.c:3244:20:lfs_file_flushedread	80	static
lfs.c:3305:20:lfs_file_rawread	32	static
lfs.c:3324:20:lfs_file_flushedwrite	80	static
lfs.c:3412:20:lfs_file_rawwrite	48	static
lfs.c:3456:19:lfs_file_rawseek	56	static
lfs.c:3520:12:lfs_file_rawtruncate	72	static
lfs.c:3576:19:lfs_file_rawtell	16	static
lfs.c:3581:12:lfs_file_rawrewind	24	static
lfs.c:3590:19:lfs_file_rawsize	16	static
lfs.c:3604:12:lfs_rawstat	64	static
lfs.c:3615:12:lfs_rawremove	128	static
lfs.c:3694:12:lfs_rawrename	232	static
lfs.c:3829:20:lfs_rawgetattr	88	static
lfs.c:3863:12:lfs_commitattr	80	static
lfs.c:3887:12:lfs_rawsetattr	32	static
lfs.c:3898:12:lfs_rawremoveattr	32	static
lfs.c:3905:12:lfs_init	24	static
lfs.c:4014:12:lfs_deinit	16	static
lfs.c:4032:12:lfs_rawformat	112	static
lfs.c:4097:12:lfs_rawmount	120	static
lfs.c:4238:12:lfs_rawunmount	16	static
lfs.c:4244:5:lfs_fs_rawtraverse	128	static
lfs.c:4343:12:lfs_fs_pred	32	static
lfs.c:4378:12:lfs_fs_parent_match	72	static
lfs.c:4399:19:lfs_fs_parent	64	static
lfs.c:4428:12:lfs_fs_preporphans	24	static
lfs.c:4439:13:lfs_fs_prepmove	24	static
lfs.c:4449:12:lfs_fs_demove	88	static
lfs.c:4481:12:lfs_fs_deorphan	192	static
lfs.c:4608:12:lfs_fs_forceconsistency	24	static
lfs.c:4623:12:lfs_fs_size_count	24	static
lfs.c:4630:20:lfs_fs_rawsize	24	static
lfs.c:5302:5:lfs_format	24	static
lfs.c:5332:5:lfs_mount	24	static
lfs.c:5361:5:lfs_unmount	24	static
lfs.c:5376:5:lfs_remove	24	static
lfs.c:5392:5:lfs_rename	32	static
lfs.c:5407:5:lfs_stat	32	static
lfs.c:5421:13:lfs_getattr	40	static
lfs.c:5438:5:lfs_setattr	40	static
lfs.c:5456:5:lfs_removeattr	32	static
lfs.c:5472:5:lfs_file_open	32	static
lfs.c:5489:5:lfs_file_opencfg	40	static
lfs.c:5509:5:lfs_file_close	24	static
lfs.c:5525:5:lfs_file_sync	24	static
lfs.c:5541:13:lfs_file_read	32	static
lfs.c:5559:13:lfs_file_write	32	static
lfs.c:5577:12:lfs_file_seek	32	static
lfs.c:5595:5:lfs_file_truncate	32	static
lfs.c:5612:12:lfs_file_tell	24	static
lfs.c:5627:5:lfs_file_rewind	24	static
lfs.c:5641:12:lfs_file_size	24	static
lfs.c:5657:5:lfs_mkdir	24	static
lfs.c:5672:5:lfs_dir_open	32	static
lfs.c:5687:5:lfs_dir_close	24	static
lfs.c:5701:5:lfs_dir_read	32	static
lfs.c:5716:5:lfs_dir_seek	32	static
lfs.c:5731:12:lfs_dir_tell	24	static
lfs.c:5745:5:lfs_dir_rewind	24	static
lfs.c:5759:13:lfs_fs_size	24	static
lfs.c:5773:5:lfs_fs_traverse	32	static
